Archive member included to satisfy reference by file (symbol)

D:/Program Files/STM32CubeIDE_1.19.0/STM32CubeIDE/plugins/com.st.stm32cube.ide.mcu.externaltools.gnu-tools-for-stm32.13.3.rel1.win32_1.0.0.202411081344/tools/bin/../lib/gcc/arm-none-eabi/13.3.1/../../../../arm-none-eabi/lib/thumb/v7-m/nofp\libc_nano.a(libc_a-exit.o)
                              D:/Program Files/STM32CubeIDE_1.19.0/STM32CubeIDE/plugins/com.st.stm32cube.ide.mcu.externaltools.gnu-tools-for-stm32.13.3.rel1.win32_1.0.0.202411081344/tools/bin/../lib/gcc/arm-none-eabi/13.3.1/../../../../arm-none-eabi/lib/thumb/v7-m/nofp/crt0.o (exit)
D:/Program Files/STM32CubeIDE_1.19.0/STM32CubeIDE/plugins/com.st.stm32cube.ide.mcu.externaltools.gnu-tools-for-stm32.13.3.rel1.win32_1.0.0.202411081344/tools/bin/../lib/gcc/arm-none-eabi/13.3.1/../../../../arm-none-eabi/lib/thumb/v7-m/nofp\libc_nano.a(libc_a-findfp.o)
                              D:/Program Files/STM32CubeIDE_1.19.0/STM32CubeIDE/plugins/com.st.stm32cube.ide.mcu.externaltools.gnu-tools-for-stm32.13.3.rel1.win32_1.0.0.202411081344/tools/bin/../lib/gcc/arm-none-eabi/13.3.1/../../../../arm-none-eabi/lib/thumb/v7-m/nofp\libc_nano.a(libc_a-exit.o) (__stdio_exit_handler)
D:/Program Files/STM32CubeIDE_1.19.0/STM32CubeIDE/plugins/com.st.stm32cube.ide.mcu.externaltools.gnu-tools-for-stm32.13.3.rel1.win32_1.0.0.202411081344/tools/bin/../lib/gcc/arm-none-eabi/13.3.1/../../../../arm-none-eabi/lib/thumb/v7-m/nofp\libc_nano.a(libc_a-fwalk.o)
                              D:/Program Files/STM32CubeIDE_1.19.0/STM32CubeIDE/plugins/com.st.stm32cube.ide.mcu.externaltools.gnu-tools-for-stm32.13.3.rel1.win32_1.0.0.202411081344/tools/bin/../lib/gcc/arm-none-eabi/13.3.1/../../../../arm-none-eabi/lib/thumb/v7-m/nofp\libc_nano.a(libc_a-findfp.o) (_fwalk_sglue)
D:/Program Files/STM32CubeIDE_1.19.0/STM32CubeIDE/plugins/com.st.stm32cube.ide.mcu.externaltools.gnu-tools-for-stm32.13.3.rel1.win32_1.0.0.202411081344/tools/bin/../lib/gcc/arm-none-eabi/13.3.1/../../../../arm-none-eabi/lib/thumb/v7-m/nofp\libc_nano.a(libc_a-stdio.o)
                              D:/Program Files/STM32CubeIDE_1.19.0/STM32CubeIDE/plugins/com.st.stm32cube.ide.mcu.externaltools.gnu-tools-for-stm32.13.3.rel1.win32_1.0.0.202411081344/tools/bin/../lib/gcc/arm-none-eabi/13.3.1/../../../../arm-none-eabi/lib/thumb/v7-m/nofp\libc_nano.a(libc_a-findfp.o) (__sread)
D:/Program Files/STM32CubeIDE_1.19.0/STM32CubeIDE/plugins/com.st.stm32cube.ide.mcu.externaltools.gnu-tools-for-stm32.13.3.rel1.win32_1.0.0.202411081344/tools/bin/../lib/gcc/arm-none-eabi/13.3.1/../../../../arm-none-eabi/lib/thumb/v7-m/nofp\libc_nano.a(libc_a-memset.o)
                              D:/Program Files/STM32CubeIDE_1.19.0/STM32CubeIDE/plugins/com.st.stm32cube.ide.mcu.externaltools.gnu-tools-for-stm32.13.3.rel1.win32_1.0.0.202411081344/tools/bin/../lib/gcc/arm-none-eabi/13.3.1/../../../../arm-none-eabi/lib/thumb/v7-m/nofp/crt0.o (memset)
D:/Program Files/STM32CubeIDE_1.19.0/STM32CubeIDE/plugins/com.st.stm32cube.ide.mcu.externaltools.gnu-tools-for-stm32.13.3.rel1.win32_1.0.0.202411081344/tools/bin/../lib/gcc/arm-none-eabi/13.3.1/../../../../arm-none-eabi/lib/thumb/v7-m/nofp\libc_nano.a(libc_a-closer.o)
                              D:/Program Files/STM32CubeIDE_1.19.0/STM32CubeIDE/plugins/com.st.stm32cube.ide.mcu.externaltools.gnu-tools-for-stm32.13.3.rel1.win32_1.0.0.202411081344/tools/bin/../lib/gcc/arm-none-eabi/13.3.1/../../../../arm-none-eabi/lib/thumb/v7-m/nofp\libc_nano.a(libc_a-stdio.o) (_close_r)
D:/Program Files/STM32CubeIDE_1.19.0/STM32CubeIDE/plugins/com.st.stm32cube.ide.mcu.externaltools.gnu-tools-for-stm32.13.3.rel1.win32_1.0.0.202411081344/tools/bin/../lib/gcc/arm-none-eabi/13.3.1/../../../../arm-none-eabi/lib/thumb/v7-m/nofp\libc_nano.a(libc_a-reent.o)
                              D:/Program Files/STM32CubeIDE_1.19.0/STM32CubeIDE/plugins/com.st.stm32cube.ide.mcu.externaltools.gnu-tools-for-stm32.13.3.rel1.win32_1.0.0.202411081344/tools/bin/../lib/gcc/arm-none-eabi/13.3.1/../../../../arm-none-eabi/lib/thumb/v7-m/nofp\libc_nano.a(libc_a-closer.o) (errno)
D:/Program Files/STM32CubeIDE_1.19.0/STM32CubeIDE/plugins/com.st.stm32cube.ide.mcu.externaltools.gnu-tools-for-stm32.13.3.rel1.win32_1.0.0.202411081344/tools/bin/../lib/gcc/arm-none-eabi/13.3.1/../../../../arm-none-eabi/lib/thumb/v7-m/nofp\libc_nano.a(libc_a-impure.o)
                              D:/Program Files/STM32CubeIDE_1.19.0/STM32CubeIDE/plugins/com.st.stm32cube.ide.mcu.externaltools.gnu-tools-for-stm32.13.3.rel1.win32_1.0.0.202411081344/tools/bin/../lib/gcc/arm-none-eabi/13.3.1/../../../../arm-none-eabi/lib/thumb/v7-m/nofp\libc_nano.a(libc_a-reent.o) (_impure_ptr)
D:/Program Files/STM32CubeIDE_1.19.0/STM32CubeIDE/plugins/com.st.stm32cube.ide.mcu.externaltools.gnu-tools-for-stm32.13.3.rel1.win32_1.0.0.202411081344/tools/bin/../lib/gcc/arm-none-eabi/13.3.1/../../../../arm-none-eabi/lib/thumb/v7-m/nofp\libc_nano.a(libc_a-lseekr.o)
[...]
Memory Configuration

Name             Origin             Length             Attributes
RAM              0x20000000         0x00002800         xrw
FLASH            0x08000000         0x00008000         xr
*default*        0x00000000         0xffffffff

Linker script and memory map

LOAD D:/Program Files/STM32CubeIDE_1.19.0/STM32CubeIDE/plugins/com.st.stm32cube.ide.mcu.externaltools.gnu-tools-for-stm32.13.3.rel1.win32_1.0.0.202411081344/tools/bin/../lib/gcc/arm-none-eabi/13.3.1/thumb/v7-m/nofp/crti.o
LOAD D:/Program Files/STM32CubeIDE_1.19.0/STM32CubeIDE/plugins/com.st.stm32cube.ide.mcu.externaltools.gnu-tools-for-stm32.13.3.rel1.win32_1.0.0.202411081344/tools/bin/../lib/gcc/arm-none-eabi/13.3.1/thumb/v7-m/nofp/crtbegin.o
LOAD D:/Program Files/STM32CubeIDE_1.19.0/STM32CubeIDE/plugins/com.st.stm32cube.ide.mcu.externaltools.gnu-tools-for-stm32.13.3.rel1.win32_1.0.0.202411081344/tools/bin/../lib/gcc/arm-none-eabi/13.3.1/../../../../arm-none-eabi/lib/thumb/v7-m/nofp/crt0.o
LOAD ./Core/Src/main.o
LOAD ./Core/Src/stm32f1xx_hal_msp.o
LOAD ./Core/Src/stm32f1xx_it.o
LOAD ./Core/Src/syscalls.o
LOAD ./Core/Src/sysmem.o
LOAD ./Core/Src/system_stm32f1xx.o
LOAD ./Core/Startup/startup_stm32f103c6tx.o
LOAD ./Drivers/STM32F1xx_HAL_Driver/Src/stm32f1xx_hal.o
LOAD ./Drivers/STM32F1xx_HAL_Driver/Src/stm32f1xx_hal_adc.o
LOAD ./Drivers/STM32F1xx_HAL_Driver/Src/stm32f1xx_hal_adc_ex.o
LOAD ./Drivers/STM32F1xx_HAL_Driver/Src/stm32f1xx_hal_cortex.o
LOAD ./Drivers/STM32F1xx_HAL_Driver/Src/stm32f1xx_hal_dma.o
LOAD ./Drivers/STM32F1xx_HAL_Driver/Src/stm32f1xx_hal_exti.o
LOAD ./Drivers/STM32F1xx_HAL_Driver/Src/stm32f1xx_hal_flash.o
LOAD ./Drivers/STM32F1xx_HAL_Driver/Src/stm32f1xx_hal_flash_ex.o
LOAD ./Drivers/STM32F1xx_HAL_Driver/Src/stm32f1xx_hal_gpio.o
LOAD ./Drivers/STM32F1xx_HAL_Driver/Src/stm32f1xx_hal_gpio_ex.o
LOAD ./Drivers/STM32F1xx_HAL_Driver/Src/stm32f1xx_hal_pwr.o
LOAD ./Drivers/STM32F1xx_HAL_Driver/Src/stm32f1xx_hal_rcc.o
LOAD ./Drivers/STM32F1xx_HAL_Driver/Src/stm32f1xx_hal_rcc_ex.o
LOAD ./Drivers/STM32F1xx_HAL_Driver/Src/stm32f1xx_hal_spi.o
START GROUP
LOAD D:/Program Files/STM32CubeIDE_1.19.0/STM32CubeIDE/plugins/com.st.stm32cube.ide.mcu.externaltools.gnu-tools-for-stm32.13.3.rel1.win32_1.0.0.202411081344/tools/bin/../lib/gcc/arm-none-eabi/13.3.1/../../../../arm-none-eabi/lib/thumb/v7-m/nofp\libc_nano.a
LOAD D:/Program Files/STM32CubeIDE_1.19.0/STM32CubeIDE/plugins/com.st.stm32cube.ide.mcu.externaltools.gnu-tools-for-stm32.13.3.rel1.win32_1.0.0.202411081344/tools/bin/../lib/gcc/arm-none-eabi/13.3.1/../../../../arm-none-eabi/lib/thumb/v7-m/nofp\libm.a
END GROUP
START GROUP
LOAD D:/Program Files/STM32CubeIDE_1.19.0/STM32CubeIDE/plugins/com.st.stm32cube.ide.mcu.externaltools.gnu-tools-for-stm32.13.3.rel1.win32_1.0.0.202411081344/tools/bin/../lib/gcc/arm-none-eabi/13.3.1/thumb/v7-m/nofp\libgcc.a
LOAD D:/Program Files/STM32CubeIDE_1.19.0/STM32CubeIDE/plugins/com.st.stm32cube.ide.mcu.externaltools.gnu-tools-for-stm32.13.3.rel1.win32_1.0.0.202411081344/tools/bin/../lib/gcc/arm-none-eabi/13.3.1/../../../../arm-none-eabi/lib/thumb/v7-m/nofp\libc_nano.a
END GROUP
START GROUP
LOAD D:/Program Files/STM32CubeIDE_1.19.0/STM32CubeIDE/plugins/com.st.stm32cube.ide.mcu.externaltools.gnu-tools-for-stm32.13.3.rel1.win32_1.0.0.202411081344/tools/bin/../lib/gcc/arm-none-eabi/13.3.1/thumb/v7-m/nofp\libgcc.a
LOAD D:/Program Files/STM32CubeIDE_1.19.0/STM32CubeIDE/plugins/com.st.stm32cube.ide.mcu.externaltools.gnu-tools-for-stm32.13.3.rel1.win32_1.0.0.202411081344/tools/bin/../lib/gcc/arm-none-eabi/13.3.1/../../../../arm-none-eabi/lib/thumb/v7-m/nofp\libc_nano.a
LOAD D:/Program Files/STM32CubeIDE_1.19.0/STM32CubeIDE/plugins/com.st.stm32cube.ide.mcu.externaltools.gnu-tools-for-stm32.13.3.rel1.win32_1.0.0.202411081344/tools/bin/../lib/gcc/arm-none-eabi/13.3.1/../../../../arm-none-eabi/lib/thumb/v7-m/nofp\libnosys.a
END GROUP
START GROUP
LOAD D:/Program Files/STM32CubeIDE_1.19.0/STM32CubeIDE/plugins/com.st.stm32cube.ide.mcu.externaltools.gnu-tools-for-stm32.13.3.rel1.win32_1.0.0.202411081344/tools/bin/../lib/gcc/arm-none-eabi/13.3.1/thumb/v7-m/nofp\libgcc.a
LOAD D:/Program Files/STM32CubeIDE_1.19.0/STM32CubeIDE/plugins/com.st.stm32cube.ide.mcu.externaltools.gnu-tools-for-stm32.13.3.rel1.win32_1.0.0.202411081344/tools/bin/../lib/gcc/arm-none-eabi/13.3.1/../../../../arm-none-eabi/lib/thumb/v7-m/nofp\libc_nano.a
LOAD D:/Program Files/STM32CubeIDE_1.19.0/STM32CubeIDE/plugins/com.st.stm32cube.ide.mcu.externaltools.gnu-tools-for-stm32.13.3.rel1.win32_1.0.0.202411081344/tools/bin/../lib/gcc/arm-none-eabi/13.3.1/../../../../arm-none-eabi/lib/thumb/v7-m/nofp\libnosys.a
END GROUP
LOAD D:/Program Files/STM32CubeIDE_1.19.0/STM32CubeIDE/plugins/com.st.stm32cube.ide.mcu.externaltools.gnu-tools-for-stm32.13.3.rel1.win32_1.0.0.202411081344/tools/bin/../lib/gcc/arm-none-eabi/13.3.1/thumb/v7-m/nofp/crtend.o
LOAD D:/Program Files/STM32CubeIDE_1.19.0/STM32CubeIDE/plugins/com.st.stm32cube.ide.mcu.externaltools.gnu-tools-for-stm32.13.3.rel1.win32_1.0.0.202411081344/tools/bin/../lib/gcc/arm-none-eabi/13.3.1/thumb/v7-m/nofp/crtn.o
                0x20002800                        _estack = (ORIGIN (RAM) + LENGTH (RAM))
                0x00000200                        _Min_Heap_Size = 0x200
                0x00000400                        _Min_Stack_Size = 0x400

.isr_vector     0x08000000      0x10c
                0x08000000                        . = ALIGN (0x4)
 *(.isr_vector)
 .isr_vector    0x08000000      0x10c ./Core/Startup/startup_stm32f103c6tx.o
                0x08000000                g_pfnVectors
                0x0800010c                        . = ALIGN (0x4)

.text           0x0800010c     0x2508
                0x0800010c                        . = ALIGN (0x4)
 *(.text)
 .text          0x0800010c       0x40 D:/Program Files/STM32CubeIDE_1.19.0/STM32CubeIDE/plugins/com.st.stm32cube.ide.mcu.externaltools.gnu-tools-for-stm32.13.3.rel1.win32_1.0.0.202411081344/tools/bin/../lib/gcc/arm-none-eabi/13.3.1/thumb/v7-m/nofp/crtbegin.o
 *(.text*)
 .text.main     0x0800014c      0x164 ./Core/Src/main.o
                0x0800014c                main
 .text.SystemClock_Config
                0x080002b0       0xa0 ./Core/Src/main.o
                0x080002b0                SystemClock_Config
 .text.MX_ADC1_Init
                0x08000350       0x7c ./Core/Src/main.o
 .text.MX_SPI1_Init
                0x080003cc       0x64 ./Core/Src/main.o
 .text.MX_GPIO_Init
                0x08000430       0x2c ./Core/Src/main.o
 .text.Error_Handler
                0x0800045c        0xc ./Core/Src/main.o
                0x0800045c                Error_Handler
 .text.HAL_MspInit
                0x08000468       0x64 ./Core/Src/stm32f1xx_hal_msp.o
                0x08000468                HAL_MspInit
 .text.HAL_ADC_MspInit
                0x080004cc       0x78 ./Core/Src/stm32f1xx_hal_msp.o
                0x080004cc                HAL_ADC_MspInit
 .text.HAL_SPI_MspInit
                0x08000544       0x94 ./Core/Src/stm32f1xx_hal_msp.o
                0x08000544                HAL_SPI_MspInit
 .text.NMI_Handler
                0x080005d8        0x8 ./Core/Src/stm32f1xx_it.o
                0x080005d8                NMI_Handler
 .text.HardFault_Handler
                0x080005e0        0x8 ./Core/Src/stm32f1xx_it.o
                0x080005e0                HardFault_Handler
 .text.MemManage_Handler
                0x080005e8        0x8 ./Core/Src/stm32f1xx_it.o
                0x080005e8                MemManage_Handler
 .text.BusFault_Handler
                0x080005f0        0x8 ./Core/Src/stm32f1xx_it.o
                0x080005f0                BusFault_Handler
 .text.UsageFault_Handler
                0x080005f8        0x8 ./Core/Src/stm32f1xx_it.o
                0x080005f8                UsageFault_Handler
 .text.SVC_Handler
                0x08000600        0xc ./Core/Src/stm32f1xx_it.o
                0x08000600                SVC_Handler
 .text.DebugMon_Handler
                0x0800060c        0xc ./Core/Src/stm32f1xx_it.o
                0x0800060c                DebugMon_Handler
 .text.PendSV_Handler
                0x08000618        0xc ./Core/Src/stm32f1xx_it.o
                0x08000618                PendSV_Handler
 .text.SysTick_Handler
                0x08000624        0xc ./Core/Src/stm32f1xx_it.o
                0x08000624                SysTick_Handler
 .text.SystemInit
                0x08000630        0xc ./Core/Src/system_stm32f1xx.o
                0x08000630                SystemInit
 .text.Reset_Handler
                0x0800063c       0x48 ./Core/Startup/startup_stm32f103c6tx.o
                0x0800063c                Reset_Handler
 .text.Default_Handler
                0x08000684        0x2 ./Core/Startup/startup_stm32f103c6tx.o
                0x08000684                RTC_Alarm_IRQHandler
                0x08000684                EXTI2_IRQHandler
                0x08000684                TIM1_CC_IRQHandler
                0x08000684                PVD_IRQHandler
                0x08000684                EXTI3_IRQHandler
                0x08000684                EXTI0_IRQHandler
                0x08000684                ADC1_2_IRQHandler
                0x08000684                SPI1_IRQHandler
                0x08000684                TAMPER_IRQHandler
                0x08000684                DMA1_Channel4_IRQHandler
                0x08000684                RTC_IRQHandler
                0x08000684                DMA1_Channel7_IRQHandler
                0x08000684                CAN1_RX1_IRQHandler
                0x08000684                I2C1_EV_IRQHandler
                0x08000684                DMA1_Channel6_IRQHandler
                0x08000684                TIM3_IRQHandler
                0x08000684                RCC_IRQHandler
                0x08000684                TIM1_TRG_COM_IRQHandler
                0x08000684                DMA1_Channel1_IRQHandler
                0x08000684                Default_Handler
                0x08000684                EXTI15_10_IRQHandler
                0x08000684                EXTI9_5_IRQHandler
                0x08000684                DMA1_Channel5_IRQHandler
                0x08000684                EXTI4_IRQHandler
                0x08000684                USB_LP_CAN1_RX0_IRQHandler
                0x08000684                USB_HP_CAN1_TX_IRQHandler
                0x08000684                DMA1_Channel3_IRQHandler
                0x08000684                TIM1_UP_IRQHandler
                0x08000684                WWDG_IRQHandler
                0x08000684                TIM2_IRQHandler
                0x08000684                TIM1_BRK_IRQHandler
                0x08000684                EXTI1_IRQHandler
                0x08000684                USART2_IRQHandler
                0x08000684                DMA1_Channel2_IRQHandler
                0x08000684                CAN1_SCE_IRQHandler
                0x08000684                FLASH_IRQHandler
                0x08000684                USART1_IRQHandler
                0x08000684                I2C1_ER_IRQHandler
                0x08000684                USBWakeUp_IRQHandler
 *fill*         0x08000686        0x2 
 .text.HAL_Init
                0x08000688       0x2c ./Drivers/STM32F1xx_HAL_Driver/Src/stm32f1xx_hal.o
                0x08000688                HAL_Init
 .text.HAL_InitTick
                0x080006b4       0x60 ./Drivers/STM32F1xx_HAL_Driver/Src/stm32f1xx_hal.o
                0x080006b4                HAL_InitTick
 .text.HAL_IncTick
                0x08000714       0x24 ./Drivers/STM32F1xx_HAL_Driver/Src/stm32f1xx_hal.o
                0x08000714                HAL_IncTick
 .text.HAL_GetTick
                0x08000738       0x14 ./Drivers/STM32F1xx_HAL_Driver/Src/stm32f1xx_hal.o
                0x08000738                HAL_GetTick
 .text.HAL_Delay
                0x0800074c       0x48 ./Drivers/STM32F1xx_HAL_Driver/Src/stm32f1xx_hal.o
                0x0800074c                HAL_Delay
 .text.HAL_ADC_Init
                0x08000794      0x1b0 ./Drivers/STM32F1xx_HAL_Driver/Src/stm32f1xx_hal_adc.o
                0x08000794                HAL_ADC_Init
 .text.HAL_ADC_Start
                0x08000944      0x15c ./Drivers/STM32F1xx_HAL_Driver/Src/stm32f1xx_hal_adc.o
                0x08000944                HAL_ADC_Start
 .text.HAL_ADC_Stop
                0x08000aa0       0x58 ./Drivers/STM32F1xx_HAL_Driver/Src/stm32f1xx_hal_adc.o
                0x08000aa0                HAL_ADC_Stop
 .text.HAL_ADC_PollForConversion
                0x08000af8      0x20c ./Drivers/STM32F1xx_HAL_Driver/Src/stm32f1xx_hal_adc.o
                0x08000af8                HAL_ADC_PollForConversion
 .text.HAL_ADC_GetValue
                0x08000d04       0x18 ./Drivers/STM32F1xx_HAL_Driver/Src/stm32f1xx_hal_adc.o
                0x08000d04                HAL_ADC_GetValue
 .text.HAL_ADC_ConfigChannel
                0x08000d1c      0x1f0 ./Drivers/STM32F1xx_HAL_Driver/Src/stm32f1xx_hal_adc.o
                0x08000d1c                HAL_ADC_ConfigChannel
 .text.ADC_Enable
                0x08000f0c       0xb4 ./Drivers/STM32F1xx_HAL_Driver/Src/stm32f1xx_hal_adc.o
                0x08000f0c                ADC_Enable
 .text.ADC_ConversionStop_Disable
                0x08000fc0       0x82 ./Drivers/STM32F1xx_HAL_Driver/Src/stm32f1xx_hal_adc.o
                0x08000fc0                ADC_ConversionStop_Disable
 *fill*         0x08001042        0x2 
 .text.__NVIC_SetPriorityGrouping
                0x08001044       0x48 ./Drivers/STM32F1xx_HAL_Driver/Src/stm32f1xx_hal_cortex.o
 .text.__NVIC_GetPriorityGrouping
                0x0800108c       0x1c ./Drivers/STM32F1xx_HAL_Driver/Src/stm32f1xx_hal_cortex.o
 .text.__NVIC_SetPriority
                0x080010a8       0x54 ./Drivers/STM32F1xx_HAL_Driver/Src/stm32f1xx_hal_cortex.o
 .text.NVIC_EncodePriority
                0x080010fc       0x64 ./Drivers/STM32F1xx_HAL_Driver/Src/stm32f1xx_hal_cortex.o
 .text.SysTick_Config
                0x08001160       0x44 ./Drivers/STM32F1xx_HAL_Driver/Src/stm32f1xx_hal_cortex.o
 .text.HAL_NVIC_SetPriorityGrouping
                0x080011a4       0x16 ./Drivers/STM32F1xx_HAL_Driver/Src/stm32f1xx_hal_cortex.o
                0x080011a4                HAL_NVIC_SetPriorityGrouping
 .text.HAL_NVIC_SetPriority
                0x080011ba       0x38 ./Drivers/STM32F1xx_HAL_Driver/Src/stm32f1xx_hal_cortex.o
                0x080011ba                HAL_NVIC_SetPriority
 .text.HAL_SYSTICK_Config
                0x080011f2       0x18 ./Drivers/STM32F1xx_HAL_Driver/Src/stm32f1xx_hal_cortex.o
                0x080011f2                HAL_SYSTICK_Config
 *fill*         0x0800120a        0x2 
 .text.HAL_GPIO_Init
                0x0800120c      0x2f8 ./Drivers/STM32F1xx_HAL_Driver/Src/stm32f1xx_hal_gpio.o
                0x0800120c                HAL_GPIO_Init
 .text.HAL_RCC_OscConfig
                0x08001504      0x504 ./Drivers/STM32F1xx_HAL_Driver/Src/stm32f1xx_hal_rcc.o
                0x08001504                HAL_RCC_OscConfig
 .text.HAL_RCC_ClockConfig
                0x08001a08      0x1d4 ./Drivers/STM32F1xx_HAL_Driver/Src/stm32f1xx_hal_rcc.o
                0x08001a08                HAL_RCC_ClockConfig
 .text.HAL_RCC_GetSysClockFreq
                0x08001bdc       0xa8 ./Drivers/STM32F1xx_HAL_Driver/Src/stm32f1xx_hal_rcc.o
                0x08001bdc                HAL_RCC_GetSysClockFreq
 .text.HAL_RCC_GetHCLKFreq
                0x08001c84       0x14 ./Drivers/STM32F1xx_HAL_Driver/Src/stm32f1xx_hal_rcc.o
                0x08001c84                HAL_RCC_GetHCLKFreq
 .text.HAL_RCC_GetPCLK2Freq
                0x08001c98       0x28 ./Drivers/STM32F1xx_HAL_Driver/Src/stm32f1xx_hal_rcc.o
                0x08001c98                HAL_RCC_GetPCLK2Freq
 .text.RCC_Delay
                0x08001cc0       0x3c ./Drivers/STM32F1xx_HAL_Driver/Src/stm32f1xx_hal_rcc.o
 .text.HAL_RCCEx_PeriphCLKConfig
                0x08001cfc      0x16c ./Drivers/STM32F1xx_HAL_Driver/Src/stm32f1xx_hal_rcc_ex.o
                0x08001cfc                HAL_RCCEx_PeriphCLKConfig
 .text.HAL_RCCEx_GetPeriphCLKFreq
                0x08001e68      0x16c ./Drivers/STM32F1xx_HAL_Driver/Src/stm32f1xx_hal_rcc_ex.o
                0x08001e68                HAL_RCCEx_GetPeriphCLKFreq
 .text.HAL_SPI_Init
                0x08001fd4      0x108 ./Drivers/STM32F1xx_HAL_Driver/Src/stm32f1xx_hal_spi.o
                0x08001fd4                HAL_SPI_Init
 .text.HAL_SPI_TransmitReceive
                0x080020dc      0x352 ./Drivers/STM32F1xx_HAL_Driver/Src/stm32f1xx_hal_spi.o
                0x080020dc                HAL_SPI_TransmitReceive
 *fill*         0x0800242e        0x2 
 .text.SPI_WaitFlagStateUntilTimeout
                0x08002430      0x110 ./Drivers/STM32F1xx_HAL_Driver/Src/stm32f1xx_hal_spi.o
 .text.SPI_EndRxTxTransaction
                0x08002540       0x62 ./Drivers/STM32F1xx_HAL_Driver/Src/stm32f1xx_hal_spi.o
 .text.memset   0x080025a2       0x10 D:/Program Files/STM32CubeIDE_1.19.0/STM32CubeIDE/plugins/com.st.stm32cube.ide.mcu.externaltools.gnu-tools-for-stm32.13.3.rel1.win32_1.0.0.202411081344/tools/bin/../lib/gcc/arm-none-eabi/13.3.1/../../../../arm-none-eabi/lib/thumb/v7-m/nofp\libc_nano.a(libc_a-memset.o)
                0x080025a2                memset
 *fill*         0x080025b2        0x2 
 .text.__libc_init_array
                0x080025b4       0x48 D:/Program Files/STM32CubeIDE_1.19.0/STM32CubeIDE/plugins/com.st.stm32cube.ide.mcu.externaltools.gnu-tools-for-stm32.13.3.rel1.win32_1.0.0.202411081344/tools/bin/../lib/gcc/arm-none-eabi/13.3.1/../../../../arm-none-eabi/lib/thumb/v7-m/nofp\libc_nano.a(libc_a-init.o)
                0x080025b4                __libc_init_array
 *(.glue_7)
 .glue_7        0x080025fc        0x0 linker stubs
 *(.glue_7t)
 .glue_7t       0x080025fc        0x0 linker stubs
 *(.eh_frame)
 .eh_frame      0x080025fc        0x0 D:/Program Files/STM32CubeIDE_1.19.0/STM32CubeIDE/plugins/com.st.stm32cube.ide.mcu.externaltools.gnu-tools-for-stm32.13.3.rel1.win32_1.0.0.202411081344/tools/bin/../lib/gcc/arm-none-eabi/13.3.1/thumb/v7-m/nofp/crtbegin.o
 *(.init)
 .init          0x080025fc        0x4 D:/Program Files/STM32CubeIDE_1.19.0/STM32CubeIDE/plugins/com.st.stm32cube.ide.mcu.externaltools.gnu-tools-for-stm32.13.3.rel1.win32_1.0.0.202411081344/tools/bin/../lib/gcc/arm-none-eabi/13.3.1/thumb/v7-m/nofp/crti.o
                0x080025fc                _init
 .init          0x08002600        0x8 D:/Program Files/STM32CubeIDE_1.19.0/STM32CubeIDE/plugins/com.st.stm32cube.ide.mcu.externaltools.gnu-tools-for-stm32.13.3.rel1.win32_1.0.0.202411081344/tools/bin/../lib/gcc/arm-none-eabi/13.3.1/thumb/v7-m/nofp/crtn.o
 *(.fini)
 .fini          0x08002608        0x4 D:/Program Files/STM32CubeIDE_1.19.0/STM32CubeIDE/plugins/com.st.stm32cube.ide.mcu.externaltools.gnu-tools-for-stm32.13.3.rel1.win32_1.0.0.202411081344/tools/bin/../lib/gcc/arm-none-eabi/13.3.1/thumb/v7-m/nofp/crti.o
                0x08002608                _fini
 .fini          0x0800260c        0x8 D:/Program Files/STM32CubeIDE_1.19.0/STM32CubeIDE/plugins/com.st.stm32cube.ide.mcu.externaltools.gnu-tools-for-stm32.13.3.rel1.win32_1.0.0.202411081344/tools/bin/../lib/gcc/arm-none-eabi/13.3.1/thumb/v7-m/nofp/crtn.o
                0x08002614                        . = ALIGN (0x4)
                0x08002614                        _etext = .

.vfp11_veneer   0x08002614        0x0
 .vfp11_veneer  0x08002614        0x0 linker stubs

.v4_bx          0x08002614        0x0
 .v4_bx         0x08002614        0x0 linker stubs

.iplt           0x08002614        0x0
 .iplt          0x08002614        0x0 D:/Program Files/STM32CubeIDE_1.19.0/STM32CubeIDE/plugins/com.st.stm32cube.ide.mcu.externaltools.gnu-tools-for-stm32.13.3.rel1.win32_1.0.0.202411081344/tools/bin/../lib/gcc/arm-none-eabi/13.3.1/thumb/v7-m/nofp/crtbegin.o

.rodata         0x08002614       0x40
                0x08002614                        . = ALIGN (0x4)
 *(.rodata)
 *(.rodata*)
 .rodata.AHBPrescTable
                0x08002614       0x10 ./Core/Src/system_stm32f1xx.o
                0x08002614                AHBPrescTable
 .rodata.APBPrescTable
                0x08002624        0x8 ./Core/Src/system_stm32f1xx.o
                0x08002624                APBPrescTable
 .rodata.aPLLMULFactorTable.1
                0x0800262c       0x10 ./Drivers/STM32F1xx_HAL_Driver/Src/stm32f1xx_hal_rcc.o
 .rodata.aPredivFactorTable.0
                0x0800263c        0x2 ./Drivers/STM32F1xx_HAL_Driver/Src/stm32f1xx_hal_rcc.o
 *fill*         0x0800263e        0x2 
 .rodata.aPLLMULFactorTable.1
                0x08002640       0x10 ./Drivers/STM32F1xx_HAL_Driver/Src/stm32f1xx_hal_rcc_ex.o
 .rodata.aPredivFactorTable.0
                0x08002650        0x2 ./Drivers/STM32F1xx_HAL_Driver/Src/stm32f1xx_hal_rcc_ex.o
                0x08002654                        . = ALIGN (0x4)
 *fill*         0x08002652        0x2 

.ARM.extab      0x08002654        0x0
                0x08002654                        . = ALIGN (0x4)
 *(.ARM.extab* .gnu.linkonce.armextab.*)
                0x08002654                        . = ALIGN (0x4)

.ARM            0x08002654        0x0
                0x08002654                        . = ALIGN (0x4)
                0x08002654                        __exidx_start = .
 *(.ARM.exidx*)
                0x08002654                        __exidx_end = .
                0x08002654                        . = ALIGN (0x4)

.preinit_array  0x08002654        0x0
                0x08002654                        . = ALIGN (0x4)
                0x08002654                        PROVIDE (__preinit_array_start = .)
 *(.preinit_array*)
                0x08002654                        PROVIDE (__preinit_array_end = .)
                0x08002654                        . = ALIGN (0x4)

.init_array     0x08002654        0x4
                0x08002654                        . = ALIGN (0x4)
                0x08002654                        PROVIDE (__init_array_start = .)
 *(SORT_BY_NAME(.init_array.*))
 *(.init_array*)
 .init_array    0x08002654        0x4 D:/Program Files/STM32CubeIDE_1.19.0/STM32CubeIDE/plugins/com.st.stm32cube.ide.mcu.externaltools.gnu-tools-for-stm32.13.3.rel1.win32_1.0.0.202411081344/tools/bin/../lib/gcc/arm-none-eabi/13.3.1/thumb/v7-m/nofp/crtbegin.o
                0x08002658                        PROVIDE (__init_array_end = .)
                0x08002658                        . = ALIGN (0x4)

.fini_array     0x08002658        0x4
                0x08002658                        . = ALIGN (0x4)
                [!provide]                        PROVIDE (__fini_array_start = .)
 *(SORT_BY_NAME(.fini_array.*))
 *(.fini_array*)
 .fini_array    0x08002658        0x4 D:/Program Files/STM32CubeIDE_1.19.0/STM32CubeIDE/plugins/com.st.stm32cube.ide.mcu.externaltools.gnu-tools-for-stm32.13.3.rel1.win32_1.0.0.202411081344/tools/bin/../lib/gcc/arm-none-eabi/13.3.1/thumb/v7-m/nofp/crtbegin.o
                [!provide]                        PROVIDE (__fini_array_end = .)
                0x0800265c                        . = ALIGN (0x4)
                0x0800265c                        _sidata = LOADADDR (.data)

.rel.dyn        0x0800265c        0x0
 .rel.iplt      0x0800265c        0x0 D:/Program Files/STM32CubeIDE_1.19.0/STM32CubeIDE/plugins/com.st.stm32cube.ide.mcu.externaltools.gnu-tools-for-stm32.13.3.rel1.win32_1.0.0.202411081344/tools/bin/../lib/gcc/arm-none-eabi/13.3.1/thumb/v7-m/nofp/crtbegin.o

.data           0x20000000        0xc load address 0x0800265c
                0x20000000                        . = ALIGN (0x4)
                0x20000000                        _sdata = .
 *(.data)
 *(.data*)
 .data.SystemCoreClock
                0x20000000        0x4 ./Core/Src/system_stm32f1xx.o
                0x20000000                SystemCoreClock
 .data.uwTickPrio
                0x20000004        0x4 ./Drivers/STM32F1xx_HAL_Driver/Src/stm32f1xx_hal.o
                0x20000004                uwTickPrio
 .data.uwTickFreq
                0x20000008        0x1 ./Drivers/STM32F1xx_HAL_Driver/Src/stm32f1xx_hal.o
                0x20000008                uwTickFreq
 *(.RamFunc)
 *(.RamFunc*)
                0x2000000c                        . = ALIGN (0x4)
 *fill*         0x20000009        0x3 
                0x2000000c                        _edata = .

.igot.plt       0x2000000c        0x0 load address 0x08002668
 .igot.plt      0x2000000c        0x0 D:/Program Files/STM32CubeIDE_1.19.0/STM32CubeIDE/plugins/com.st.stm32cube.ide.mcu.externaltools.gnu-tools-for-stm32.13.3.rel1.win32_1.0.0.202411081344/tools/bin/../lib/gcc/arm-none-eabi/13.3.1/thumb/v7-m/nofp/crtbegin.o
                0x2000000c                        . = ALIGN (0x4)

.bss            0x2000000c       0xd8 load address 0x08002668
                0x2000000c                        _sbss = .
                0x2000000c                        __bss_start__ = _sbss
 *(.bss)
 .bss           0x2000000c       0x1c D:/Program Files/STM32CubeIDE_1.19.0/STM32CubeIDE/plugins/com.st.stm32cube.ide.mcu.externaltools.gnu-tools-for-stm32.13.3.rel1.win32_1.0.0.202411081344/tools/bin/../lib/gcc/arm-none-eabi/13.3.1/thumb/v7-m/nofp/crtbegin.o
 *(.bss*)
 .bss.hadc1     0x20000028       0x30 ./Core/Src/main.o
                0x20000028                hadc1
 .bss.hspi1     0x20000058       0x58 ./Core/Src/main.o
                0x20000058                hspi1
 .bss.Temp_Pin  0x200000b0        0xc ./Core/Src/main.o
                0x200000b0                Temp_Pin
 .bss.Throttle_Pin
                0x200000bc        0xc ./Core/Src/main.o
                0x200000bc                Throttle_Pin
 .bss.analog_temp
                0x200000c8        0x2 ./Core/Src/main.o
                0x200000c8                analog_temp
 .bss.throttle  0x200000ca        0x2 ./Core/Src/main.o
                0x200000ca                throttle
 .bss.ID        0x200000cc        0x2 ./Core/Src/main.o
                0x200000cc                ID
 .bss.analog_throttle
                0x200000ce        0x1 ./Core/Src/main.o
                0x200000ce                analog_throttle
 *fill*         0x200000cf        0x1 
 .bss.send_receive_buffer
                0x200000d0        0x8 ./Core/Src/main.o
                0x200000d0                send_receive_buffer
 .bss.SPI_Junk  0x200000d8        0x8 ./Core/Src/main.o
                0x200000d8                SPI_Junk
 .bss.uwTick    0x200000e0        0x4 ./Drivers/STM32F1xx_HAL_Driver/Src/stm32f1xx_hal.o
                0x200000e0                uwTick
 *(COMMON)
                0x200000e4                        . = ALIGN (0x4)
                0x200000e4                        _ebss = .
                0x200000e4                        __bss_end__ = _ebss

._user_heap_stack
                0x200000e4      0x604 load address 0x08002668
                0x200000e8                        . = ALIGN (0x8)
 *fill*         0x200000e4        0x4 
                [!provide]                        PROVIDE (end = .)
                0x200000e8                        PROVIDE (_end = .)
                0x200002e8                        . = (. + _Min_Heap_Size)
 *fill*         0x200000e8      0x200 
                0x200006e8                        . = (. + _Min_Stack_Size)
 *fill*         0x200002e8      0x400 
                0x200006e8                        . = ALIGN (0x8)

/DISCARD/
 libc.a(*)
 libm.a(*)
 libgcc.a(*)

.ARM.attributes
                0x00000000       0x29
 *(.ARM.attributes)
 .ARM.attributes
                0x00000000       0x1d D:/Program Files/STM32CubeIDE_1.19.0/STM32CubeIDE/plugins/com.st.stm32cube.ide.mcu.externaltools.gnu-tools-for-stm32.13.3.rel1.win32_1.0.0.202411081344/tools/bin/../lib/gcc/arm-none-eabi/13.3.1/thumb/v7-m/nofp/crti.o
 .ARM.attributes
                0x0000001d       0x2d D:/Program Files/STM32CubeIDE_1.19.0/STM32CubeIDE/plugins/com.st.stm32cube.ide.mcu.externaltools.gnu-tools-for-stm32.13.3.rel1.win32_1.0.0.202411081344/tools/bin/../lib/gcc/arm-none-eabi/13.3.1/thumb/v7-m/nofp/crtbegin.o
 .ARM.attributes
                0x0000004a       0x2d ./Core/Src/main.o
 .ARM.attributes
                0x00000077       0x2d ./Core/Src/stm32f1xx_hal_msp.o
 .ARM.attributes
                0x000000a4       0x2d ./Core/Src/stm32f1xx_it.o
 .ARM.attributes
                0x000000d1       0x2d ./Core/Src/system_stm32f1xx.o
 .ARM.attributes
                0x000000fe       0x21 ./Core/Startup/startup_stm32f103c6tx.o
 .ARM.attributes
                0x0000011f       0x2d ./Drivers/STM32F1xx_HAL_Driver/Src/stm32f1xx_hal.o
 .ARM.attributes
                0x0000014c       0x2d ./Drivers/STM32F1xx_HAL_Driver/Src/stm32f1xx_hal_adc.o
 .ARM.attributes
                0x00000179       0x2d ./Drivers/STM32F1xx_HAL_Driver/Src/stm32f1xx_hal_cortex.o
 .ARM.attributes
                0x000001a6       0x2d ./Drivers/STM32F1xx_HAL_Driver/Src/stm32f1xx_hal_gpio.o
 .ARM.attributes
                0x000001d3       0x2d ./Drivers/STM32F1xx_HAL_Driver/Src/stm32f1xx_hal_rcc.o
 .ARM.attributes
                0x00000200       0x2d ./Drivers/STM32F1xx_HAL_Driver/Src/stm32f1xx_hal_rcc_ex.o
 .ARM.attributes
                0x0000022d       0x2d ./Drivers/STM32F1xx_HAL_Driver/Src/stm32f1xx_hal_spi.o
 .ARM.attributes
                0x0000025a       0x2d D:/Program Files/STM32CubeIDE_1.19.0/STM32CubeIDE/plugins/com.st.stm32cube.ide.mcu.externaltools.gnu-tools-for-stm32.13.3.rel1.win32_1.0.0.202411081344/tools/bin/../lib/gcc/arm-none-eabi/13.3.1/../../../../arm-none-eabi/lib/thumb/v7-m/nofp\libc_nano.a(libc_a-memset.o)
 .ARM.attributes
                0x00000287       0x2d D:/Program Files/STM32CubeIDE_1.19.0/STM32CubeIDE/plugins/com.st.stm32cube.ide.mcu.externaltools.gnu-tools-for-stm32.13.3.rel1.win32_1.0.0.202411081344/tools/bin/../lib/gcc/arm-none-eabi/13.3.1/../../../../arm-none-eabi/lib/thumb/v7-m/nofp\libc_nano.a(libc_a-init.o)
 .ARM.attributes
                0x000002b4       0x1d D:/Program Files/STM32CubeIDE_1.19.0/STM32CubeIDE/plugins/com.st.stm32cube.ide.mcu.externaltools.gnu-tools-for-stm32.13.3.rel1.win32_1.0.0.202411081344/tools/bin/../lib/gcc/arm-none-eabi/13.3.1/thumb/v7-m/nofp/crtn.o
OUTPUT(Analog Slave MCU.elf elf32-littlearm)
LOAD linker stubs
LOAD D:/Program Files/STM32CubeIDE_1.19.0/STM32CubeIDE/plugins/com.st.stm32cube.ide.mcu.externaltools.gnu-tools-for-stm32.13.3.rel1.win32_1.0.0.202411081344/tools/bin/../lib/gcc/arm-none-eabi/13.3.1/../../../../arm-none-eabi/lib/thumb/v7-m/nofp\libc.a
LOAD D:/Program Files/STM32CubeIDE_1.19.0/STM32CubeIDE/plugins/com.st.stm32cube.ide.mcu.externaltools.gnu-tools-for-stm32.13.3.rel1.win32_1.0.0.202411081344/tools/bin/../lib/gcc/arm-none-eabi/13.3.1/../../../../arm-none-eabi/lib/thumb/v7-m/nofp\libm.a
LOAD D:/Program Files/STM32CubeIDE_1.19.0/STM32CubeIDE/plugins/com.st.stm32cube.ide.mcu.externaltools.gnu-tools-for-stm32.13.3.rel1.win32_1.0.0.202411081344/tools/bin/../lib/gcc/arm-none-eabi/13.3.1/thumb/v7-m/nofp\libgcc.a

.debug_info     0x00000000     0x5e4d
 .debug_info    0x00000000      0xd17 ./Core/Src/main.o
 .debug_info    0x00000d17      0xac5 ./Core/Src/stm32f1xx_hal_msp.o
 .debug_info    0x000017dc      0x113 ./Core/Src/stm32f1xx_it.o
 .debug_info    0x000018ef      0x222 ./Core/Src/system_stm32f1xx.o
 .debug_info    0x00001b11       0x30 ./Core/Startup/startup_stm32f103c6tx.o
 .debug_info    0x00001b41      0x6e6 ./Drivers/STM32F1xx_HAL_Driver/Src/stm32f1xx_hal.o
 .debug_info    0x00002227      0xc50 ./Drivers/STM32F1xx_HAL_Driver/Src/stm32f1xx_hal_adc.o
 .debug_info    0x00002e77      0xa69 ./Drivers/STM32F1xx_HAL_Driver/Src/stm32f1xx_hal_cortex.o
 .debug_info    0x000038e0      0x5ab ./Drivers/STM32F1xx_HAL_Driver/Src/stm32f1xx_hal_gpio.o
 .debug_info    0x00003e8b      0x7d5 ./Drivers/STM32F1xx_HAL_Driver/Src/stm32f1xx_hal_rcc.o
 .debug_info    0x00004660      0x3c0 ./Drivers/STM32F1xx_HAL_Driver/Src/stm32f1xx_hal_rcc_ex.o
 .debug_info    0x00004a20     0x142d ./Drivers/STM32F1xx_HAL_Driver/Src/stm32f1xx_hal_spi.o

.debug_abbrev   0x00000000     0x15a8
 .debug_abbrev  0x00000000      0x28a ./Core/Src/main.o
 .debug_abbrev  0x0000028a      0x1ab ./Core/Src/stm32f1xx_hal_msp.o
 .debug_abbrev  0x00000435       0x73 ./Core/Src/stm32f1xx_it.o
 .debug_abbrev  0x000004a8      0x13f ./Core/Src/system_stm32f1xx.o
 .debug_abbrev  0x000005e7       0x24 ./Core/Startup/startup_stm32f103c6tx.o
 .debug_abbrev  0x0000060b      0x201 ./Drivers/STM32F1xx_HAL_Driver/Src/stm32f1xx_hal.o
 .debug_abbrev  0x0000080c      0x225 ./Drivers/STM32F1xx_HAL_Driver/Src/stm32f1xx_hal_adc.o
 .debug_abbrev  0x00000a31      0x2f8 ./Drivers/STM32F1xx_HAL_Driver/Src/stm32f1xx_hal_cortex.o
 .debug_abbrev  0x00000d29      0x1ca ./Drivers/STM32F1xx_HAL_Driver/Src/stm32f1xx_hal_gpio.o
 .debug_abbrev  0x00000ef3      0x2b3 ./Drivers/STM32F1xx_HAL_Driver/Src/stm32f1xx_hal_rcc.o
 .debug_abbrev  0x000011a6      0x188 ./Drivers/STM32F1xx_HAL_Driver/Src/stm32f1xx_hal_rcc_ex.o
 .debug_abbrev  0x0000132e      0x27a ./Drivers/STM32F1xx_HAL_Driver/Src/stm32f1xx_hal_spi.o

.debug_aranges  0x00000000      0x6f0
 .debug_aranges
                0x00000000       0x48 ./Core/Src/main.o
 .debug_aranges
                0x00000048       0x40 ./Core/Src/stm32f1xx_hal_msp.o
 .debug_aranges
                0x00000088       0x60 ./Core/Src/stm32f1xx_it.o
 .debug_aranges
                0x000000e8       0x28 ./Core/Src/system_stm32f1xx.o
 .debug_aranges
                0x00000110       0x28 ./Core/Startup/startup_stm32f103c6tx.o
 .debug_aranges
                0x00000138       0xe0 ./Drivers/STM32F1xx_HAL_Driver/Src/stm32f1xx_hal.o
 .debug_aranges
                0x00000218       0xf0 ./Drivers/STM32F1xx_HAL_Driver/Src/stm32f1xx_hal_adc.o
 .debug_aranges
                0x00000308      0x100 ./Drivers/STM32F1xx_HAL_Driver/Src/stm32f1xx_hal_cortex.o
 .debug_aranges
                0x00000408       0x58 ./Drivers/STM32F1xx_HAL_Driver/Src/stm32f1xx_hal_gpio.o
 .debug_aranges
                0x00000460       0x90 ./Drivers/STM32F1xx_HAL_Driver/Src/stm32f1xx_hal_rcc.o
 .debug_aranges
                0x000004f0       0x30 ./Drivers/STM32F1xx_HAL_Driver/Src/stm32f1xx_hal_rcc_ex.o
 .debug_aranges
                0x00000520      0x1d0 ./Drivers/STM32F1xx_HAL_Driver/Src/stm32f1xx_hal_spi.o

.debug_rnglists
                0x00000000      0x529
 .debug_rnglists
                0x00000000       0x33 ./Core/Src/main.o
 .debug_rnglists
                0x00000033       0x2c ./Core/Src/stm32f1xx_hal_msp.o
 .debug_rnglists
                0x0000005f       0x43 ./Core/Src/stm32f1xx_it.o
 .debug_rnglists
                0x000000a2       0x1a ./Core/Src/system_stm32f1xx.o
 .debug_rnglists
                0x000000bc       0x19 ./Core/Startup/startup_stm32f103c6tx.o
 .debug_rnglists
                0x000000d5       0xa3 ./Drivers/STM32F1xx_HAL_Driver/Src/stm32f1xx_hal.o
 .debug_rnglists
                0x00000178       0xbc ./Drivers/STM32F1xx_HAL_Driver/Src/stm32f1xx_hal_adc.o
 .debug_rnglists
                0x00000234       0xbb ./Drivers/STM32F1xx_HAL_Driver/Src/stm32f1xx_hal_cortex.o
 .debug_rnglists
                0x000002ef       0x3f ./Drivers/STM32F1xx_HAL_Driver/Src/stm32f1xx_hal_gpio.o
 .debug_rnglists
                0x0000032e       0x6c ./Drivers/STM32F1xx_HAL_Driver/Src/stm32f1xx_hal_rcc.o
 .debug_rnglists
                0x0000039a       0x21 ./Drivers/STM32F1xx_HAL_Driver/Src/stm32f1xx_hal_rcc_ex.o
 .debug_rnglists
                0x000003bb      0x16e ./Drivers/STM32F1xx_HAL_Driver/Src/stm32f1xx_hal_spi.o

.debug_macro    0x00000000    0x16e7a
 .debug_macro   0x00000000      0x2b7 ./Core/Src/main.o
 .debug_macro   0x000002b7      0xacc ./Core/Src/main.o
 .debug_macro   0x00000d83      0x21b ./Core/Src/main.o
 .debug_macro   0x00000f9e       0x2e ./Core/Src/main.o
 .debug_macro   0x00000fcc       0x22 ./Core/Src/main.o
 .debug_macro   0x00000fee       0x22 ./Core/Src/main.o
 .debug_macro   0x00001010       0x8e ./Core/Src/main.o
 .debug_macro   0x0000109e       0x51 ./Core/Src/main.o
 .debug_macro   0x000010ef      0x103 ./Core/Src/main.o
 .debug_macro   0x000011f2       0x6a ./Core/Src/main.o
 .debug_macro   0x0000125c      0x1df ./Core/Src/main.o
 .debug_macro   0x0000143b       0x1c ./Core/Src/main.o
 .debug_macro   0x00001457       0x22 ./Core/Src/main.o
 .debug_macro   0x00001479       0xbd ./Core/Src/main.o
 .debug_macro   0x00001536      0xd23 ./Core/Src/main.o
 .debug_macro   0x00002259     0xde75 ./Core/Src/main.o
 .debug_macro   0x000100ce       0x6d ./Core/Src/main.o
 .debug_macro   0x0001013b     0x34a2 ./Core/Src/main.o
 .debug_macro   0x000135dd      0x190 ./Core/Src/main.o
 .debug_macro   0x0001376d       0x5c ./Core/Src/main.o
 .debug_macro   0x000137c9      0x5bc ./Core/Src/main.o
 .debug_macro   0x00013d85      0x1b7 ./Core/Src/main.o
 .debug_macro   0x00013f3c      0x1cb ./Core/Src/main.o
 .debug_macro   0x00014107      0x114 ./Core/Src/main.o
 .debug_macro   0x0001421b      0x1b2 ./Core/Src/main.o
 .debug_macro   0x000143cd       0x27 ./Core/Src/main.o
 .debug_macro   0x000143f4      0x12f ./Core/Src/main.o
 .debug_macro   0x00014523      0x1bc ./Core/Src/main.o
 .debug_macro   0x000146df       0x34 ./Core/Src/main.o
 .debug_macro   0x00014713       0x3c ./Core/Src/main.o
 .debug_macro   0x0001474f       0x57 ./Core/Src/main.o
 .debug_macro   0x000147a6      0x46a ./Core/Src/main.o
 .debug_macro   0x00014c10      0x1b5 ./Core/Src/main.o
 .debug_macro   0x00014dc5       0x87 ./Core/Src/main.o
 .debug_macro   0x00014e4c      0x183 ./Core/Src/main.o
 .debug_macro   0x00014fcf      0x140 ./Core/Src/main.o
 .debug_macro   0x0001510f      0x217 ./Core/Src/main.o
 .debug_macro   0x00015326       0x69 ./Core/Src/main.o
 .debug_macro   0x0001538f       0x1c ./Core/Src/main.o
 .debug_macro   0x000153ab       0x61 ./Core/Src/main.o
 .debug_macro   0x0001540c       0x24 ./Core/Src/main.o
 .debug_macro   0x00015430       0x43 ./Core/Src/main.o
 .debug_macro   0x00015473       0x34 ./Core/Src/main.o
 .debug_macro   0x000154a7       0x16 ./Core/Src/main.o
 .debug_macro   0x000154bd       0x3c ./Core/Src/main.o
 .debug_macro   0x000154f9      0x370 ./Core/Src/main.o
 .debug_macro   0x00015869       0x10 ./Core/Src/main.o
 .debug_macro   0x00015879       0x16 ./Core/Src/main.o
 .debug_macro   0x0001588f       0x4a ./Core/Src/main.o
 .debug_macro   0x000158d9       0x34 ./Core/Src/main.o
 .debug_macro   0x0001590d       0x10 ./Core/Src/main.o
 .debug_macro   0x0001591d       0x58 ./Core/Src/main.o
 .debug_macro   0x00015975       0x8e ./Core/Src/main.o
 .debug_macro   0x00015a03       0x1c ./Core/Src/main.o
 .debug_macro   0x00015a1f      0x185 ./Core/Src/main.o
 .debug_macro   0x00015ba4       0x16 ./Core/Src/main.o
 .debug_macro   0x00015bba       0x16 ./Core/Src/main.o
 .debug_macro   0x00015bd0      0x146 ./Core/Src/main.o
 .debug_macro   0x00015d16       0x16 ./Core/Src/main.o
 .debug_macro   0x00015d2c       0x20 ./Core/Src/main.o
 .debug_macro   0x00015d4c      0x1af ./Core/Src/stm32f1xx_hal_msp.o
 .debug_macro   0x00015efb      0x1b9 ./Core/Src/stm32f1xx_it.o
 .debug_macro   0x000160b4      0x1a0 ./Core/Src/system_stm32f1xx.o
 .debug_macro   0x00016254      0x1c4 ./Drivers/STM32F1xx_HAL_Driver/Src/stm32f1xx_hal.o
 .debug_macro   0x00016418      0x1bd ./Drivers/STM32F1xx_HAL_Driver/Src/stm32f1xx_hal_adc.o
 .debug_macro   0x000165d5      0x1a0 ./Drivers/STM32F1xx_HAL_Driver/Src/stm32f1xx_hal_cortex.o
 .debug_macro   0x00016775      0x20b ./Drivers/STM32F1xx_HAL_Driver/Src/stm32f1xx_hal_gpio.o
 .debug_macro   0x00016980      0x1b2 ./Drivers/STM32F1xx_HAL_Driver/Src/stm32f1xx_hal_rcc.o
 .debug_macro   0x00016b32      0x1a0 ./Drivers/STM32F1xx_HAL_Driver/Src/stm32f1xx_hal_rcc_ex.o
 .debug_macro   0x00016cd2      0x1a8 ./Drivers/STM32F1xx_HAL_Driver/Src/stm32f1xx_hal_spi.o

.debug_line     0x00000000     0x84a4
 .debug_line    0x00000000      0xafd ./Core/Src/main.o
 .debug_line    0x00000afd      0x791 ./Core/Src/stm32f1xx_hal_msp.o
 .debug_line    0x0000128e      0x7a6 ./Core/Src/stm32f1xx_it.o
 .debug_line    0x00001a34      0x776 ./Core/Src/system_stm32f1xx.o
 .debug_line    0x000021aa       0x78 ./Core/Startup/startup_stm32f103c6tx.o
 .debug_line    0x00002222      0x9a7 ./Drivers/STM32F1xx_HAL_Driver/Src/stm32f1xx_hal.o
 .debug_line    0x00002bc9      0xfcc ./Drivers/STM32F1xx_HAL_Driver/Src/stm32f1xx_hal_adc.o
 .debug_line    0x00003b95      0xb71 ./Drivers/STM32F1xx_HAL_Driver/Src/stm32f1xx_hal_cortex.o
 .debug_line    0x00004706      0x9ef ./Drivers/STM32F1xx_HAL_Driver/Src/stm32f1xx_hal_gpio.o
 .debug_line    0x000050f5      0xe60 ./Drivers/STM32F1xx_HAL_Driver/Src/stm32f1xx_hal_rcc.o
 .debug_line    0x00005f55      0x911 ./Drivers/STM32F1xx_HAL_Driver/Src/stm32f1xx_hal_rcc_ex.o
 .debug_line    0x00006866     0x1c3e ./Drivers/STM32F1xx_HAL_Driver/Src/stm32f1xx_hal_spi.o

.debug_str      0x00000000    0x83ef2
 .debug_str     0x00000000    0x83ef2 ./Core/Src/main.o
                              0x82978 (size before relaxing)
 .debug_str     0x00083ef2    0x7eeca ./Core/Src/stm32f1xx_hal_msp.o
 .debug_str     0x00083ef2    0x7e930 ./Core/Src/stm32f1xx_it.o
 .debug_str     0x00083ef2    0x7e8dc ./Core/Src/system_stm32f1xx.o
 .debug_str     0x00083ef2       0x99 ./Core/Startup/startup_stm32f103c6tx.o
 .debug_str     0x00083ef2    0x7efd5 ./Drivers/STM32F1xx_HAL_Driver/Src/stm32f1xx_hal.o
 .debug_str     0x00083ef2    0x7efc0 ./Drivers/STM32F1xx_HAL_Driver/Src/stm32f1xx_hal_adc.o
 .debug_str     0x00083ef2    0x7ef21 ./Drivers/STM32F1xx_HAL_Driver/Src/stm32f1xx_hal_cortex.o
 .debug_str     0x00083ef2    0x7ec62 ./Drivers/STM32F1xx_HAL_Driver/Src/stm32f1xx_hal_gpio.o
 .debug_str     0x00083ef2    0x7ed0b ./Drivers/STM32F1xx_HAL_Driver/Src/stm32f1xx_hal_rcc.o
 .debug_str     0x00083ef2    0x7ea5b ./Drivers/STM32F1xx_HAL_Driver/Src/stm32f1xx_hal_rcc_ex.o
 .debug_str     0x00083ef2    0x7f202 ./Drivers/STM32F1xx_HAL_Driver/Src/stm32f1xx_hal_spi.o

.comment        0x00000000       0x43
 .comment       0x00000000       0x43 ./Core/Src/main.o
                                 0x44 (size before relaxing)
 .comment       0x00000043       0x44 ./Core/Src/stm32f1xx_hal_msp.o
 .comment       0x00000043       0x44 ./Core/Src/stm32f1xx_it.o
 .comment       0x00000043       0x44 ./Core/Src/system_stm32f1xx.o
 .comment       0x00000043       0x44 ./Drivers/STM32F1xx_HAL_Driver/Src/stm32f1xx_hal.o
 .comment       0x00000043       0x44 ./Drivers/STM32F1xx_HAL_Driver/Src/stm32f1xx_hal_adc.o
 .comment       0x00000043       0x44 ./Drivers/STM32F1xx_HAL_Driver/Src/stm32f1xx_hal_cortex.o
 .comment       0x00000043       0x44 ./Drivers/STM32F1xx_HAL_Driver/Src/stm32f1xx_hal_gpio.o
 .comment       0x00000043       0x44 ./Drivers/STM32F1xx_HAL_Driver/Src/stm32f1xx_hal_rcc.o
 .comment       0x00000043       0x44 ./Drivers/STM32F1xx_HAL_Driver/Src/stm32f1xx_hal_rcc_ex.o
 .comment       0x00000043       0x44 ./Drivers/STM32F1xx_HAL_Driver/Src/stm32f1xx_hal_spi.o

.debug_frame    0x00000000     0x1ab4
 .debug_frame   0x00000000       0xd4 ./Core/Src/main.o
 .debug_frame   0x000000d4       0xc8 ./Core/Src/stm32f1xx_hal_msp.o
 .debug_frame   0x0000019c      0x104 ./Core/Src/stm32f1xx_it.o
 .debug_frame   0x000002a0       0x58 ./Core/Src/system_stm32f1xx.o
 .debug_frame   0x000002f8      0x334 ./Drivers/STM32F1xx_HAL_Driver/Src/stm32f1xx_hal.o
 .debug_frame   0x0000062c      0x40c ./Drivers/STM32F1xx_HAL_Driver/Src/stm32f1xx_hal_adc.o
 .debug_frame   0x00000a38      0x428 ./Drivers/STM32F1xx_HAL_Driver/Src/stm32f1xx_hal_cortex.o
 .debug_frame   0x00000e60      0x14c ./Drivers/STM32F1xx_HAL_Driver/Src/stm32f1xx_hal_gpio.o
 .debug_frame   0x00000fac      0x218 ./Drivers/STM32F1xx_HAL_Driver/Src/stm32f1xx_hal_rcc.o
 .debug_frame   0x000011c4       0x80 ./Drivers/STM32F1xx_HAL_Driver/Src/stm32f1xx_hal_rcc_ex.o
 .debug_frame   0x00001244      0x824 ./Drivers/STM32F1xx_HAL_Driver/Src/stm32f1xx_hal_spi.o
 .debug_frame   0x00001a68       0x20 D:/Program Files/STM32CubeIDE_1.19.0/STM32CubeIDE/plugins/com.st.stm32cube.ide.mcu.externaltools.gnu-tools-for-stm32.13.3.rel1.win32_1.0.0.202411081344/tools/bin/../lib/gcc/arm-none-eabi/13.3.1/../../../../arm-none-eabi/lib/thumb/v7-m/nofp\libc_nano.a(libc_a-memset.o)
 .debug_frame   0x00001a88       0x2c D:/Program Files/STM32CubeIDE_1.19.0/STM32CubeIDE/plugins/com.st.stm32cube.ide.mcu.externaltools.gnu-tools-for-stm32.13.3.rel1.win32_1.0.0.202411081344/tools/bin/../lib/gcc/arm-none-eabi/13.3.1/../../../../arm-none-eabi/lib/thumb/v7-m/nofp\libc_nano.a(libc_a-init.o)

.debug_line_str
                0x00000000       0x7d
 .debug_line_str
                0x00000000       0x7d ./Core/Startup/startup_stm32f103c6tx.o
