02:02:13 **** Build of configuration Debug for project Master MCU C6 ****
make -j8 all 
arm-none-eabi-gcc "../Drivers/STM32F1xx_HAL_Driver/Src/stm32f1xx_hal.c" -mcpu=cortex-m3 -std=gnu11 -g3 -DDEBUG -DUSE_HAL_DRIVER -DSTM32F103x6 -c -I../Core/Inc -I../Drivers/STM32F1xx_HAL_Driver/Inc/Legacy -I../Drivers/STM32F1xx_HAL_Driver/Inc -I../Drivers/CMSIS/Device/ST/STM32F1xx/Include -I../Drivers/CMSIS/Include -O0 -ffunction-sections -fdata-sections -Wall -fstack-usage -fcyclomatic-complexity -MMD -MP -MF"Drivers/STM32F1xx_HAL_Driver/Src/stm32f1xx_hal.d" -MT"Drivers/STM32F1xx_HAL_Driver/Src/stm32f1xx_hal.o" --specs=nano.specs -mfloat-abi=soft -mthumb -o "Drivers/STM32F1xx_HAL_Driver/Src/stm32f1xx_hal.o"
arm-none-eabi-gcc "../Drivers/STM32F1xx_HAL_Driver/Src/stm32f1xx_hal_cortex.c" -mcpu=cortex-m3 -std=gnu11 -g3 -DDEBUG -DUSE_HAL_DRIVER -DSTM32F103x6 -c -I../Core/Inc -I../Drivers/STM32F1xx_HAL_Driver/Inc/Legacy -I../Drivers/STM32F1xx_HAL_Driver/Inc -I../Drivers/CMSIS/Device/ST/STM32F1xx/Include -I../Drivers/CMSIS/Include -O0 -ffunction-sections -fdata-sections -Wall -fstack-usage -fcyclomatic-complexity -MMD -MP -MF"Drivers/STM32F1xx_HAL_Driver/Src/stm32f1xx_hal_cortex.d" -MT"Drivers/STM32F1xx_HAL_Driver/Src/stm32f1xx_hal_cortex.o" --specs=nano.specs -mfloat-abi=soft -mthumb -o "Drivers/STM32F1xx_HAL_Driver/Src/stm32f1xx_hal_cortex.o"
arm-none-eabi-gcc "../Drivers/STM32F1xx_HAL_Driver/Src/stm32f1xx_hal_dma.c" -mcpu=cortex-m3 -std=gnu11 -g3 -DDEBUG -DUSE_HAL_DRIVER -DSTM32F103x6 -c -I../Core/Inc -I../Drivers/STM32F1xx_HAL_Driver/Inc/Legacy -I../Drivers/STM32F1xx_HAL_Driver/Inc -I../Drivers/CMSIS/Device/ST/STM32F1xx/Include -I../Drivers/CMSIS/Include -O0 -ffunction-sections -fdata-sections -Wall -fstack-usage -fcyclomatic-complexity -MMD -MP -MF"Drivers/STM32F1xx_HAL_Driver/Src/stm32f1xx_hal_dma.d" -MT"Drivers/STM32F1xx_HAL_Driver/Src/stm32f1xx_hal_dma.o" --specs=nano.specs -mfloat-abi=soft -mthumb -o "Drivers/STM32F1xx_HAL_Driver/Src/stm32f1xx_hal_dma.o"
arm-none-eabi-gcc "../Drivers/STM32F1xx_HAL_Driver/Src/stm32f1xx_hal_exti.c" -mcpu=cortex-m3 -std=gnu11 -g3 -DDEBUG -DUSE_HAL_DRIVER -DSTM32F103x6 -c -I../Core/Inc -I../Drivers/STM32F1xx_HAL_Driver/Inc/Legacy -I../Drivers/STM32F1xx_HAL_Driver/Inc -I../Drivers/CMSIS/Device/ST/STM32F1xx/Include -I../Drivers/CMSIS/Include -O0 -ffunction-sections -fdata-sections -Wall -fstack-usage -fcyclomatic-complexity -MMD -MP -MF"Drivers/STM32F1xx_HAL_Driver/Src/stm32f1xx_hal_exti.d" -MT"Drivers/STM32F1xx_HAL_Driver/Src/stm32f1xx_hal_exti.o" --specs=nano.specs -mfloat-abi=soft -mthumb -o "Drivers/STM32F1xx_HAL_Driver/Src/stm32f1xx_hal_exti.o"
arm-none-eabi-gcc "../Drivers/STM32F1xx_HAL_Driver/Src/stm32f1xx_hal_flash.c" -mcpu=cortex-m3 -std=gnu11 -g3 -DDEBUG -DUSE_HAL_DRIVER -DSTM32F103x6 -c -I../Core/Inc -I../Drivers/STM32F1xx_HAL_Driver/Inc/Legacy -I../Drivers/STM32F1xx_HAL_Driver/Inc -I../Drivers/CMSIS/Device/ST/STM32F1xx/Include -I../Drivers/CMSIS/Include -O0 -ffunction-sections -fdata-sections -Wall -fstack-usage -fcyclomatic-complexity -MMD -MP -MF"Drivers/STM32F1xx_HAL_Driver/Src/stm32f1xx_hal_flash.d" -MT"Drivers/STM32F1xx_HAL_Driver/Src/stm32f1xx_hal_flash.o" --specs=nano.specs -mfloat-abi=soft -mthumb -o "Drivers/STM32F1xx_HAL_Driver/Src/stm32f1xx_hal_flash.o"
arm-none-eabi-gcc "../Drivers/STM32F1xx_HAL_Driver/Src/stm32f1xx_hal_flash_ex.c" -mcpu=cortex-m3 -std=gnu11 -g3 -DDEBUG -DUSE_HAL_DRIVER -DSTM32F103x6 -c -I../Core/Inc -I../Drivers/STM32F1xx_HAL_Driver/Inc/Legacy -I../Drivers/STM32F1xx_HAL_Driver/Inc -I../Drivers/CMSIS/Device/ST/STM32F1xx/Include -I../Drivers/CMSIS/Include -O0 -ffunction-sections -fdata-sections -Wall -fstack-usage -fcyclomatic-complexity -MMD -MP -MF"Drivers/STM32F1xx_HAL_Driver/Src/stm32f1xx_hal_flash_ex.d" -MT"Drivers/STM32F1xx_HAL_Driver/Src/stm32f1xx_hal_flash_ex.o" --specs=nano.specs -mfloat-abi=soft -mthumb -o "Drivers/STM32F1xx_HAL_Driver/Src/stm32f1xx_hal_flash_ex.o"
arm-none-eabi-gcc "../Drivers/STM32F1xx_HAL_Driver/Src/stm32f1xx_hal_gpio.c" -mcpu=cortex-m3 -std=gnu11 -g3 -DDEBUG -DUSE_HAL_DRIVER -DSTM32F103x6 -c -I../Core/Inc -I../Drivers/STM32F1xx_HAL_Driver/Inc/Legacy -I../Drivers/STM32F1xx_HAL_Driver/Inc -I../Drivers/CMSIS/Device/ST/STM32F1xx/Include -I../Drivers/CMSIS/Include -O0 -ffunction-sections -fdata-sections -Wall -fstack-usage -fcyclomatic-complexity -MMD -MP -MF"Drivers/STM32F1xx_HAL_Driver/Src/stm32f1xx_hal_gpio.d" -MT"Drivers/STM32F1xx_HAL_Driver/Src/stm32f1xx_hal_gpio.o" --specs=nano.specs -mfloat-abi=soft -mthumb -o "Drivers/STM32F1xx_HAL_Driver/Src/stm32f1xx_hal_gpio.o"
arm-none-eabi-gcc "../Drivers/STM32F1xx_HAL_Driver/Src/stm32f1xx_hal_gpio_ex.c" -mcpu=cortex-m3 -std=gnu11 -g3 -DDEBUG -DUSE_HAL_DRIVER -DSTM32F103x6 -c -I../Core/Inc -I../Drivers/STM32F1xx_HAL_Driver/Inc/Legacy -I../Drivers/STM32F1xx_HAL_Driver/Inc -I../Drivers/CMSIS/Device/ST/STM32F1xx/Include -I../Drivers/CMSIS/Include -O0 -ffunction-sections -fdata-sections -Wall -fstack-usage -fcyclomatic-complexity -MMD -MP -MF"Drivers/STM32F1xx_HAL_Driver/Src/stm32f1xx_hal_gpio_ex.d" -MT"Drivers/STM32F1xx_HAL_Driver/Src/stm32f1xx_hal_gpio_ex.o" --specs=nano.specs -mfloat-abi=soft -mthumb -o "Drivers/STM32F1xx_HAL_Driver/Src/stm32f1xx_hal_gpio_ex.o"
arm-none-eabi-gcc "../Drivers/STM32F1xx_HAL_Driver/Src/stm32f1xx_hal_pwr.c" -mcpu=cortex-m3 -std=gnu11 -g3 -DDEBUG -DUSE_HAL_DRIVER -DSTM32F103x6 -c -I../Core/Inc -I../Drivers/STM32F1xx_HAL_Driver/Inc/Legacy -I../Drivers/STM32F1xx_HAL_Driver/Inc -I../Drivers/CMSIS/Device/ST/STM32F1xx/Include -I../Drivers/CMSIS/Include -O0 -ffunction-sections -fdata-sections -Wall -fstack-usage -fcyclomatic-complexity -MMD -MP -MF"Drivers/STM32F1xx_HAL_Driver/Src/stm32f1xx_hal_pwr.d" -MT"Drivers/STM32F1xx_HAL_Driver/Src/stm32f1xx_hal_pwr.o" --specs=nano.specs -mfloat-abi=soft -mthumb -o "Drivers/STM32F1xx_HAL_Driver/Src/stm32f1xx_hal_pwr.o"
arm-none-eabi-gcc "../Drivers/STM32F1xx_HAL_Driver/Src/stm32f1xx_hal_rcc.c" -mcpu=cortex-m3 -std=gnu11 -g3 -DDEBUG -DUSE_HAL_DRIVER -DSTM32F103x6 -c -I../Core/Inc -I../Drivers/STM32F1xx_HAL_Driver/Inc/Legacy -I../Drivers/STM32F1xx_HAL_Driver/Inc -I../Drivers/CMSIS/Device/ST/STM32F1xx/Include -I../Drivers/CMSIS/Include -O0 -ffunction-sections -fdata-sections -Wall -fstack-usage -fcyclomatic-complexity -MMD -MP -MF"Drivers/STM32F1xx_HAL_Driver/Src/stm32f1xx_hal_rcc.d" -MT"Drivers/STM32F1xx_HAL_Driver/Src/stm32f1xx_hal_rcc.o" --specs=nano.specs -mfloat-abi=soft -mthumb -o "Drivers/STM32F1xx_HAL_Driver/Src/stm32f1xx_hal_rcc.o"
arm-none-eabi-gcc "../Drivers/STM32F1xx_HAL_Driver/Src/stm32f1xx_hal_rcc_ex.c" -mcpu=cortex-m3 -std=gnu11 -g3 -DDEBUG -DUSE_HAL_DRIVER -DSTM32F103x6 -c -I../Core/Inc -I../Drivers/STM32F1xx_HAL_Driver/Inc/Legacy -I../Drivers/STM32F1xx_HAL_Driver/Inc -I../Drivers/CMSIS/Device/ST/STM32F1xx/Include -I../Drivers/CMSIS/Include -O0 -ffunction-sections -fdata-sections -Wall -fstack-usage -fcyclomatic-complexity -MMD -MP -MF"Drivers/STM32F1xx_HAL_Driver/Src/stm32f1xx_hal_rcc_ex.d" -MT"Drivers/STM32F1xx_HAL_Driver/Src/stm32f1xx_hal_rcc_ex.o" --specs=nano.specs -mfloat-abi=soft -mthumb -o "Drivers/STM32F1xx_HAL_Driver/Src/stm32f1xx_hal_rcc_ex.o"
arm-none-eabi-gcc "../Drivers/STM32F1xx_HAL_Driver/Src/stm32f1xx_hal_spi.c" -mcpu=cortex-m3 -std=gnu11 -g3 -DDEBUG -DUSE_HAL_DRIVER -DSTM32F103x6 -c -I../Core/Inc -I../Drivers/STM32F1xx_HAL_Driver/Inc/Legacy -I../Drivers/STM32F1xx_HAL_Driver/Inc -I../Drivers/CMSIS/Device/ST/STM32F1xx/Include -I../Drivers/CMSIS/Include -O0 -ffunction-sections -fdata-sections -Wall -fstack-usage -fcyclomatic-complexity -MMD -MP -MF"Drivers/STM32F1xx_HAL_Driver/Src/stm32f1xx_hal_spi.d" -MT"Drivers/STM32F1xx_HAL_Driver/Src/stm32f1xx_hal_spi.o" --specs=nano.specs -mfloat-abi=soft -mthumb -o "Drivers/STM32F1xx_HAL_Driver/Src/stm32f1xx_hal_spi.o"
arm-none-eabi-gcc "../Drivers/STM32F1xx_HAL_Driver/Src/stm32f1xx_hal_uart.c" -mcpu=cortex-m3 -std=gnu11 -g3 -DDEBUG -DUSE_HAL_DRIVER -DSTM32F103x6 -c -I../Core/Inc -I../Drivers/STM32F1xx_HAL_Driver/Inc/Legacy -I../Drivers/STM32F1xx_HAL_Driver/Inc -I../Drivers/CMSIS/Device/ST/STM32F1xx/Include -I../Drivers/CMSIS/Include -O0 -ffunction-sections -fdata-sections -Wall -fstack-usage -fcyclomatic-complexity -MMD -MP -MF"Drivers/STM32F1xx_HAL_Driver/Src/stm32f1xx_hal_uart.d" -MT"Drivers/STM32F1xx_HAL_Driver/Src/stm32f1xx_hal_uart.o" --specs=nano.specs -mfloat-abi=soft -mthumb -o "Drivers/STM32F1xx_HAL_Driver/Src/stm32f1xx_hal_uart.o"
arm-none-eabi-gcc -mcpu=cortex-m3 -g3 -DDEBUG -c -x assembler-with-cpp -MMD -MP -MF"Core/Startup/startup_stm32f103c6tx.d" -MT"Core/Startup/startup_stm32f103c6tx.o" --specs=nano.specs -mfloat-abi=soft -mthumb -o "Core/Startup/startup_stm32f103c6tx.o" "../Core/Startup/startup_stm32f103c6tx.s"
arm-none-eabi-gcc "../Core/Src/main.c" -mcpu=cortex-m3 -std=gnu11 -g3 -DDEBUG -DUSE_HAL_DRIVER -DSTM32F103x6 -c -I../Core/Inc -I../Drivers/STM32F1xx_HAL_Driver/Inc/Legacy -I../Drivers/STM32F1xx_HAL_Driver/Inc -I../Drivers/CMSIS/Device/ST/STM32F1xx/Include -I../Drivers/CMSIS/Include -O0 -ffunction-sections -fdata-sections -Wall -fstack-usage -fcyclomatic-complexity -MMD -MP -MF"Core/Src/main.d" -MT"Core/Src/main.o" --specs=nano.specs -mfloat-abi=soft -mthumb -o "Core/Src/main.o"
arm-none-eabi-gcc "../Core/Src/stm32f1xx_hal_msp.c" -mcpu=cortex-m3 -std=gnu11 -g3 -DDEBUG -DUSE_HAL_DRIVER -DSTM32F103x6 -c -I../Core/Inc -I../Drivers/STM32F1xx_HAL_Driver/Inc/Legacy -I../Drivers/STM32F1xx_HAL_Driver/Inc -I../Drivers/CMSIS/Device/ST/STM32F1xx/Include -I../Drivers/CMSIS/Include -O0 -ffunction-sections -fdata-sections -Wall -fstack-usage -fcyclomatic-complexity -MMD -MP -MF"Core/Src/stm32f1xx_hal_msp.d" -MT"Core/Src/stm32f1xx_hal_msp.o" --specs=nano.specs -mfloat-abi=soft -mthumb -o "Core/Src/stm32f1xx_hal_msp.o"
arm-none-eabi-gcc "../Core/Src/stm32f1xx_it.c" -mcpu=cortex-m3 -std=gnu11 -g3 -DDEBUG -DUSE_HAL_DRIVER -DSTM32F103x6 -c -I../Core/Inc -I../Drivers/STM32F1xx_HAL_Driver/Inc/Legacy -I../Drivers/STM32F1xx_HAL_Driver/Inc -I../Drivers/CMSIS/Device/ST/STM32F1xx/Include -I../Drivers/CMSIS/Include -O0 -ffunction-sections -fdata-sections -Wall -fstack-usage -fcyclomatic-complexity -MMD -MP -MF"Core/Src/stm32f1xx_it.d" -MT"Core/Src/stm32f1xx_it.o" --specs=nano.specs -mfloat-abi=soft -mthumb -o "Core/Src/stm32f1xx_it.o"
arm-none-eabi-gcc "../Core/Src/syscalls.c" -mcpu=cortex-m3 -std=gnu11 -g3 -DDEBUG -DUSE_HAL_DRIVER -DSTM32F103x6 -c -I../Core/Inc -I../Drivers/STM32F1xx_HAL_Driver/Inc/Legacy -I../Drivers/STM32F1xx_HAL_Driver/Inc -I../Drivers/CMSIS/Device/ST/STM32F1xx/Include -I../Drivers/CMSIS/Include -O0 -ffunction-sections -fdata-sections -Wall -fstack-usage -fcyclomatic-complexity -MMD -MP -MF"Core/Src/syscalls.d" -MT"Core/Src/syscalls.o" --specs=nano.specs -mfloat-abi=soft -mthumb -o "Core/Src/syscalls.o"
arm-none-eabi-gcc "../Core/Src/sysmem.c" -mcpu=cortex-m3 -std=gnu11 -g3 -DDEBUG -DUSE_HAL_DRIVER -DSTM32F103x6 -c -I../Core/Inc -I../Drivers/STM32F1xx_HAL_Driver/Inc/Legacy -I../Drivers/STM32F1xx_HAL_Driver/Inc -I../Drivers/CMSIS/Device/ST/STM32F1xx/Include -I../Drivers/CMSIS/Include -O0 -ffunction-sections -fdata-sections -Wall -fstack-usage -fcyclomatic-complexity -MMD -MP -MF"Core/Src/sysmem.d" -MT"Core/Src/sysmem.o" --specs=nano.specs -mfloat-abi=soft -mthumb -o "Core/Src/sysmem.o"
arm-none-eabi-gcc "../Core/Src/system_stm32f1xx.c" -mcpu=cortex-m3 -std=gnu11 -g3 -DDEBUG -DUSE_HAL_DRIVER -DSTM32F103x6 -c -I../Core/Inc -I../Drivers/STM32F1xx_HAL_Driver/Inc/Legacy -I../Drivers/STM32F1xx_HAL_Driver/Inc -I../Drivers/CMSIS/Device/ST/STM32F1xx/Include -I../Drivers/CMSIS/Include -O0 -ffunction-sections -fdata-sections -Wall -fstack-usage -fcyclomatic-complexity -MMD -MP -MF"Core/Src/system_stm32f1xx.d" -MT"Core/Src/system_stm32f1xx.o" --specs=nano.specs -mfloat-abi=soft -mthumb -o "Core/Src/system_stm32f1xx.o"
arm-none-eabi-gcc -o "Master MCU C6.elf" @"objects.list"   -mcpu=cortex-m3 -T"D:\Racing team\ASURT Task 3\Star 2\Task3_Star2\Task3_Star2 CubeIDE C6\Master MCU C6\STM32F103C6TX_FLASH.ld" --specs=nosys.specs -Wl,-Map="Master MCU C6.map" -Wl,--gc-sections -static -u_printf_float --specs=nano.specs -mfloat-abi=soft -mthumb -Wl,--start-group -lc -lm -Wl,--end-group
Finished building target: Master MCU C6.elf
 
arm-none-eabi-size  Master\ MCU\ C6.elf 
arm-none-eabi-objdump -h -S Master\ MCU\ C6.elf  > "Master MCU C6.list"
   text	   data	    bss	    dec	    hex	filename
  23980	    468	   2292	  26740	   6874	Master MCU C6.elf
Finished building: default.size.stdout
 
Finished building: Master MCU C6.list
 
02:02:19 **** Build of configuration Debug for project Slave MCU C6 ****
make -j8 all 
arm-none-eabi-gcc "../Drivers/STM32F1xx_HAL_Driver/Src/stm32f1xx_hal.c" -mcpu=cortex-m3 -std=gnu11 -g3 -DDEBUG -DUSE_HAL_DRIVER -DSTM32F103x6 -c -I../Core/Inc -I../Drivers/STM32F1xx_HAL_Driver/Inc/Legacy -I../Drivers/STM32F1xx_HAL_Driver/Inc -I../Drivers/CMSIS/Device/ST/STM32F1xx/Include -I../Drivers/CMSIS/Include -O0 -ffunction-sections -fdata-sections -Wall -fstack-usage -fcyclomatic-complexity -MMD -MP -MF"Drivers/STM32F1xx_HAL_Driver/Src/stm32f1xx_hal.d" -MT"Drivers/STM32F1xx_HAL_Driver/Src/stm32f1xx_hal.o" --specs=nano.specs -mfloat-abi=soft -mthumb -o "Drivers/STM32F1xx_HAL_Driver/Src/stm32f1xx_hal.o"
arm-none-eabi-gcc "../Drivers/STM32F1xx_HAL_Driver/Src/stm32f1xx_hal_cortex.c" -mcpu=cortex-m3 -std=gnu11 -g3 -DDEBUG -DUSE_HAL_DRIVER -DSTM32F103x6 -c -I../Core/Inc -I../Drivers/STM32F1xx_HAL_Driver/Inc/Legacy -I../Drivers/STM32F1xx_HAL_Driver/Inc -I../Drivers/CMSIS/Device/ST/STM32F1xx/Include -I../Drivers/CMSIS/Include -O0 -ffunction-sections -fdata-sections -Wall -fstack-usage -fcyclomatic-complexity -MMD -MP -MF"Drivers/STM32F1xx_HAL_Driver/Src/stm32f1xx_hal_cortex.d" -MT"Drivers/STM32F1xx_HAL_Driver/Src/stm32f1xx_hal_cortex.o" --specs=nano.specs -mfloat-abi=soft -mthumb -o "Drivers/STM32F1xx_HAL_Driver/Src/stm32f1xx_hal_cortex.o"
arm-none-eabi-gcc "../Drivers/STM32F1xx_HAL_Driver/Src/stm32f1xx_hal_dma.c" -mcpu=cortex-m3 -std=gnu11 -g3 -DDEBUG -DUSE_HAL_DRIVER -DSTM32F103x6 -c -I../Core/Inc -I../Drivers/STM32F1xx_HAL_Driver/Inc/Legacy -I../Drivers/STM32F1xx_HAL_Driver/Inc -I../Drivers/CMSIS/Device/ST/STM32F1xx/Include -I../Drivers/CMSIS/Include -O0 -ffunction-sections -fdata-sections -Wall -fstack-usage -fcyclomatic-complexity -MMD -MP -MF"Drivers/STM32F1xx_HAL_Driver/Src/stm32f1xx_hal_dma.d" -MT"Drivers/STM32F1xx_HAL_Driver/Src/stm32f1xx_hal_dma.o" --specs=nano.specs -mfloat-abi=soft -mthumb -o "Drivers/STM32F1xx_HAL_Driver/Src/stm32f1xx_hal_dma.o"
arm-none-eabi-gcc "../Drivers/STM32F1xx_HAL_Driver/Src/stm32f1xx_hal_exti.c" -mcpu=cortex-m3 -std=gnu11 -g3 -DDEBUG -DUSE_HAL_DRIVER -DSTM32F103x6 -c -I../Core/Inc -I../Drivers/STM32F1xx_HAL_Driver/Inc/Legacy -I../Drivers/STM32F1xx_HAL_Driver/Inc -I../Drivers/CMSIS/Device/ST/STM32F1xx/Include -I../Drivers/CMSIS/Include -O0 -ffunction-sections -fdata-sections -Wall -fstack-usage -fcyclomatic-complexity -MMD -MP -MF"Drivers/STM32F1xx_HAL_Driver/Src/stm32f1xx_hal_exti.d" -MT"Drivers/STM32F1xx_HAL_Driver/Src/stm32f1xx_hal_exti.o" --specs=nano.specs -mfloat-abi=soft -mthumb -o "Drivers/STM32F1xx_HAL_Driver/Src/stm32f1xx_hal_exti.o"
arm-none-eabi-gcc "../Drivers/STM32F1xx_HAL_Driver/Src/stm32f1xx_hal_flash.c" -mcpu=cortex-m3 -std=gnu11 -g3 -DDEBUG -DUSE_HAL_DRIVER -DSTM32F103x6 -c -I../Core/Inc -I../Drivers/STM32F1xx_HAL_Driver/Inc/Legacy -I../Drivers/STM32F1xx_HAL_Driver/Inc -I../Drivers/CMSIS/Device/ST/STM32F1xx/Include -I../Drivers/CMSIS/Include -O0 -ffunction-sections -fdata-sections -Wall -fstack-usage -fcyclomatic-complexity -MMD -MP -MF"Drivers/STM32F1xx_HAL_Driver/Src/stm32f1xx_hal_flash.d" -MT"Drivers/STM32F1xx_HAL_Driver/Src/stm32f1xx_hal_flash.o" --specs=nano.specs -mfloat-abi=soft -mthumb -o "Drivers/STM32F1xx_HAL_Driver/Src/stm32f1xx_hal_flash.o"
arm-none-eabi-gcc "../Drivers/STM32F1xx_HAL_Driver/Src/stm32f1xx_hal_flash_ex.c" -mcpu=cortex-m3 -std=gnu11 -g3 -DDEBUG -DUSE_HAL_DRIVER -DSTM32F103x6 -c -I../Core/Inc -I../Drivers/STM32F1xx_HAL_Driver/Inc/Legacy -I../Drivers/STM32F1xx_HAL_Driver/Inc -I../Drivers/CMSIS/Device/ST/STM32F1xx/Include -I../Drivers/CMSIS/Include -O0 -ffunction-sections -fdata-sections -Wall -fstack-usage -fcyclomatic-complexity -MMD -MP -MF"Drivers/STM32F1xx_HAL_Driver/Src/stm32f1xx_hal_flash_ex.d" -MT"Drivers/STM32F1xx_HAL_Driver/Src/stm32f1xx_hal_flash_ex.o" --specs=nano.specs -mfloat-abi=soft -mthumb -o "Drivers/STM32F1xx_HAL_Driver/Src/stm32f1xx_hal_flash_ex.o"
arm-none-eabi-gcc "../Drivers/STM32F1xx_HAL_Driver/Src/stm32f1xx_hal_gpio.c" -mcpu=cortex-m3 -std=gnu11 -g3 -DDEBUG -DUSE_HAL_DRIVER -DSTM32F103x6 -c -I../Core/Inc -I../Drivers/STM32F1xx_HAL_Driver/Inc/Legacy -I../Drivers/STM32F1xx_HAL_Driver/Inc -I../Drivers/CMSIS/Device/ST/STM32F1xx/Include -I../Drivers/CMSIS/Include -O0 -ffunction-sections -fdata-sections -Wall -fstack-usage -fcyclomatic-complexity -MMD -MP -MF"Drivers/STM32F1xx_HAL_Driver/Src/stm32f1xx_hal_gpio.d" -MT"Drivers/STM32F1xx_HAL_Driver/Src/stm32f1xx_hal_gpio.o" --specs=nano.specs -mfloat-abi=soft -mthumb -o "Drivers/STM32F1xx_HAL_Driver/Src/stm32f1xx_hal_gpio.o"
arm-none-eabi-gcc "../Drivers/STM32F1xx_HAL_Driver/Src/stm32f1xx_hal_gpio_ex.c" -mcpu=cortex-m3 -std=gnu11 -g3 -DDEBUG -DUSE_HAL_DRIVER -DSTM32F103x6 -c -I../Core/Inc -I../Drivers/STM32F1xx_HAL_Driver/Inc/Legacy -I../Drivers/STM32F1xx_HAL_Driver/Inc -I../Drivers/CMSIS/Device/ST/STM32F1xx/Include -I../Drivers/CMSIS/Include -O0 -ffunction-sections -fdata-sections -Wall -fstack-usage -fcyclomatic-complexity -MMD -MP -MF"Drivers/STM32F1xx_HAL_Driver/Src/stm32f1xx_hal_gpio_ex.d" -MT"Drivers/STM32F1xx_HAL_Driver/Src/stm32f1xx_hal_gpio_ex.o" --specs=nano.specs -mfloat-abi=soft -mthumb -o "Drivers/STM32F1xx_HAL_Driver/Src/stm32f1xx_hal_gpio_ex.o"
arm-none-eabi-gcc "../Drivers/STM32F1xx_HAL_Driver/Src/stm32f1xx_hal_pwr.c" -mcpu=cortex-m3 -std=gnu11 -g3 -DDEBUG -DUSE_HAL_DRIVER -DSTM32F103x6 -c -I../Core/Inc -I../Drivers/STM32F1xx_HAL_Driver/Inc/Legacy -I../Drivers/STM32F1xx_HAL_Driver/Inc -I../Drivers/CMSIS/Device/ST/STM32F1xx/Include -I../Drivers/CMSIS/Include -O0 -ffunction-sections -fdata-sections -Wall -fstack-usage -fcyclomatic-complexity -MMD -MP -MF"Drivers/STM32F1xx_HAL_Driver/Src/stm32f1xx_hal_pwr.d" -MT"Drivers/STM32F1xx_HAL_Driver/Src/stm32f1xx_hal_pwr.o" --specs=nano.specs -mfloat-abi=soft -mthumb -o "Drivers/STM32F1xx_HAL_Driver/Src/stm32f1xx_hal_pwr.o"
arm-none-eabi-gcc "../Drivers/STM32F1xx_HAL_Driver/Src/stm32f1xx_hal_rcc.c" -mcpu=cortex-m3 -std=gnu11 -g3 -DDEBUG -DUSE_HAL_DRIVER -DSTM32F103x6 -c -I../Core/Inc -I../Drivers/STM32F1xx_HAL_Driver/Inc/Legacy -I../Drivers/STM32F1xx_HAL_Driver/Inc -I../Drivers/CMSIS/Device/ST/STM32F1xx/Include -I../Drivers/CMSIS/Include -O0 -ffunction-sections -fdata-sections -Wall -fstack-usage -fcyclomatic-complexity -MMD -MP -MF"Drivers/STM32F1xx_HAL_Driver/Src/stm32f1xx_hal_rcc.d" -MT"Drivers/STM32F1xx_HAL_Driver/Src/stm32f1xx_hal_rcc.o" --specs=nano.specs -mfloat-abi=soft -mthumb -o "Drivers/STM32F1xx_HAL_Driver/Src/stm32f1xx_hal_rcc.o"
arm-none-eabi-gcc "../Drivers/STM32F1xx_HAL_Driver/Src/stm32f1xx_hal_rcc_ex.c" -mcpu=cortex-m3 -std=gnu11 -g3 -DDEBUG -DUSE_HAL_DRIVER -DSTM32F103x6 -c -I../Core/Inc -I../Drivers/STM32F1xx_HAL_Driver/Inc/Legacy -I../Drivers/STM32F1xx_HAL_Driver/Inc -I../Drivers/CMSIS/Device/ST/STM32F1xx/Include -I../Drivers/CMSIS/Include -O0 -ffunction-sections -fdata-sections -Wall -fstack-usage -fcyclomatic-complexity -MMD -MP -MF"Drivers/STM32F1xx_HAL_Driver/Src/stm32f1xx_hal_rcc_ex.d" -MT"Drivers/STM32F1xx_HAL_Driver/Src/stm32f1xx_hal_rcc_ex.o" --specs=nano.specs -mfloat-abi=soft -mthumb -o "Drivers/STM32F1xx_HAL_Driver/Src/stm32f1xx_hal_rcc_ex.o"
arm-none-eabi-gcc "../Drivers/STM32F1xx_HAL_Driver/Src/stm32f1xx_hal_spi.c" -mcpu=cortex-m3 -std=gnu11 -g3 -DDEBUG -DUSE_HAL_DRIVER -DSTM32F103x6 -c -I../Core/Inc -I../Drivers/STM32F1xx_HAL_Driver/Inc/Legacy -I../Drivers/STM32F1xx_HAL_Driver/Inc -I../Drivers/CMSIS/Device/ST/STM32F1xx/Include -I../Drivers/CMSIS/Include -O0 -ffunction-sections -fdata-sections -Wall -fstack-usage -fcyclomatic-complexity -MMD -MP -MF"Drivers/STM32F1xx_HAL_Driver/Src/stm32f1xx_hal_spi.d" -MT"Drivers/STM32F1xx_HAL_Driver/Src/stm32f1xx_hal_spi.o" --specs=nano.specs -mfloat-abi=soft -mthumb -o "Drivers/STM32F1xx_HAL_Driver/Src/stm32f1xx_hal_spi.o"
arm-none-eabi-gcc -mcpu=cortex-m3 -g3 -DDEBUG -c -x assembler-with-cpp -MMD -MP -MF"Core/Startup/startup_stm32f103c6tx.d" -MT"Core/Startup/startup_stm32f103c6tx.o" --specs=nano.specs -mfloat-abi=soft -mthumb -o "Core/Startup/startup_stm32f103c6tx.o" "../Core/Startup/startup_stm32f103c6tx.s"
arm-none-eabi-gcc "../Core/Src/main.c" -mcpu=cortex-m3 -std=gnu11 -g3 -DDEBUG -DUSE_HAL_DRIVER -DSTM32F103x6 -c -I../Core/Inc -I../Drivers/STM32F1xx_HAL_Driver/Inc/Legacy -I../Drivers/STM32F1xx_HAL_Driver/Inc -I../Drivers/CMSIS/Device/ST/STM32F1xx/Include -I../Drivers/CMSIS/Include -O0 -ffunction-sections -fdata-sections -Wall -fstack-usage -fcyclomatic-complexity -MMD -MP -MF"Core/Src/main.d" -MT"Core/Src/main.o" --specs=nano.specs -mfloat-abi=soft -mthumb -o "Core/Src/main.o"
arm-none-eabi-gcc "../Core/Src/stm32f1xx_hal_msp.c" -mcpu=cortex-m3 -std=gnu11 -g3 -DDEBUG -DUSE_HAL_DRIVER -DSTM32F103x6 -c -I../Core/Inc -I../Drivers/STM32F1xx_HAL_Driver/Inc/Legacy -I../Drivers/STM32F1xx_HAL_Driver/Inc -I../Drivers/CMSIS/Device/ST/STM32F1xx/Include -I../Drivers/CMSIS/Include -O0 -ffunction-sections -fdata-sections -Wall -fstack-usage -fcyclomatic-complexity -MMD -MP -MF"Core/Src/stm32f1xx_hal_msp.d" -MT"Core/Src/stm32f1xx_hal_msp.o" --specs=nano.specs -mfloat-abi=soft -mthumb -o "Core/Src/stm32f1xx_hal_msp.o"
arm-none-eabi-gcc "../Core/Src/stm32f1xx_it.c" -mcpu=cortex-m3 -std=gnu11 -g3 -DDEBUG -DUSE_HAL_DRIVER -DSTM32F103x6 -c -I../Core/Inc -I../Drivers/STM32F1xx_HAL_Driver/Inc/Legacy -I../Drivers/STM32F1xx_HAL_Driver/Inc -I../Drivers/CMSIS/Device/ST/STM32F1xx/Include -I../Drivers/CMSIS/Include -O0 -ffunction-sections -fdata-sections -Wall -fstack-usage -fcyclomatic-complexity -MMD -MP -MF"Core/Src/stm32f1xx_it.d" -MT"Core/Src/stm32f1xx_it.o" --specs=nano.specs -mfloat-abi=soft -mthumb -o "Core/Src/stm32f1xx_it.o"
arm-none-eabi-gcc "../Core/Src/syscalls.c" -mcpu=cortex-m3 -std=gnu11 -g3 -DDEBUG -DUSE_HAL_DRIVER -DSTM32F103x6 -c -I../Core/Inc -I../Drivers/STM32F1xx_HAL_Driver/Inc/Legacy -I../Drivers/STM32F1xx_HAL_Driver/Inc -I../Drivers/CMSIS/Device/ST/STM32F1xx/Include -I../Drivers/CMSIS/Include -O0 -ffunction-sections -fdata-sections -Wall -fstack-usage -fcyclomatic-complexity -MMD -MP -MF"Core/Src/syscalls.d" -MT"Core/Src/syscalls.o" --specs=nano.specs -mfloat-abi=soft -mthumb -o "Core/Src/syscalls.o"
arm-none-eabi-gcc "../Core/Src/sysmem.c" -mcpu=cortex-m3 -std=gnu11 -g3 -DDEBUG -DUSE_HAL_DRIVER -DSTM32F103x6 -c -I../Core/Inc -I../Drivers/STM32F1xx_HAL_Driver/Inc/Legacy -I../Drivers/STM32F1xx_HAL_Driver/Inc -I../Drivers/CMSIS/Device/ST/STM32F1xx/Include -I../Drivers/CMSIS/Include -O0 -ffunction-sections -fdata-sections -Wall -fstack-usage -fcyclomatic-complexity -MMD -MP -MF"Core/Src/sysmem.d" -MT"Core/Src/sysmem.o" --specs=nano.specs -mfloat-abi=soft -mthumb -o "Core/Src/sysmem.o"
arm-none-eabi-gcc "../Core/Src/system_stm32f1xx.c" -mcpu=cortex-m3 -std=gnu11 -g3 -DDEBUG -DUSE_HAL_DRIVER -DSTM32F103x6 -c -I../Core/Inc -I../Drivers/STM32F1xx_HAL_Driver/Inc/Legacy -I../Drivers/STM32F1xx_HAL_Driver/Inc -I../Drivers/CMSIS/Device/ST/STM32F1xx/Include -I../Drivers/CMSIS/Include -O0 -ffunction-sections -fdata-sections -Wall -fstack-usage -fcyclomatic-complexity -MMD -MP -MF"Core/Src/system_stm32f1xx.d" -MT"Core/Src/system_stm32f1xx.o" --specs=nano.specs -mfloat-abi=soft -mthumb -o "Core/Src/system_stm32f1xx.o"
../Core/Src/main.c: In function 'main':
../Core/Src/main.c:116:5: error: 'hspil' undeclared (first use in this function); did you mean 'hspi1'?
  116 |     hspil.Init.NSS = SPI_NSS_HARD_INPUT;
      |     ^~~~~
      |     hspi1
../Core/Src/main.c:116:5: note: each undeclared identifier is reported only once for each function it appears in
make: *** [Core/Src/subdir.mk:34: Core/Src/main.o] Error 1
make: *** Waiting for unfinished jobs....
"make -j8 all" terminated with exit code 2. Build might be incomplete.
02:03:39 **** Incremental Build of configuration Debug for project Master MCU C6 ****
make -j8 all 
arm-none-eabi-size  Master\ MCU\ C6.elf 
   text	   data	    bss	    dec	    hex	filename
  23980	    468	   2292	  26740	   6874	Master MCU C6.elf
Finished building: default.size.stdout
 
02:03:41 **** Incremental Build of configuration Debug for project Slave MCU C6 ****
make -j8 all 
arm-none-eabi-gcc "../Core/Src/main.c" -mcpu=cortex-m3 -std=gnu11 -g3 -DDEBUG -DUSE_HAL_DRIVER -DSTM32F103x6 -c -I../Core/Inc -I../Drivers/STM32F1xx_HAL_Driver/Inc/Legacy -I../Drivers/STM32F1xx_HAL_Driver/Inc -I../Drivers/CMSIS/Device/ST/STM32F1xx/Include -I../Drivers/CMSIS/Include -O0 -ffunction-sections -fdata-sections -Wall -fstack-usage -fcyclomatic-complexity -MMD -MP -MF"Core/Src/main.d" -MT"Core/Src/main.o" --specs=nano.specs -mfloat-abi=soft -mthumb -o "Core/Src/main.o"
arm-none-eabi-gcc -o "Slave MCU C6.elf" @"objects.list"   -mcpu=cortex-m3 -T"D:\Racing team\ASURT Task 3\Star 2\Task3_Star2\Task3_Star2 CubeIDE C6\Slave MCU\STM32F103C6TX_FLASH.ld" --specs=nosys.specs -Wl,-Map="Slave MCU C6.map" -Wl,--gc-sections -static --specs=nano.specs -mfloat-abi=soft -mthumb -Wl,--start-group -lc -lm -Wl,--end-group
Finished building target: Slave MCU C6.elf
 
arm-none-eabi-size  Slave\ MCU\ C6.elf 
arm-none-eabi-objdump -h -S Slave\ MCU\ C6.elf  > "Slave MCU C6.list"
   text	   data	    bss	    dec	    hex	filename
   9380	     12	   1676	  11068	   2b3c	Slave MCU C6.elf
Finished building: default.size.stdout
 
Finished building: Slave MCU C6.list
 
02:11:25 **** Incremental Build of configuration Debug for project Master MCU C6 ****
make -j8 all 
arm-none-eabi-gcc -o "Master MCU C6.elf" @"objects.list"   -mcpu=cortex-m3 -T"D:\Racing team\ASURT Task 3\Star 2\Task3_Star2\Task3_Star2 CubeIDE C6\Master MCU C6\STM32F103C6TX_FLASH.ld" --specs=nosys.specs -Wl,-Map="Master MCU C6.map" -Wl,--gc-sections -static -u_printf_float --specs=nano.specs -mfloat-abi=soft -mthumb -Wl,--start-group -lc -lm -Wl,--end-group
Finished building target: Master MCU C6.elf
 
arm-none-eabi-size  Master\ MCU\ C6.elf 
arm-none-eabi-objdump -h -S Master\ MCU\ C6.elf  > "Master MCU C6.list"
arm-none-eabi-objcopy  -O ihex Master\ MCU\ C6.elf  "Master MCU C6.hex"
   text	   data	    bss	    dec	    hex	filename
  23980	    468	   2292	  26740	   6874	Master MCU C6.elf
Finished building: default.size.stdout
 
Finished building: Master MCU C6.hex
Finished building: Master MCU C6.list
 
 
02:11:28 **** Incremental Build of configuration Debug for project Slave MCU C6 ****
make -j8 all 
arm-none-eabi-gcc -o "Slave MCU C6.elf" @"objects.list"   -mcpu=cortex-m3 -T"D:\Racing team\ASURT Task 3\Star 2\Task3_Star2\Task3_Star2 CubeIDE C6\Slave MCU\STM32F103C6TX_FLASH.ld" --specs=nosys.specs -Wl,-Map="Slave MCU C6.map" -Wl,--gc-sections -static --specs=nano.specs -mfloat-abi=soft -mthumb -Wl,--start-group -lc -lm -Wl,--end-group
Finished building target: Slave MCU C6.elf
 
arm-none-eabi-size  Slave\ MCU\ C6.elf 
arm-none-eabi-objdump -h -S Slave\ MCU\ C6.elf  > "Slave MCU C6.list"
   text	   data	    bss	    dec	    hex	filename
   9380	     12	   1676	  11068	   2b3c	Slave MCU C6.elf
arm-none-eabi-objcopy  -O ihex Slave\ MCU\ C6.elf  "Slave MCU C6.hex"
Finished building: default.size.stdout
 
Finished building: Slave MCU C6.list
Finished building: Slave MCU C6.hex
 
 
10:09:00 **** Incremental Build of configuration Debug for project Master MCU C6 ****
make -j8 all 
arm-none-eabi-gcc "../Core/Src/main.c" -mcpu=cortex-m3 -std=gnu11 -g3 -DDEBUG -DUSE_HAL_DRIVER -DSTM32F103x6 -c -I../Core/Inc -I../Drivers/STM32F1xx_HAL_Driver/Inc/Legacy -I../Drivers/STM32F1xx_HAL_Driver/Inc -I../Drivers/CMSIS/Device/ST/STM32F1xx/Include -I../Drivers/CMSIS/Include -O0 -ffunction-sections -fdata-sections -Wall -fstack-usage -fcyclomatic-complexity -MMD -MP -MF"Core/Src/main.d" -MT"Core/Src/main.o" --specs=nano.specs -mfloat-abi=soft -mthumb -o "Core/Src/main.o"
arm-none-eabi-gcc -o "Master MCU C6.elf" @"objects.list"   -mcpu=cortex-m3 -T"D:\Racing team\ASURT Task 3\Star 2\Task3_Star2\Task3_Star2 CubeIDE C6\Master MCU C6\STM32F103C6TX_FLASH.ld" --specs=nosys.specs -Wl,-Map="Master MCU C6.map" -Wl,--gc-sections -static -u_printf_float --specs=nano.specs -mfloat-abi=soft -mthumb -Wl,--start-group -lc -lm -Wl,--end-group
Finished building target: Master MCU C6.elf
 
arm-none-eabi-size  Master\ MCU\ C6.elf 
arm-none-eabi-objdump -h -S Master\ MCU\ C6.elf  > "Master MCU C6.list"
arm-none-eabi-objcopy  -O ihex Master\ MCU\ C6.elf  "Master MCU C6.hex"
   text	   data	    bss	    dec	    hex	filename
  23216	    468	   2180	  25864	   6508	Master MCU C6.elf
Finished building: default.size.stdout
 
Finished building: Master MCU C6.hex
Finished building: Master MCU C6.list
 
 
10:09:03 **** Incremental Build of configuration Debug for project Slave MCU C6 ****
make -j8 all 
arm-none-eabi-gcc "../Core/Src/main.c" -mcpu=cortex-m3 -std=gnu11 -g3 -DDEBUG -DUSE_HAL_DRIVER -DSTM32F103x6 -c -I../Core/Inc -I../Drivers/STM32F1xx_HAL_Driver/Inc/Legacy -I../Drivers/STM32F1xx_HAL_Driver/Inc -I../Drivers/CMSIS/Device/ST/STM32F1xx/Include -I../Drivers/CMSIS/Include -O0 -ffunction-sections -fdata-sections -Wall -fstack-usage -fcyclomatic-complexity -MMD -MP -MF"Core/Src/main.d" -MT"Core/Src/main.o" --specs=nano.specs -mfloat-abi=soft -mthumb -o "Core/Src/main.o"
../Core/Src/main.c: In function 'main':
../Core/Src/main.c:128:39: warning: unused variable 'status' [-Wunused-variable]
  128 |                     HAL_StatusTypeDef status = HAL_SPI_TransmitReceive(&hspi1, dummy_tx, received_buffer, 3, HAL_MAX_DELAY);
      |                                       ^~~~~~
../Core/Src/main.c:93:25: warning: unused variable 'Readings' [-Wunused-variable]
   93 |                 reading Readings[5] = {Reading_1, Reading_2, Reading_3, Reading_4, Reading_5};
      |                         ^~~~~~~~
arm-none-eabi-gcc -o "Slave MCU C6.elf" @"objects.list"   -mcpu=cortex-m3 -T"D:\Racing team\ASURT Task 3\Star 2\Task3_Star2\Task3_Star2 CubeIDE C6\Slave MCU\STM32F103C6TX_FLASH.ld" --specs=nosys.specs -Wl,-Map="Slave MCU C6.map" -Wl,--gc-sections -static --specs=nano.specs -mfloat-abi=soft -mthumb -Wl,--start-group -lc -lm -Wl,--end-group
Finished building target: Slave MCU C6.elf
 
arm-none-eabi-size  Slave\ MCU\ C6.elf 
arm-none-eabi-objdump -h -S Slave\ MCU\ C6.elf  > "Slave MCU C6.list"
   text	   data	    bss	    dec	    hex	filename
   6548	     12	   1660	   8220	   201c	Slave MCU C6.elf
arm-none-eabi-objcopy  -O ihex Slave\ MCU\ C6.elf  "Slave MCU C6.hex"
Finished building: default.size.stdout
 
Finished building: Slave MCU C6.hex
Finished building: Slave MCU C6.list
 
 
10:15:39 **** Incremental Build of configuration Debug for project Master MCU C6 ****
make -j8 all 
arm-none-eabi-size  Master\ MCU\ C6.elf 
   text	   data	    bss	    dec	    hex	filename
  23216	    468	   2180	  25864	   6508	Master MCU C6.elf
Finished building: default.size.stdout
 
10:15:40 **** Incremental Build of configuration Debug for project Slave MCU C6 ****
make -j8 all 
arm-none-eabi-gcc "../Core/Src/main.c" -mcpu=cortex-m3 -std=gnu11 -g3 -DDEBUG -DUSE_HAL_DRIVER -DSTM32F103x6 -c -I../Core/Inc -I../Drivers/STM32F1xx_HAL_Driver/Inc/Legacy -I../Drivers/STM32F1xx_HAL_Driver/Inc -I../Drivers/CMSIS/Device/ST/STM32F1xx/Include -I../Drivers/CMSIS/Include -O0 -ffunction-sections -fdata-sections -Wall -fstack-usage -fcyclomatic-complexity -MMD -MP -MF"Core/Src/main.d" -MT"Core/Src/main.o" --specs=nano.specs -mfloat-abi=soft -mthumb -o "Core/Src/main.o"
../Core/Src/main.c: In function 'main':
../Core/Src/main.c:93:25: warning: unused variable 'Readings' [-Wunused-variable]
   93 |                 reading Readings[5] = {Reading_1, Reading_2, Reading_3, Reading_4, Reading_5};
      |                         ^~~~~~~~
arm-none-eabi-gcc -o "Slave MCU C6.elf" @"objects.list"   -mcpu=cortex-m3 -T"D:\Racing team\ASURT Task 3\Star 2\Task3_Star2\Task3_Star2 CubeIDE C6\Slave MCU\STM32F103C6TX_FLASH.ld" --specs=nosys.specs -Wl,-Map="Slave MCU C6.map" -Wl,--gc-sections -static --specs=nano.specs -mfloat-abi=soft -mthumb -Wl,--start-group -lc -lm -Wl,--end-group
Finished building target: Slave MCU C6.elf
 
arm-none-eabi-size  Slave\ MCU\ C6.elf 
arm-none-eabi-objdump -h -S Slave\ MCU\ C6.elf  > "Slave MCU C6.list"
arm-none-eabi-objcopy  -O ihex Slave\ MCU\ C6.elf  "Slave MCU C6.hex"
   text	   data	    bss	    dec	    hex	filename
   6556	     12	   1660	   8228	   2024	Slave MCU C6.elf
Finished building: default.size.stdout
 
Finished building: Slave MCU C6.list
Finished building: Slave MCU C6.hex
 
 
10:18:08 **** Incremental Build of configuration Debug for project Master MCU C6 ****
make -j8 all 
arm-none-eabi-size  Master\ MCU\ C6.elf 
   text	   data	    bss	    dec	    hex	filename
  23216	    468	   2180	  25864	   6508	Master MCU C6.elf
Finished building: default.size.stdout
 
10:18:09 **** Incremental Build of configuration Debug for project Slave MCU C6 ****
make -j8 all 
arm-none-eabi-gcc "../Core/Src/main.c" -mcpu=cortex-m3 -std=gnu11 -g3 -DDEBUG -DUSE_HAL_DRIVER -DSTM32F103x6 -c -I../Core/Inc -I../Drivers/STM32F1xx_HAL_Driver/Inc/Legacy -I../Drivers/STM32F1xx_HAL_Driver/Inc -I../Drivers/CMSIS/Device/ST/STM32F1xx/Include -I../Drivers/CMSIS/Include -O0 -ffunction-sections -fdata-sections -Wall -fstack-usage -fcyclomatic-complexity -MMD -MP -MF"Core/Src/main.d" -MT"Core/Src/main.o" --specs=nano.specs -mfloat-abi=soft -mthumb -o "Core/Src/main.o"
../Core/Src/main.c: In function 'main':
../Core/Src/main.c:93:25: warning: unused variable 'Readings' [-Wunused-variable]
   93 |                 reading Readings[5] = {Reading_1, Reading_2, Reading_3, Reading_4, Reading_5};
      |                         ^~~~~~~~
arm-none-eabi-gcc -o "Slave MCU C6.elf" @"objects.list"   -mcpu=cortex-m3 -T"D:\Racing team\ASURT Task 3\Star 2\Task3_Star2\Task3_Star2 CubeIDE C6\Slave MCU\STM32F103C6TX_FLASH.ld" --specs=nosys.specs -Wl,-Map="Slave MCU C6.map" -Wl,--gc-sections -static --specs=nano.specs -mfloat-abi=soft -mthumb -Wl,--start-group -lc -lm -Wl,--end-group
Finished building target: Slave MCU C6.elf
 
arm-none-eabi-size  Slave\ MCU\ C6.elf 
arm-none-eabi-objdump -h -S Slave\ MCU\ C6.elf  > "Slave MCU C6.list"
arm-none-eabi-objcopy  -O ihex Slave\ MCU\ C6.elf  "Slave MCU C6.hex"
   text	   data	    bss	    dec	    hex	filename
   6556	     12	   1660	   8228	   2024	Slave MCU C6.elf
Finished building: default.size.stdout
 
Finished building: Slave MCU C6.list
Finished building: Slave MCU C6.hex
 
 
10:19:44 **** Incremental Build of configuration Debug for project Master MCU C6 ****
make -j8 all 
arm-none-eabi-size  Master\ MCU\ C6.elf 
   text	   data	    bss	    dec	    hex	filename
  23216	    468	   2180	  25864	   6508	Master MCU C6.elf
Finished building: default.size.stdout
 
10:19:45 **** Incremental Build of configuration Debug for project Slave MCU C6 ****
make -j8 all 
arm-none-eabi-gcc "../Core/Src/main.c" -mcpu=cortex-m3 -std=gnu11 -g3 -DDEBUG -DUSE_HAL_DRIVER -DSTM32F103x6 -c -I../Core/Inc -I../Drivers/STM32F1xx_HAL_Driver/Inc/Legacy -I../Drivers/STM32F1xx_HAL_Driver/Inc -I../Drivers/CMSIS/Device/ST/STM32F1xx/Include -I../Drivers/CMSIS/Include -O0 -ffunction-sections -fdata-sections -Wall -fstack-usage -fcyclomatic-complexity -MMD -MP -MF"Core/Src/main.d" -MT"Core/Src/main.o" --specs=nano.specs -mfloat-abi=soft -mthumb -o "Core/Src/main.o"
../Core/Src/main.c: In function 'main':
../Core/Src/main.c:93:25: warning: unused variable 'Readings' [-Wunused-variable]
   93 |                 reading Readings[5] = {Reading_1, Reading_2, Reading_3, Reading_4, Reading_5};
      |                         ^~~~~~~~
arm-none-eabi-gcc -o "Slave MCU C6.elf" @"objects.list"   -mcpu=cortex-m3 -T"D:\Racing team\ASURT Task 3\Star 2\Task3_Star2\Task3_Star2 CubeIDE C6\Slave MCU\STM32F103C6TX_FLASH.ld" --specs=nosys.specs -Wl,-Map="Slave MCU C6.map" -Wl,--gc-sections -static --specs=nano.specs -mfloat-abi=soft -mthumb -Wl,--start-group -lc -lm -Wl,--end-group
Finished building target: Slave MCU C6.elf
 
arm-none-eabi-size  Slave\ MCU\ C6.elf 
arm-none-eabi-objdump -h -S Slave\ MCU\ C6.elf  > "Slave MCU C6.list"
   text	   data	    bss	    dec	    hex	filename
   6548	     12	   1660	   8220	   201c	Slave MCU C6.elf
arm-none-eabi-objcopy  -O ihex Slave\ MCU\ C6.elf  "Slave MCU C6.hex"
Finished building: default.size.stdout
 
Finished building: Slave MCU C6.list
 
Finished building: Slave MCU C6.hex
 
10:21:53 **** Incremental Build of configuration Debug for project Master MCU C6 ****
make -j8 all 
arm-none-eabi-size  Master\ MCU\ C6.elf 
   text	   data	    bss	    dec	    hex	filename
  23216	    468	   2180	  25864	   6508	Master MCU C6.elf
Finished building: default.size.stdout
 
10:21:55 **** Incremental Build of configuration Debug for project Slave MCU C6 ****
make -j8 all 
arm-none-eabi-gcc "../Core/Src/main.c" -mcpu=cortex-m3 -std=gnu11 -g3 -DDEBUG -DUSE_HAL_DRIVER -DSTM32F103x6 -c -I../Core/Inc -I../Drivers/STM32F1xx_HAL_Driver/Inc/Legacy -I../Drivers/STM32F1xx_HAL_Driver/Inc -I../Drivers/CMSIS/Device/ST/STM32F1xx/Include -I../Drivers/CMSIS/Include -O0 -ffunction-sections -fdata-sections -Wall -fstack-usage -fcyclomatic-complexity -MMD -MP -MF"Core/Src/main.d" -MT"Core/Src/main.o" --specs=nano.specs -mfloat-abi=soft -mthumb -o "Core/Src/main.o"
../Core/Src/main.c: In function 'main':
../Core/Src/main.c:93:25: warning: unused variable 'Readings' [-Wunused-variable]
   93 |                 reading Readings[5] = {Reading_1, Reading_2, Reading_3, Reading_4, Reading_5};
      |                         ^~~~~~~~
arm-none-eabi-gcc -o "Slave MCU C6.elf" @"objects.list"   -mcpu=cortex-m3 -T"D:\Racing team\ASURT Task 3\Star 2\Task3_Star2\Task3_Star2 CubeIDE C6\Slave MCU\STM32F103C6TX_FLASH.ld" --specs=nosys.specs -Wl,-Map="Slave MCU C6.map" -Wl,--gc-sections -static --specs=nano.specs -mfloat-abi=soft -mthumb -Wl,--start-group -lc -lm -Wl,--end-group
Finished building target: Slave MCU C6.elf
 
arm-none-eabi-size  Slave\ MCU\ C6.elf 
arm-none-eabi-objdump -h -S Slave\ MCU\ C6.elf  > "Slave MCU C6.list"
arm-none-eabi-objcopy  -O ihex Slave\ MCU\ C6.elf  "Slave MCU C6.hex"
   text	   data	    bss	    dec	    hex	filename
   6548	     12	   1660	   8220	   201c	Slave MCU C6.elf
Finished building: default.size.stdout
 
Finished building: Slave MCU C6.list
Finished building: Slave MCU C6.hex
 
 
10:35:36 **** Incremental Build of configuration Debug for project Master MCU C6 ****
make -j8 all 
arm-none-eabi-gcc "../Core/Src/main.c" -mcpu=cortex-m3 -std=gnu11 -g3 -DDEBUG -DUSE_HAL_DRIVER -DSTM32F103x6 -c -I../Core/Inc -I../Drivers/STM32F1xx_HAL_Driver/Inc/Legacy -I../Drivers/STM32F1xx_HAL_Driver/Inc -I../Drivers/CMSIS/Device/ST/STM32F1xx/Include -I../Drivers/CMSIS/Include -O0 -ffunction-sections -fdata-sections -Wall -fstack-usage -fcyclomatic-complexity -MMD -MP -MF"Core/Src/main.d" -MT"Core/Src/main.o" --specs=nano.specs -mfloat-abi=soft -mthumb -o "Core/Src/main.o"
../Core/Src/main.c: In function 'main':
../Core/Src/main.c:195:13: error: invalid storage class for function 'MX_SPI1_Init'
  195 | static void MX_SPI1_Init(void)
      |             ^~~~~~~~~~~~
../Core/Src/main.c:233:13: error: invalid storage class for function 'MX_USART1_UART_Init'
  233 | static void MX_USART1_UART_Init(void)
      |             ^~~~~~~~~~~~~~~~~~~
../Core/Src/main.c:266:13: error: invalid storage class for function 'MX_GPIO_Init'
  266 | static void MX_GPIO_Init(void)
      |             ^~~~~~~~~~~~
../Core/Src/main.c:319:1: error: expected declaration or statement at end of input
  319 | }
      | ^
../Core/Src/main.c: At top level:
../Core/Src/main.c:73:13: warning: 'MX_GPIO_Init' used but never defined
   73 | static void MX_GPIO_Init(void);
      |             ^~~~~~~~~~~~
../Core/Src/main.c:74:13: warning: 'MX_SPI1_Init' used but never defined
   74 | static void MX_SPI1_Init(void);
      |             ^~~~~~~~~~~~
../Core/Src/main.c:75:13: warning: 'MX_USART1_UART_Init' used but never defined
   75 | static void MX_USART1_UART_Init(void);
      |             ^~~~~~~~~~~~~~~~~~~
../Core/Src/main.c:310:6: warning: 'Error_Handler' defined but not used [-Wunused-function]
  310 | void Error_Handler(void)
      |      ^~~~~~~~~~~~~
../Core/Src/main.c:266:13: warning: 'MX_GPIO_Init' defined but not used [-Wunused-function]
  266 | static void MX_GPIO_Init(void)
      |             ^~~~~~~~~~~~
../Core/Src/main.c:233:13: warning: 'MX_USART1_UART_Init' defined but not used [-Wunused-function]
  233 | static void MX_USART1_UART_Init(void)
      |             ^~~~~~~~~~~~~~~~~~~
../Core/Src/main.c:195:13: warning: 'MX_SPI1_Init' defined but not used [-Wunused-function]
  195 | static void MX_SPI1_Init(void)
      |             ^~~~~~~~~~~~
../Core/Src/main.c:158:6: warning: 'SystemClock_Config' defined but not used [-Wunused-function]
  158 | void SystemClock_Config(void)
      |      ^~~~~~~~~~~~~~~~~~
make: *** [Core/Src/subdir.mk:34: Core/Src/main.o] Error 1
"make -j8 all" terminated with exit code 2. Build might be incomplete.
10:35:37 **** Incremental Build of configuration Debug for project Slave MCU C6 ****
make -j8 all 
arm-none-eabi-gcc "../Core/Src/main.c" -mcpu=cortex-m3 -std=gnu11 -g3 -DDEBUG -DUSE_HAL_DRIVER -DSTM32F103x6 -c -I../Core/Inc -I../Drivers/STM32F1xx_HAL_Driver/Inc/Legacy -I../Drivers/STM32F1xx_HAL_Driver/Inc -I../Drivers/CMSIS/Device/ST/STM32F1xx/Include -I../Drivers/CMSIS/Include -O0 -ffunction-sections -fdata-sections -Wall -fstack-usage -fcyclomatic-complexity -MMD -MP -MF"Core/Src/main.d" -MT"Core/Src/main.o" --specs=nano.specs -mfloat-abi=soft -mthumb -o "Core/Src/main.o"
../Core/Src/main.c: In function 'main':
../Core/Src/main.c:93:25: warning: unused variable 'Readings' [-Wunused-variable]
   93 |                 reading Readings[5] = {Reading_1, Reading_2, Reading_3, Reading_4, Reading_5};
      |                         ^~~~~~~~
arm-none-eabi-gcc -o "Slave MCU C6.elf" @"objects.list"   -mcpu=cortex-m3 -T"D:\Racing team\ASURT Task 3\Star 2\Task3_Star2\Task3_Star2 CubeIDE C6\Slave MCU\STM32F103C6TX_FLASH.ld" --specs=nosys.specs -Wl,-Map="Slave MCU C6.map" -Wl,--gc-sections -static --specs=nano.specs -mfloat-abi=soft -mthumb -Wl,--start-group -lc -lm -Wl,--end-group
Finished building target: Slave MCU C6.elf
 
arm-none-eabi-size  Slave\ MCU\ C6.elf 
arm-none-eabi-objdump -h -S Slave\ MCU\ C6.elf  > "Slave MCU C6.list"
   text	   data	    bss	    dec	    hex	filename
   6624	     12	   1660	   8296	   2068	Slave MCU C6.elf
arm-none-eabi-objcopy  -O ihex Slave\ MCU\ C6.elf  "Slave MCU C6.hex"
Finished building: default.size.stdout
 
Finished building: Slave MCU C6.list
 
Finished building: Slave MCU C6.hex
 
10:37:22 **** Incremental Build of configuration Debug for project Master MCU C6 ****
make -j8 all 
arm-none-eabi-gcc "../Core/Src/main.c" -mcpu=cortex-m3 -std=gnu11 -g3 -DDEBUG -DUSE_HAL_DRIVER -DSTM32F103x6 -c -I../Core/Inc -I../Drivers/STM32F1xx_HAL_Driver/Inc/Legacy -I../Drivers/STM32F1xx_HAL_Driver/Inc -I../Drivers/CMSIS/Device/ST/STM32F1xx/Include -I../Drivers/CMSIS/Include -O0 -ffunction-sections -fdata-sections -Wall -fstack-usage -fcyclomatic-complexity -MMD -MP -MF"Core/Src/main.d" -MT"Core/Src/main.o" --specs=nano.specs -mfloat-abi=soft -mthumb -o "Core/Src/main.o"
../Core/Src/main.c: In function 'main':
../Core/Src/main.c:195:13: error: invalid storage class for function 'MX_SPI1_Init'
  195 | static void MX_SPI1_Init(void)
      |             ^~~~~~~~~~~~
../Core/Src/main.c:233:13: error: invalid storage class for function 'MX_USART1_UART_Init'
  233 | static void MX_USART1_UART_Init(void)
      |             ^~~~~~~~~~~~~~~~~~~
../Core/Src/main.c:266:13: error: invalid storage class for function 'MX_GPIO_Init'
  266 | static void MX_GPIO_Init(void)
      |             ^~~~~~~~~~~~
../Core/Src/main.c:319:1: error: expected declaration or statement at end of input
  319 | }
      | ^
../Core/Src/main.c: At top level:
../Core/Src/main.c:73:13: warning: 'MX_GPIO_Init' used but never defined
   73 | static void MX_GPIO_Init(void);
      |             ^~~~~~~~~~~~
../Core/Src/main.c:74:13: warning: 'MX_SPI1_Init' used but never defined
   74 | static void MX_SPI1_Init(void);
      |             ^~~~~~~~~~~~
../Core/Src/main.c:75:13: warning: 'MX_USART1_UART_Init' used but never defined
   75 | static void MX_USART1_UART_Init(void);
      |             ^~~~~~~~~~~~~~~~~~~
../Core/Src/main.c:310:6: warning: 'Error_Handler' defined but not used [-Wunused-function]
  310 | void Error_Handler(void)
      |      ^~~~~~~~~~~~~
../Core/Src/main.c:266:13: warning: 'MX_GPIO_Init' defined but not used [-Wunused-function]
  266 | static void MX_GPIO_Init(void)
      |             ^~~~~~~~~~~~
../Core/Src/main.c:233:13: warning: 'MX_USART1_UART_Init' defined but not used [-Wunused-function]
  233 | static void MX_USART1_UART_Init(void)
      |             ^~~~~~~~~~~~~~~~~~~
../Core/Src/main.c:195:13: warning: 'MX_SPI1_Init' defined but not used [-Wunused-function]
  195 | static void MX_SPI1_Init(void)
      |             ^~~~~~~~~~~~
../Core/Src/main.c:158:6: warning: 'SystemClock_Config' defined but not used [-Wunused-function]
  158 | void SystemClock_Config(void)
      |      ^~~~~~~~~~~~~~~~~~
make: *** [Core/Src/subdir.mk:34: Core/Src/main.o] Error 1
"make -j8 all" terminated with exit code 2. Build might be incomplete.
10:37:23 **** Incremental Build of configuration Debug for project Slave MCU C6 ****
make -j8 all 
arm-none-eabi-size  Slave\ MCU\ C6.elf 
   text	   data	    bss	    dec	    hex	filename
   6624	     12	   1660	   8296	   2068	Slave MCU C6.elf
Finished building: default.size.stdout
 
10:38:12 **** Incremental Build of configuration Debug for project Master MCU C6 ****
make -j8 all 
arm-none-eabi-gcc "../Core/Src/main.c" -mcpu=cortex-m3 -std=gnu11 -g3 -DDEBUG -DUSE_HAL_DRIVER -DSTM32F103x6 -c -I../Core/Inc -I../Drivers/STM32F1xx_HAL_Driver/Inc/Legacy -I../Drivers/STM32F1xx_HAL_Driver/Inc -I../Drivers/CMSIS/Device/ST/STM32F1xx/Include -I../Drivers/CMSIS/Include -O0 -ffunction-sections -fdata-sections -Wall -fstack-usage -fcyclomatic-complexity -MMD -MP -MF"Core/Src/main.d" -MT"Core/Src/main.o" --specs=nano.specs -mfloat-abi=soft -mthumb -o "Core/Src/main.o"
../Core/Src/main.c: In function 'main':
../Core/Src/main.c:195:13: error: invalid storage class for function 'MX_SPI1_Init'
  195 | static void MX_SPI1_Init(void)
      |             ^~~~~~~~~~~~
../Core/Src/main.c:233:13: error: invalid storage class for function 'MX_USART1_UART_Init'
  233 | static void MX_USART1_UART_Init(void)
      |             ^~~~~~~~~~~~~~~~~~~
../Core/Src/main.c:266:13: error: invalid storage class for function 'MX_GPIO_Init'
  266 | static void MX_GPIO_Init(void)
      |             ^~~~~~~~~~~~
../Core/Src/main.c:319:1: error: expected declaration or statement at end of input
  319 | }
      | ^
../Core/Src/main.c: At top level:
../Core/Src/main.c:73:13: warning: 'MX_GPIO_Init' used but never defined
   73 | static void MX_GPIO_Init(void);
      |             ^~~~~~~~~~~~
../Core/Src/main.c:74:13: warning: 'MX_SPI1_Init' used but never defined
   74 | static void MX_SPI1_Init(void);
      |             ^~~~~~~~~~~~
../Core/Src/main.c:75:13: warning: 'MX_USART1_UART_Init' used but never defined
   75 | static void MX_USART1_UART_Init(void);
      |             ^~~~~~~~~~~~~~~~~~~
../Core/Src/main.c:310:6: warning: 'Error_Handler' defined but not used [-Wunused-function]
  310 | void Error_Handler(void)
      |      ^~~~~~~~~~~~~
../Core/Src/main.c:266:13: warning: 'MX_GPIO_Init' defined but not used [-Wunused-function]
  266 | static void MX_GPIO_Init(void)
      |             ^~~~~~~~~~~~
../Core/Src/main.c:233:13: warning: 'MX_USART1_UART_Init' defined but not used [-Wunused-function]
  233 | static void MX_USART1_UART_Init(void)
      |             ^~~~~~~~~~~~~~~~~~~
../Core/Src/main.c:195:13: warning: 'MX_SPI1_Init' defined but not used [-Wunused-function]
  195 | static void MX_SPI1_Init(void)
      |             ^~~~~~~~~~~~
../Core/Src/main.c:158:6: warning: 'SystemClock_Config' defined but not used [-Wunused-function]
  158 | void SystemClock_Config(void)
      |      ^~~~~~~~~~~~~~~~~~
make: *** [Core/Src/subdir.mk:34: Core/Src/main.o] Error 1
"make -j8 all" terminated with exit code 2. Build might be incomplete.
10:38:13 **** Incremental Build of configuration Debug for project Slave MCU C6 ****
make -j8 all 
arm-none-eabi-size  Slave\ MCU\ C6.elf 
   text	   data	    bss	    dec	    hex	filename
   6624	     12	   1660	   8296	   2068	Slave MCU C6.elf
Finished building: default.size.stdout
 
10:40:20 **** Incremental Build of configuration Debug for project Master MCU C6 ****
make -j8 all 
arm-none-eabi-gcc "../Core/Src/main.c" -mcpu=cortex-m3 -std=gnu11 -g3 -DDEBUG -DUSE_HAL_DRIVER -DSTM32F103x6 -c -I../Core/Inc -I../Drivers/STM32F1xx_HAL_Driver/Inc/Legacy -I../Drivers/STM32F1xx_HAL_Driver/Inc -I../Drivers/CMSIS/Device/ST/STM32F1xx/Include -I../Drivers/CMSIS/Include -O0 -ffunction-sections -fdata-sections -Wall -fstack-usage -fcyclomatic-complexity -MMD -MP -MF"Core/Src/main.d" -MT"Core/Src/main.o" --specs=nano.specs -mfloat-abi=soft -mthumb -o "Core/Src/main.o"
../Core/Src/main.c: In function 'main':
../Core/Src/main.c:195:13: error: invalid storage class for function 'MX_SPI1_Init'
  195 | static void MX_SPI1_Init(void)
      |             ^~~~~~~~~~~~
../Core/Src/main.c:233:13: error: invalid storage class for function 'MX_USART1_UART_Init'
  233 | static void MX_USART1_UART_Init(void)
      |             ^~~~~~~~~~~~~~~~~~~
../Core/Src/main.c:266:13: error: invalid storage class for function 'MX_GPIO_Init'
  266 | static void MX_GPIO_Init(void)
      |             ^~~~~~~~~~~~
../Core/Src/main.c:319:1: error: expected declaration or statement at end of input
  319 | }
      | ^
../Core/Src/main.c: At top level:
../Core/Src/main.c:73:13: warning: 'MX_GPIO_Init' used but never defined
   73 | static void MX_GPIO_Init(void);
      |             ^~~~~~~~~~~~
../Core/Src/main.c:74:13: warning: 'MX_SPI1_Init' used but never defined
   74 | static void MX_SPI1_Init(void);
      |             ^~~~~~~~~~~~
../Core/Src/main.c:75:13: warning: 'MX_USART1_UART_Init' used but never defined
   75 | static void MX_USART1_UART_Init(void);
      |             ^~~~~~~~~~~~~~~~~~~
../Core/Src/main.c:310:6: warning: 'Error_Handler' defined but not used [-Wunused-function]
  310 | void Error_Handler(void)
      |      ^~~~~~~~~~~~~
../Core/Src/main.c:266:13: warning: 'MX_GPIO_Init' defined but not used [-Wunused-function]
  266 | static void MX_GPIO_Init(void)
      |             ^~~~~~~~~~~~
../Core/Src/main.c:233:13: warning: 'MX_USART1_UART_Init' defined but not used [-Wunused-function]
  233 | static void MX_USART1_UART_Init(void)
      |             ^~~~~~~~~~~~~~~~~~~
../Core/Src/main.c:195:13: warning: 'MX_SPI1_Init' defined but not used [-Wunused-function]
  195 | static void MX_SPI1_Init(void)
      |             ^~~~~~~~~~~~
../Core/Src/main.c:158:6: warning: 'SystemClock_Config' defined but not used [-Wunused-function]
  158 | void SystemClock_Config(void)
      |      ^~~~~~~~~~~~~~~~~~
make: *** [Core/Src/subdir.mk:34: Core/Src/main.o] Error 1
"make -j8 all" terminated with exit code 2. Build might be incomplete.
10:40:21 **** Incremental Build of configuration Debug for project Slave MCU C6 ****
make -j8 all 
arm-none-eabi-size  Slave\ MCU\ C6.elf 
   text	   data	    bss	    dec	    hex	filename
   6624	     12	   1660	   8296	   2068	Slave MCU C6.elf
Finished building: default.size.stdout
 
10:46:52 **** Incremental Build of configuration Debug for project Master MCU C6 ****
make -j8 all 
arm-none-eabi-gcc "../Core/Src/main.c" -mcpu=cortex-m3 -std=gnu11 -g3 -DDEBUG -DUSE_HAL_DRIVER -DSTM32F103x6 -c -I../Core/Inc -I../Drivers/STM32F1xx_HAL_Driver/Inc/Legacy -I../Drivers/STM32F1xx_HAL_Driver/Inc -I../Drivers/CMSIS/Device/ST/STM32F1xx/Include -I../Drivers/CMSIS/Include -O0 -ffunction-sections -fdata-sections -Wall -fstack-usage -fcyclomatic-complexity -MMD -MP -MF"Core/Src/main.d" -MT"Core/Src/main.o" --specs=nano.specs -mfloat-abi=soft -mthumb -o "Core/Src/main.o"
arm-none-eabi-gcc -o "Master MCU C6.elf" @"objects.list"   -mcpu=cortex-m3 -T"D:\Racing team\ASURT Task 3\Star 2\Task3_Star2\Task3_Star2 CubeIDE C6\Master MCU C6\STM32F103C6TX_FLASH.ld" --specs=nosys.specs -Wl,-Map="Master MCU C6.map" -Wl,--gc-sections -static -u_printf_float --specs=nano.specs -mfloat-abi=soft -mthumb -Wl,--start-group -lc -lm -Wl,--end-group
Finished building target: Master MCU C6.elf
 
arm-none-eabi-size  Master\ MCU\ C6.elf 
arm-none-eabi-objdump -h -S Master\ MCU\ C6.elf  > "Master MCU C6.list"
arm-none-eabi-objcopy  -O ihex Master\ MCU\ C6.elf  "Master MCU C6.hex"
   text	   data	    bss	    dec	    hex	filename
  23408	    468	   2172	  26048	   65c0	Master MCU C6.elf
Finished building: default.size.stdout
 
Finished building: Master MCU C6.hex
Finished building: Master MCU C6.list
 
 
10:46:53 **** Incremental Build of configuration Debug for project Slave MCU C6 ****
make -j8 all 
arm-none-eabi-size  Slave\ MCU\ C6.elf 
   text	   data	    bss	    dec	    hex	filename
   6624	     12	   1660	   8296	   2068	Slave MCU C6.elf
Finished building: default.size.stdout
 
10:57:37 **** Incremental Build of configuration Debug for project Master MCU C6 ****
make -j8 all 
arm-none-eabi-gcc "../Core/Src/main.c" -mcpu=cortex-m3 -std=gnu11 -g3 -DDEBUG -DUSE_HAL_DRIVER -DSTM32F103x6 -c -I../Core/Inc -I../Drivers/STM32F1xx_HAL_Driver/Inc/Legacy -I../Drivers/STM32F1xx_HAL_Driver/Inc -I../Drivers/CMSIS/Device/ST/STM32F1xx/Include -I../Drivers/CMSIS/Include -O0 -ffunction-sections -fdata-sections -Wall -fstack-usage -fcyclomatic-complexity -MMD -MP -MF"Core/Src/main.d" -MT"Core/Src/main.o" --specs=nano.specs -mfloat-abi=soft -mthumb -o "Core/Src/main.o"
arm-none-eabi-gcc -o "Master MCU C6.elf" @"objects.list"   -mcpu=cortex-m3 -T"D:\Racing team\ASURT Task 3\Star 2\Task3_Star2\Task3_Star2 CubeIDE C6\Master MCU C6\STM32F103C6TX_FLASH.ld" --specs=nosys.specs -Wl,-Map="Master MCU C6.map" -Wl,--gc-sections -static -u_printf_float --specs=nano.specs -mfloat-abi=soft -mthumb -Wl,--start-group -lc -lm -Wl,--end-group
Finished building target: Master MCU C6.elf
 
arm-none-eabi-size  Master\ MCU\ C6.elf 
arm-none-eabi-objdump -h -S Master\ MCU\ C6.elf  > "Master MCU C6.list"
arm-none-eabi-objcopy  -O ihex Master\ MCU\ C6.elf  "Master MCU C6.hex"
   text	   data	    bss	    dec	    hex	filename
  23408	    468	   2172	  26048	   65c0	Master MCU C6.elf
Finished building: default.size.stdout
 
Finished building: Master MCU C6.hex
Finished building: Master MCU C6.list
 
 
10:57:38 **** Incremental Build of configuration Debug for project Slave MCU C6 ****
make -j8 all 
arm-none-eabi-gcc "../Core/Src/main.c" -mcpu=cortex-m3 -std=gnu11 -g3 -DDEBUG -DUSE_HAL_DRIVER -DSTM32F103x6 -c -I../Core/Inc -I../Drivers/STM32F1xx_HAL_Driver/Inc/Legacy -I../Drivers/STM32F1xx_HAL_Driver/Inc -I../Drivers/CMSIS/Device/ST/STM32F1xx/Include -I../Drivers/CMSIS/Include -O0 -ffunction-sections -fdata-sections -Wall -fstack-usage -fcyclomatic-complexity -MMD -MP -MF"Core/Src/main.d" -MT"Core/Src/main.o" --specs=nano.specs -mfloat-abi=soft -mthumb -o "Core/Src/main.o"
../Core/Src/main.c: In function 'main':
../Core/Src/main.c:93:25: warning: unused variable 'Readings' [-Wunused-variable]
   93 |                 reading Readings[5] = {Reading_1, Reading_2, Reading_3, Reading_4, Reading_5};
      |                         ^~~~~~~~
arm-none-eabi-gcc -o "Slave MCU C6.elf" @"objects.list"   -mcpu=cortex-m3 -T"D:\Racing team\ASURT Task 3\Star 2\Task3_Star2\Task3_Star2 CubeIDE C6\Slave MCU\STM32F103C6TX_FLASH.ld" --specs=nosys.specs -Wl,-Map="Slave MCU C6.map" -Wl,--gc-sections -static --specs=nano.specs -mfloat-abi=soft -mthumb -Wl,--start-group -lc -lm -Wl,--end-group
Finished building target: Slave MCU C6.elf
 
arm-none-eabi-size  Slave\ MCU\ C6.elf 
arm-none-eabi-objdump -h -S Slave\ MCU\ C6.elf  > "Slave MCU C6.list"
arm-none-eabi-objcopy  -O ihex Slave\ MCU\ C6.elf  "Slave MCU C6.hex"
   text	   data	    bss	    dec	    hex	filename
   6624	     12	   1660	   8296	   2068	Slave MCU C6.elf
Finished building: default.size.stdout
 
Finished building: Slave MCU C6.list
Finished building: Slave MCU C6.hex
 
 
11:08:21 **** Incremental Build of configuration Debug for project Master MCU C6 ****
make -j8 all 
arm-none-eabi-gcc "../Core/Src/main.c" -mcpu=cortex-m3 -std=gnu11 -g3 -DDEBUG -DUSE_HAL_DRIVER -DSTM32F103x6 -c -I../Core/Inc -I../Drivers/STM32F1xx_HAL_Driver/Inc/Legacy -I../Drivers/STM32F1xx_HAL_Driver/Inc -I../Drivers/CMSIS/Device/ST/STM32F1xx/Include -I../Drivers/CMSIS/Include -O0 -ffunction-sections -fdata-sections -Wall -fstack-usage -fcyclomatic-complexity -MMD -MP -MF"Core/Src/main.d" -MT"Core/Src/main.o" --specs=nano.specs -mfloat-abi=soft -mthumb -o "Core/Src/main.o"
arm-none-eabi-gcc -o "Master MCU C6.elf" @"objects.list"   -mcpu=cortex-m3 -T"D:\Racing team\ASURT Task 3\Star 2\Task3_Star2\Task3_Star2 CubeIDE C6\Master MCU C6\STM32F103C6TX_FLASH.ld" --specs=nosys.specs -Wl,-Map="Master MCU C6.map" -Wl,--gc-sections -static -u_printf_float --specs=nano.specs -mfloat-abi=soft -mthumb -Wl,--start-group -lc -lm -Wl,--end-group
Finished building target: Master MCU C6.elf
 
arm-none-eabi-size  Master\ MCU\ C6.elf 
arm-none-eabi-objdump -h -S Master\ MCU\ C6.elf  > "Master MCU C6.list"
arm-none-eabi-objcopy  -O ihex Master\ MCU\ C6.elf  "Master MCU C6.hex"
   text	   data	    bss	    dec	    hex	filename
  23432	    468	   2172	  26072	   65d8	Master MCU C6.elf
Finished building: default.size.stdout
 
Finished building: Master MCU C6.hex
Finished building: Master MCU C6.list
 
 
11:08:23 **** Incremental Build of configuration Debug for project Slave MCU C6 ****
make -j8 all 
arm-none-eabi-gcc "../Core/Src/main.c" -mcpu=cortex-m3 -std=gnu11 -g3 -DDEBUG -DUSE_HAL_DRIVER -DSTM32F103x6 -c -I../Core/Inc -I../Drivers/STM32F1xx_HAL_Driver/Inc/Legacy -I../Drivers/STM32F1xx_HAL_Driver/Inc -I../Drivers/CMSIS/Device/ST/STM32F1xx/Include -I../Drivers/CMSIS/Include -O0 -ffunction-sections -fdata-sections -Wall -fstack-usage -fcyclomatic-complexity -MMD -MP -MF"Core/Src/main.d" -MT"Core/Src/main.o" --specs=nano.specs -mfloat-abi=soft -mthumb -o "Core/Src/main.o"
../Core/Src/main.c: In function 'main':
../Core/Src/main.c:93:25: warning: unused variable 'Readings' [-Wunused-variable]
   93 |                 reading Readings[5] = {Reading_1, Reading_2, Reading_3, Reading_4, Reading_5};
      |                         ^~~~~~~~
arm-none-eabi-gcc -o "Slave MCU C6.elf" @"objects.list"   -mcpu=cortex-m3 -T"D:\Racing team\ASURT Task 3\Star 2\Task3_Star2\Task3_Star2 CubeIDE C6\Slave MCU\STM32F103C6TX_FLASH.ld" --specs=nosys.specs -Wl,-Map="Slave MCU C6.map" -Wl,--gc-sections -static --specs=nano.specs -mfloat-abi=soft -mthumb -Wl,--start-group -lc -lm -Wl,--end-group
Finished building target: Slave MCU C6.elf
 
arm-none-eabi-size  Slave\ MCU\ C6.elf 
arm-none-eabi-objdump -h -S Slave\ MCU\ C6.elf  > "Slave MCU C6.list"
arm-none-eabi-objcopy  -O ihex Slave\ MCU\ C6.elf  "Slave MCU C6.hex"
   text	   data	    bss	    dec	    hex	filename
   6648	     12	   1660	   8320	   2080	Slave MCU C6.elf
Finished building: default.size.stdout
 
Finished building: Slave MCU C6.list
Finished building: Slave MCU C6.hex
 
 
11:17:25 **** Incremental Build of configuration Debug for project Master MCU C6 ****
make -j8 all 
arm-none-eabi-gcc "../Core/Src/main.c" -mcpu=cortex-m3 -std=gnu11 -g3 -DDEBUG -DUSE_HAL_DRIVER -DSTM32F103x6 -c -I../Core/Inc -I../Drivers/STM32F1xx_HAL_Driver/Inc/Legacy -I../Drivers/STM32F1xx_HAL_Driver/Inc -I../Drivers/CMSIS/Device/ST/STM32F1xx/Include -I../Drivers/CMSIS/Include -O0 -ffunction-sections -fdata-sections -Wall -fstack-usage -fcyclomatic-complexity -MMD -MP -MF"Core/Src/main.d" -MT"Core/Src/main.o" --specs=nano.specs -mfloat-abi=soft -mthumb -o "Core/Src/main.o"
arm-none-eabi-gcc -o "Master MCU C6.elf" @"objects.list"   -mcpu=cortex-m3 -T"D:\Racing team\ASURT Task 3\Star 2\Task3_Star2\Task3_Star2 CubeIDE C6\Master MCU C6\STM32F103C6TX_FLASH.ld" --specs=nosys.specs -Wl,-Map="Master MCU C6.map" -Wl,--gc-sections -static -u_printf_float --specs=nano.specs -mfloat-abi=soft -mthumb -Wl,--start-group -lc -lm -Wl,--end-group
Finished building target: Master MCU C6.elf
 
arm-none-eabi-size  Master\ MCU\ C6.elf 
arm-none-eabi-objdump -h -S Master\ MCU\ C6.elf  > "Master MCU C6.list"
arm-none-eabi-objcopy  -O ihex Master\ MCU\ C6.elf  "Master MCU C6.hex"
   text	   data	    bss	    dec	    hex	filename
  23408	    468	   2172	  26048	   65c0	Master MCU C6.elf
Finished building: default.size.stdout
 
Finished building: Master MCU C6.hex
Finished building: Master MCU C6.list
 
 
11:17:26 **** Incremental Build of configuration Debug for project Slave MCU C6 ****
make -j8 all 
arm-none-eabi-gcc "../Core/Src/main.c" -mcpu=cortex-m3 -std=gnu11 -g3 -DDEBUG -DUSE_HAL_DRIVER -DSTM32F103x6 -c -I../Core/Inc -I../Drivers/STM32F1xx_HAL_Driver/Inc/Legacy -I../Drivers/STM32F1xx_HAL_Driver/Inc -I../Drivers/CMSIS/Device/ST/STM32F1xx/Include -I../Drivers/CMSIS/Include -O0 -ffunction-sections -fdata-sections -Wall -fstack-usage -fcyclomatic-complexity -MMD -MP -MF"Core/Src/main.d" -MT"Core/Src/main.o" --specs=nano.specs -mfloat-abi=soft -mthumb -o "Core/Src/main.o"
../Core/Src/main.c: In function 'main':
../Core/Src/main.c:93:25: warning: unused variable 'Readings' [-Wunused-variable]
   93 |                 reading Readings[5] = {Reading_1, Reading_2, Reading_3, Reading_4, Reading_5};
      |                         ^~~~~~~~
arm-none-eabi-gcc -o "Slave MCU C6.elf" @"objects.list"   -mcpu=cortex-m3 -T"D:\Racing team\ASURT Task 3\Star 2\Task3_Star2\Task3_Star2 CubeIDE C6\Slave MCU\STM32F103C6TX_FLASH.ld" --specs=nosys.specs -Wl,-Map="Slave MCU C6.map" -Wl,--gc-sections -static --specs=nano.specs -mfloat-abi=soft -mthumb -Wl,--start-group -lc -lm -Wl,--end-group
Finished building target: Slave MCU C6.elf
 
arm-none-eabi-size  Slave\ MCU\ C6.elf 
arm-none-eabi-objdump -h -S Slave\ MCU\ C6.elf  > "Slave MCU C6.list"
arm-none-eabi-objcopy  -O ihex Slave\ MCU\ C6.elf  "Slave MCU C6.hex"
   text	   data	    bss	    dec	    hex	filename
   6624	     12	   1660	   8296	   2068	Slave MCU C6.elf
Finished building: default.size.stdout
 
Finished building: Slave MCU C6.hex
Finished building: Slave MCU C6.list
 
 
11:19:54 **** Incremental Build of configuration Debug for project Master MCU C6 ****
make -j8 all 
arm-none-eabi-gcc "../Core/Src/main.c" -mcpu=cortex-m3 -std=gnu11 -g3 -DDEBUG -DUSE_HAL_DRIVER -DSTM32F103x6 -c -I../Core/Inc -I../Drivers/STM32F1xx_HAL_Driver/Inc/Legacy -I../Drivers/STM32F1xx_HAL_Driver/Inc -I../Drivers/CMSIS/Device/ST/STM32F1xx/Include -I../Drivers/CMSIS/Include -O0 -ffunction-sections -fdata-sections -Wall -fstack-usage -fcyclomatic-complexity -MMD -MP -MF"Core/Src/main.d" -MT"Core/Src/main.o" --specs=nano.specs -mfloat-abi=soft -mthumb -o "Core/Src/main.o"
arm-none-eabi-gcc -o "Master MCU C6.elf" @"objects.list"   -mcpu=cortex-m3 -T"D:\Racing team\ASURT Task 3\Star 2\Task3_Star2\Task3_Star2 CubeIDE C6\Master MCU C6\STM32F103C6TX_FLASH.ld" --specs=nosys.specs -Wl,-Map="Master MCU C6.map" -Wl,--gc-sections -static -u_printf_float --specs=nano.specs -mfloat-abi=soft -mthumb -Wl,--start-group -lc -lm -Wl,--end-group
Finished building target: Master MCU C6.elf
 
arm-none-eabi-size  Master\ MCU\ C6.elf 
arm-none-eabi-objdump -h -S Master\ MCU\ C6.elf  > "Master MCU C6.list"
arm-none-eabi-objcopy  -O ihex Master\ MCU\ C6.elf  "Master MCU C6.hex"
   text	   data	    bss	    dec	    hex	filename
  23424	    468	   2172	  26064	   65d0	Master MCU C6.elf
Finished building: default.size.stdout
 
Finished building: Master MCU C6.hex
Finished building: Master MCU C6.list
 
 
11:19:56 **** Incremental Build of configuration Debug for project Slave MCU C6 ****
make -j8 all 
arm-none-eabi-size  Slave\ MCU\ C6.elf 
   text	   data	    bss	    dec	    hex	filename
   6624	     12	   1660	   8296	   2068	Slave MCU C6.elf
Finished building: default.size.stdout
 
11:34:44 **** Incremental Build of configuration Debug for project Master MCU C6 ****
make -j8 all 
arm-none-eabi-gcc "../Core/Src/main.c" -mcpu=cortex-m3 -std=gnu11 -g3 -DDEBUG -DUSE_HAL_DRIVER -DSTM32F103x6 -c -I../Core/Inc -I../Drivers/STM32F1xx_HAL_Driver/Inc/Legacy -I../Drivers/STM32F1xx_HAL_Driver/Inc -I../Drivers/CMSIS/Device/ST/STM32F1xx/Include -I../Drivers/CMSIS/Include -O0 -ffunction-sections -fdata-sections -Wall -fstack-usage -fcyclomatic-complexity -MMD -MP -MF"Core/Src/main.d" -MT"Core/Src/main.o" --specs=nano.specs -mfloat-abi=soft -mthumb -o "Core/Src/main.o"
arm-none-eabi-gcc -o "Master MCU C6.elf" @"objects.list"   -mcpu=cortex-m3 -T"D:\Racing team\ASURT Task 3\Star 2\Task3_Star2\Task3_Star2 CubeIDE C6\Master MCU C6\STM32F103C6TX_FLASH.ld" --specs=nosys.specs -Wl,-Map="Master MCU C6.map" -Wl,--gc-sections -static -u_printf_float --specs=nano.specs -mfloat-abi=soft -mthumb -Wl,--start-group -lc -lm -Wl,--end-group
Finished building target: Master MCU C6.elf
 
arm-none-eabi-size  Master\ MCU\ C6.elf 
arm-none-eabi-objdump -h -S Master\ MCU\ C6.elf  > "Master MCU C6.list"
arm-none-eabi-objcopy  -O ihex Master\ MCU\ C6.elf  "Master MCU C6.hex"
   text	   data	    bss	    dec	    hex	filename
  24084	    468	   2292	  26844	   68dc	Master MCU C6.elf
Finished building: default.size.stdout
 
Finished building: Master MCU C6.list
Finished building: Master MCU C6.hex
 
 
11:34:47 **** Incremental Build of configuration Debug for project Slave MCU C6 ****
make -j8 all 
arm-none-eabi-gcc "../Core/Src/main.c" -mcpu=cortex-m3 -std=gnu11 -g3 -DDEBUG -DUSE_HAL_DRIVER -DSTM32F103x6 -c -I../Core/Inc -I../Drivers/STM32F1xx_HAL_Driver/Inc/Legacy -I../Drivers/STM32F1xx_HAL_Driver/Inc -I../Drivers/CMSIS/Device/ST/STM32F1xx/Include -I../Drivers/CMSIS/Include -O0 -ffunction-sections -fdata-sections -Wall -fstack-usage -fcyclomatic-complexity -MMD -MP -MF"Core/Src/main.d" -MT"Core/Src/main.o" --specs=nano.specs -mfloat-abi=soft -mthumb -o "Core/Src/main.o"
../Core/Src/main.c: In function 'main':
../Core/Src/main.c:93:25: warning: unused variable 'Readings' [-Wunused-variable]
   93 |                 reading Readings[5] = {Reading_1, Reading_2, Reading_3, Reading_4, Reading_5};
      |                         ^~~~~~~~
arm-none-eabi-gcc -o "Slave MCU C6.elf" @"objects.list"   -mcpu=cortex-m3 -T"D:\Racing team\ASURT Task 3\Star 2\Task3_Star2\Task3_Star2 CubeIDE C6\Slave MCU\STM32F103C6TX_FLASH.ld" --specs=nosys.specs -Wl,-Map="Slave MCU C6.map" -Wl,--gc-sections -static --specs=nano.specs -mfloat-abi=soft -mthumb -Wl,--start-group -lc -lm -Wl,--end-group
Finished building target: Slave MCU C6.elf
 
arm-none-eabi-size  Slave\ MCU\ C6.elf 
arm-none-eabi-objdump -h -S Slave\ MCU\ C6.elf  > "Slave MCU C6.list"
arm-none-eabi-objcopy  -O ihex Slave\ MCU\ C6.elf  "Slave MCU C6.hex"
   text	   data	    bss	    dec	    hex	filename
   6624	     12	   1660	   8296	   2068	Slave MCU C6.elf
Finished building: default.size.stdout
 
Finished building: Slave MCU C6.list
Finished building: Slave MCU C6.hex
 
 
11:40:49 **** Incremental Build of configuration Debug for project Master MCU C6 ****
make -j8 all 
arm-none-eabi-gcc "../Core/Src/main.c" -mcpu=cortex-m3 -std=gnu11 -g3 -DDEBUG -DUSE_HAL_DRIVER -DSTM32F103x6 -c -I../Core/Inc -I../Drivers/STM32F1xx_HAL_Driver/Inc/Legacy -I../Drivers/STM32F1xx_HAL_Driver/Inc -I../Drivers/CMSIS/Device/ST/STM32F1xx/Include -I../Drivers/CMSIS/Include -O0 -ffunction-sections -fdata-sections -Wall -fstack-usage -fcyclomatic-complexity -MMD -MP -MF"Core/Src/main.d" -MT"Core/Src/main.o" --specs=nano.specs -mfloat-abi=soft -mthumb -o "Core/Src/main.o"
arm-none-eabi-gcc -o "Master MCU C6.elf" @"objects.list"   -mcpu=cortex-m3 -T"D:\Racing team\ASURT Task 3\Star 2\Task3_Star2\Task3_Star2 CubeIDE C6\Master MCU C6\STM32F103C6TX_FLASH.ld" --specs=nosys.specs -Wl,-Map="Master MCU C6.map" -Wl,--gc-sections -static -u_printf_float --specs=nano.specs -mfloat-abi=soft -mthumb -Wl,--start-group -lc -lm -Wl,--end-group
Finished building target: Master MCU C6.elf
 
arm-none-eabi-size  Master\ MCU\ C6.elf 
arm-none-eabi-objdump -h -S Master\ MCU\ C6.elf  > "Master MCU C6.list"
arm-none-eabi-objcopy  -O ihex Master\ MCU\ C6.elf  "Master MCU C6.hex"
   text	   data	    bss	    dec	    hex	filename
  24116	    468	   2292	  26876	   68fc	Master MCU C6.elf
Finished building: default.size.stdout
 
Finished building: Master MCU C6.list
Finished building: Master MCU C6.hex
 
 
11:40:51 **** Incremental Build of configuration Debug for project Slave MCU C6 ****
make -j8 all 
arm-none-eabi-gcc "../Core/Src/main.c" -mcpu=cortex-m3 -std=gnu11 -g3 -DDEBUG -DUSE_HAL_DRIVER -DSTM32F103x6 -c -I../Core/Inc -I../Drivers/STM32F1xx_HAL_Driver/Inc/Legacy -I../Drivers/STM32F1xx_HAL_Driver/Inc -I../Drivers/CMSIS/Device/ST/STM32F1xx/Include -I../Drivers/CMSIS/Include -O0 -ffunction-sections -fdata-sections -Wall -fstack-usage -fcyclomatic-complexity -MMD -MP -MF"Core/Src/main.d" -MT"Core/Src/main.o" --specs=nano.specs -mfloat-abi=soft -mthumb -o "Core/Src/main.o"
arm-none-eabi-gcc -o "Slave MCU C6.elf" @"objects.list"   -mcpu=cortex-m3 -T"D:\Racing team\ASURT Task 3\Star 2\Task3_Star2\Task3_Star2 CubeIDE C6\Slave MCU\STM32F103C6TX_FLASH.ld" --specs=nosys.specs -Wl,-Map="Slave MCU C6.map" -Wl,--gc-sections -static --specs=nano.specs -mfloat-abi=soft -mthumb -Wl,--start-group -lc -lm -Wl,--end-group
Finished building target: Slave MCU C6.elf
 
arm-none-eabi-size  Slave\ MCU\ C6.elf 
arm-none-eabi-objdump -h -S Slave\ MCU\ C6.elf  > "Slave MCU C6.list"
arm-none-eabi-objcopy  -O ihex Slave\ MCU\ C6.elf  "Slave MCU C6.hex"
   text	   data	    bss	    dec	    hex	filename
   9488	     12	   1676	  11176	   2ba8	Slave MCU C6.elf
Finished building: default.size.stdout
 
Finished building: Slave MCU C6.hex
Finished building: Slave MCU C6.list
 
 
11:44:29 **** Incremental Build of configuration Debug for project Master MCU C6 ****
make -j8 all 
arm-none-eabi-size  Master\ MCU\ C6.elf 
   text	   data	    bss	    dec	    hex	filename
  24116	    468	   2292	  26876	   68fc	Master MCU C6.elf
Finished building: default.size.stdout
 
11:44:30 **** Incremental Build of configuration Debug for project Slave MCU C6 ****
make -j8 all 
arm-none-eabi-gcc "../Core/Src/main.c" -mcpu=cortex-m3 -std=gnu11 -g3 -DDEBUG -DUSE_HAL_DRIVER -DSTM32F103x6 -c -I../Core/Inc -I../Drivers/STM32F1xx_HAL_Driver/Inc/Legacy -I../Drivers/STM32F1xx_HAL_Driver/Inc -I../Drivers/CMSIS/Device/ST/STM32F1xx/Include -I../Drivers/CMSIS/Include -O0 -ffunction-sections -fdata-sections -Wall -fstack-usage -fcyclomatic-complexity -MMD -MP -MF"Core/Src/main.d" -MT"Core/Src/main.o" --specs=nano.specs -mfloat-abi=soft -mthumb -o "Core/Src/main.o"
arm-none-eabi-gcc -o "Slave MCU C6.elf" @"objects.list"   -mcpu=cortex-m3 -T"D:\Racing team\ASURT Task 3\Star 2\Task3_Star2\Task3_Star2 CubeIDE C6\Slave MCU\STM32F103C6TX_FLASH.ld" --specs=nosys.specs -Wl,-Map="Slave MCU C6.map" -Wl,--gc-sections -static --specs=nano.specs -mfloat-abi=soft -mthumb -Wl,--start-group -lc -lm -Wl,--end-group
Finished building target: Slave MCU C6.elf
 
arm-none-eabi-size  Slave\ MCU\ C6.elf 
arm-none-eabi-objdump -h -S Slave\ MCU\ C6.elf  > "Slave MCU C6.list"
arm-none-eabi-objcopy  -O ihex Slave\ MCU\ C6.elf  "Slave MCU C6.hex"
   text	   data	    bss	    dec	    hex	filename
   9496	     12	   1676	  11184	   2bb0	Slave MCU C6.elf
Finished building: default.size.stdout
 
Finished building: Slave MCU C6.hex
Finished building: Slave MCU C6.list
 
 
11:47:59 **** Incremental Build of configuration Debug for project Master MCU C6 ****
make -j8 all 
arm-none-eabi-gcc "../Core/Src/main.c" -mcpu=cortex-m3 -std=gnu11 -g3 -DDEBUG -DUSE_HAL_DRIVER -DSTM32F103x6 -c -I../Core/Inc -I../Drivers/STM32F1xx_HAL_Driver/Inc/Legacy -I../Drivers/STM32F1xx_HAL_Driver/Inc -I../Drivers/CMSIS/Device/ST/STM32F1xx/Include -I../Drivers/CMSIS/Include -O0 -ffunction-sections -fdata-sections -Wall -fstack-usage -fcyclomatic-complexity -MMD -MP -MF"Core/Src/main.d" -MT"Core/Src/main.o" --specs=nano.specs -mfloat-abi=soft -mthumb -o "Core/Src/main.o"
arm-none-eabi-gcc -o "Master MCU C6.elf" @"objects.list"   -mcpu=cortex-m3 -T"D:\Racing team\ASURT Task 3\Star 2\Task3_Star2\Task3_Star2 CubeIDE C6\Master MCU C6\STM32F103C6TX_FLASH.ld" --specs=nosys.specs -Wl,-Map="Master MCU C6.map" -Wl,--gc-sections -static -u_printf_float --specs=nano.specs -mfloat-abi=soft -mthumb -Wl,--start-group -lc -lm -Wl,--end-group
Finished building target: Master MCU C6.elf
 
arm-none-eabi-size  Master\ MCU\ C6.elf 
arm-none-eabi-objdump -h -S Master\ MCU\ C6.elf  > "Master MCU C6.list"
arm-none-eabi-objcopy  -O ihex Master\ MCU\ C6.elf  "Master MCU C6.hex"
   text	   data	    bss	    dec	    hex	filename
  24124	    468	   2292	  26884	   6904	Master MCU C6.elf
Finished building: default.size.stdout
 
Finished building: Master MCU C6.hex
Finished building: Master MCU C6.list
 
 
11:48:02 **** Incremental Build of configuration Debug for project Slave MCU C6 ****
make -j8 all 
arm-none-eabi-gcc "../Core/Src/main.c" -mcpu=cortex-m3 -std=gnu11 -g3 -DDEBUG -DUSE_HAL_DRIVER -DSTM32F103x6 -c -I../Core/Inc -I../Drivers/STM32F1xx_HAL_Driver/Inc/Legacy -I../Drivers/STM32F1xx_HAL_Driver/Inc -I../Drivers/CMSIS/Device/ST/STM32F1xx/Include -I../Drivers/CMSIS/Include -O0 -ffunction-sections -fdata-sections -Wall -fstack-usage -fcyclomatic-complexity -MMD -MP -MF"Core/Src/main.d" -MT"Core/Src/main.o" --specs=nano.specs -mfloat-abi=soft -mthumb -o "Core/Src/main.o"
arm-none-eabi-gcc -o "Slave MCU C6.elf" @"objects.list"   -mcpu=cortex-m3 -T"D:\Racing team\ASURT Task 3\Star 2\Task3_Star2\Task3_Star2 CubeIDE C6\Slave MCU\STM32F103C6TX_FLASH.ld" --specs=nosys.specs -Wl,-Map="Slave MCU C6.map" -Wl,--gc-sections -static --specs=nano.specs -mfloat-abi=soft -mthumb -Wl,--start-group -lc -lm -Wl,--end-group
Finished building target: Slave MCU C6.elf
 
arm-none-eabi-size  Slave\ MCU\ C6.elf 
arm-none-eabi-objdump -h -S Slave\ MCU\ C6.elf  > "Slave MCU C6.list"
   text	   data	    bss	    dec	    hex	filename
   9500	     12	   1684	  11196	   2bbc	Slave MCU C6.elf
arm-none-eabi-objcopy  -O ihex Slave\ MCU\ C6.elf  "Slave MCU C6.hex"
Finished building: default.size.stdout
 
Finished building: Slave MCU C6.hex
Finished building: Slave MCU C6.list
 
 
11:49:55 **** Incremental Build of configuration Debug for project Master MCU C6 ****
make -j8 all 
arm-none-eabi-size  Master\ MCU\ C6.elf 
   text	   data	    bss	    dec	    hex	filename
  24124	    468	   2292	  26884	   6904	Master MCU C6.elf
Finished building: default.size.stdout
 
11:49:56 **** Incremental Build of configuration Debug for project Slave MCU C6 ****
make -j8 all 
arm-none-eabi-gcc "../Core/Src/main.c" -mcpu=cortex-m3 -std=gnu11 -g3 -DDEBUG -DUSE_HAL_DRIVER -DSTM32F103x6 -c -I../Core/Inc -I../Drivers/STM32F1xx_HAL_Driver/Inc/Legacy -I../Drivers/STM32F1xx_HAL_Driver/Inc -I../Drivers/CMSIS/Device/ST/STM32F1xx/Include -I../Drivers/CMSIS/Include -O0 -ffunction-sections -fdata-sections -Wall -fstack-usage -fcyclomatic-complexity -MMD -MP -MF"Core/Src/main.d" -MT"Core/Src/main.o" --specs=nano.specs -mfloat-abi=soft -mthumb -o "Core/Src/main.o"
arm-none-eabi-gcc -o "Slave MCU C6.elf" @"objects.list"   -mcpu=cortex-m3 -T"D:\Racing team\ASURT Task 3\Star 2\Task3_Star2\Task3_Star2 CubeIDE C6\Slave MCU\STM32F103C6TX_FLASH.ld" --specs=nosys.specs -Wl,-Map="Slave MCU C6.map" -Wl,--gc-sections -static --specs=nano.specs -mfloat-abi=soft -mthumb -Wl,--start-group -lc -lm -Wl,--end-group
Finished building target: Slave MCU C6.elf
 
arm-none-eabi-size  Slave\ MCU\ C6.elf 
arm-none-eabi-objdump -h -S Slave\ MCU\ C6.elf  > "Slave MCU C6.list"
arm-none-eabi-objcopy  -O ihex Slave\ MCU\ C6.elf  "Slave MCU C6.hex"
   text	   data	    bss	    dec	    hex	filename
   9468	     12	   1684	  11164	   2b9c	Slave MCU C6.elf
Finished building: default.size.stdout
 
Finished building: Slave MCU C6.list
Finished building: Slave MCU C6.hex
 
 
11:51:04 **** Incremental Build of configuration Debug for project Master MCU C6 ****
make -j8 all 
arm-none-eabi-size  Master\ MCU\ C6.elf 
   text	   data	    bss	    dec	    hex	filename
  24124	    468	   2292	  26884	   6904	Master MCU C6.elf
Finished building: default.size.stdout
 
11:51:05 **** Incremental Build of configuration Debug for project Slave MCU C6 ****
make -j8 all 
arm-none-eabi-gcc "../Core/Src/main.c" -mcpu=cortex-m3 -std=gnu11 -g3 -DDEBUG -DUSE_HAL_DRIVER -DSTM32F103x6 -c -I../Core/Inc -I../Drivers/STM32F1xx_HAL_Driver/Inc/Legacy -I../Drivers/STM32F1xx_HAL_Driver/Inc -I../Drivers/CMSIS/Device/ST/STM32F1xx/Include -I../Drivers/CMSIS/Include -O0 -ffunction-sections -fdata-sections -Wall -fstack-usage -fcyclomatic-complexity -MMD -MP -MF"Core/Src/main.d" -MT"Core/Src/main.o" --specs=nano.specs -mfloat-abi=soft -mthumb -o "Core/Src/main.o"
arm-none-eabi-gcc -o "Slave MCU C6.elf" @"objects.list"   -mcpu=cortex-m3 -T"D:\Racing team\ASURT Task 3\Star 2\Task3_Star2\Task3_Star2 CubeIDE C6\Slave MCU\STM32F103C6TX_FLASH.ld" --specs=nosys.specs -Wl,-Map="Slave MCU C6.map" -Wl,--gc-sections -static --specs=nano.specs -mfloat-abi=soft -mthumb -Wl,--start-group -lc -lm -Wl,--end-group
Finished building target: Slave MCU C6.elf
 
arm-none-eabi-size  Slave\ MCU\ C6.elf 
arm-none-eabi-objdump -h -S Slave\ MCU\ C6.elf  > "Slave MCU C6.list"
arm-none-eabi-objcopy  -O ihex Slave\ MCU\ C6.elf  "Slave MCU C6.hex"
   text	   data	    bss	    dec	    hex	filename
   9484	     12	   1684	  11180	   2bac	Slave MCU C6.elf
Finished building: default.size.stdout
 
Finished building: Slave MCU C6.list
Finished building: Slave MCU C6.hex
 
 
11:53:25 **** Incremental Build of configuration Debug for project Master MCU C6 ****
make -j8 all 
arm-none-eabi-size  Master\ MCU\ C6.elf 
   text	   data	    bss	    dec	    hex	filename
  24124	    468	   2292	  26884	   6904	Master MCU C6.elf
Finished building: default.size.stdout
 
11:53:26 **** Incremental Build of configuration Debug for project Slave MCU C6 ****
make -j8 all 
arm-none-eabi-gcc "../Core/Src/main.c" -mcpu=cortex-m3 -std=gnu11 -g3 -DDEBUG -DUSE_HAL_DRIVER -DSTM32F103x6 -c -I../Core/Inc -I../Drivers/STM32F1xx_HAL_Driver/Inc/Legacy -I../Drivers/STM32F1xx_HAL_Driver/Inc -I../Drivers/CMSIS/Device/ST/STM32F1xx/Include -I../Drivers/CMSIS/Include -O0 -ffunction-sections -fdata-sections -Wall -fstack-usage -fcyclomatic-complexity -MMD -MP -MF"Core/Src/main.d" -MT"Core/Src/main.o" --specs=nano.specs -mfloat-abi=soft -mthumb -o "Core/Src/main.o"
arm-none-eabi-gcc -o "Slave MCU C6.elf" @"objects.list"   -mcpu=cortex-m3 -T"D:\Racing team\ASURT Task 3\Star 2\Task3_Star2\Task3_Star2 CubeIDE C6\Slave MCU\STM32F103C6TX_FLASH.ld" --specs=nosys.specs -Wl,-Map="Slave MCU C6.map" -Wl,--gc-sections -static --specs=nano.specs -mfloat-abi=soft -mthumb -Wl,--start-group -lc -lm -Wl,--end-group
Finished building target: Slave MCU C6.elf
 
arm-none-eabi-size  Slave\ MCU\ C6.elf 
arm-none-eabi-objdump -h -S Slave\ MCU\ C6.elf  > "Slave MCU C6.list"
arm-none-eabi-objcopy  -O ihex Slave\ MCU\ C6.elf  "Slave MCU C6.hex"
   text	   data	    bss	    dec	    hex	filename
   9500	     12	   1684	  11196	   2bbc	Slave MCU C6.elf
Finished building: default.size.stdout
 
Finished building: Slave MCU C6.hex
Finished building: Slave MCU C6.list
 
 
11:59:24 **** Incremental Build of configuration Debug for project Master MCU C6 ****
make -j8 all 
arm-none-eabi-size  Master\ MCU\ C6.elf 
   text	   data	    bss	    dec	    hex	filename
  24124	    468	   2292	  26884	   6904	Master MCU C6.elf
Finished building: default.size.stdout
 
11:59:25 **** Incremental Build of configuration Debug for project Slave MCU C6 ****
make -j8 all 
[...]
Finished building target: Slave MCU C6.elf
 
arm-none-eabi-size  Slave\ MCU\ C6.elf 
arm-none-eabi-objdump -h -S Slave\ MCU\ C6.elf  > "Slave MCU C6.list"
arm-none-eabi-objcopy  -O ihex Slave\ MCU\ C6.elf  "Slave MCU C6.hex"
   text	   data	    bss	    dec	    hex	filename
   9488	     12	   1676	  11176	   2ba8	Slave MCU C6.elf
Finished building: default.size.stdout
 
Finished building: Slave MCU C6.list
Finished building: Slave MCU C6.hex
 
 
12:22:09 **** Incremental Build of configuration Debug for project Master MCU C6 ****
make -j8 all 
arm-none-eabi-size  Master\ MCU\ C6.elf 
   text	   data	    bss	    dec	    hex	filename
  24676	    468	   2292	  27436	   6b2c	Master MCU C6.elf
Finished building: default.size.stdout
 
12:22:10 **** Incremental Build of configuration Debug for project Slave MCU C6 ****
make -j8 all 
arm-none-eabi-gcc "../Core/Src/main.c" -mcpu=cortex-m3 -std=gnu11 -g3 -DDEBUG -DUSE_HAL_DRIVER -DSTM32F103x6 -c -I../Core/Inc -I../Drivers/STM32F1xx_HAL_Driver/Inc/Legacy -I../Drivers/STM32F1xx_HAL_Driver/Inc -I../Drivers/CMSIS/Device/ST/STM32F1xx/Include -I../Drivers/CMSIS/Include -O0 -ffunction-sections -fdata-sections -Wall -fstack-usage -fcyclomatic-complexity -MMD -MP -MF"Core/Src/main.d" -MT"Core/Src/main.o" --specs=nano.specs -mfloat-abi=soft -mthumb -o "Core/Src/main.o"
arm-none-eabi-gcc -o "Slave MCU C6.elf" @"objects.list"   -mcpu=cortex-m3 -T"D:\Racing team\ASURT Task 3\Star 2\Task3_Star2\Task3_Star2 CubeIDE C6\Slave MCU\STM32F103C6TX_FLASH.ld" --specs=nosys.specs -Wl,-Map="Slave MCU C6.map" -Wl,--gc-sections -static --specs=nano.specs -mfloat-abi=soft -mthumb -Wl,--start-group -lc -lm -Wl,--end-group
Finished building target: Slave MCU C6.elf
 
arm-none-eabi-size  Slave\ MCU\ C6.elf 
arm-none-eabi-objdump -h -S Slave\ MCU\ C6.elf  > "Slave MCU C6.list"
   text	   data	    bss	    dec	    hex	filename
   9480	     12	   1676	  11168	   2ba0	Slave MCU C6.elf
arm-none-eabi-objcopy  -O ihex Slave\ MCU\ C6.elf  "Slave MCU C6.hex"
Finished building: default.size.stdout
 
Finished building: Slave MCU C6.hex
Finished building: Slave MCU C6.list
 
 
12:31:37 **** Incremental Build of configuration Debug for project Master MCU C6 ****
make -j8 all 
arm-none-eabi-gcc "../Core/Src/main.c" -mcpu=cortex-m3 -std=gnu11 -g3 -DDEBUG -DUSE_HAL_DRIVER -DSTM32F103x6 -c -I../Core/Inc -I../Drivers/STM32F1xx_HAL_Driver/Inc/Legacy -I../Drivers/STM32F1xx_HAL_Driver/Inc -I../Drivers/CMSIS/Device/ST/STM32F1xx/Include -I../Drivers/CMSIS/Include -O0 -ffunction-sections -fdata-sections -Wall -fstack-usage -fcyclomatic-complexity -MMD -MP -MF"Core/Src/main.d" -MT"Core/Src/main.o" --specs=nano.specs -mfloat-abi=soft -mthumb -o "Core/Src/main.o"
arm-none-eabi-gcc -o "Master MCU C6.elf" @"objects.list"   -mcpu=cortex-m3 -T"D:\Racing team\ASURT Task 3\Star 2\Task3_Star2\Task3_Star2 CubeIDE C6\Master MCU C6\STM32F103C6TX_FLASH.ld" --specs=nosys.specs -Wl,-Map="Master MCU C6.map" -Wl,--gc-sections -static -u_printf_float --specs=nano.specs -mfloat-abi=soft -mthumb -Wl,--start-group -lc -lm -Wl,--end-group
Finished building target: Master MCU C6.elf
 
arm-none-eabi-size  Master\ MCU\ C6.elf 
arm-none-eabi-objdump -h -S Master\ MCU\ C6.elf  > "Master MCU C6.list"
arm-none-eabi-objcopy  -O ihex Master\ MCU\ C6.elf  "Master MCU C6.hex"
   text	   data	    bss	    dec	    hex	filename
  24676	    468	   2292	  27436	   6b2c	Master MCU C6.elf
Finished building: default.size.stdout
 
Finished building: Master MCU C6.list
Finished building: Master MCU C6.hex
 
 
12:31:40 **** Incremental Build of configuration Debug for project Slave MCU C6 ****
make -j8 all 
arm-none-eabi-gcc "../Core/Src/main.c" -mcpu=cortex-m3 -std=gnu11 -g3 -DDEBUG -DUSE_HAL_DRIVER -DSTM32F103x6 -c -I../Core/Inc -I../Drivers/STM32F1xx_HAL_Driver/Inc/Legacy -I../Drivers/STM32F1xx_HAL_Driver/Inc -I../Drivers/CMSIS/Device/ST/STM32F1xx/Include -I../Drivers/CMSIS/Include -O0 -ffunction-sections -fdata-sections -Wall -fstack-usage -fcyclomatic-complexity -MMD -MP -MF"Core/Src/main.d" -MT"Core/Src/main.o" --specs=nano.specs -mfloat-abi=soft -mthumb -o "Core/Src/main.o"
arm-none-eabi-gcc -o "Slave MCU C6.elf" @"objects.list"   -mcpu=cortex-m3 -T"D:\Racing team\ASURT Task 3\Star 2\Task3_Star2\Task3_Star2 CubeIDE C6\Slave MCU\STM32F103C6TX_FLASH.ld" --specs=nosys.specs -Wl,-Map="Slave MCU C6.map" -Wl,--gc-sections -static --specs=nano.specs -mfloat-abi=soft -mthumb -Wl,--start-group -lc -lm -Wl,--end-group
Finished building target: Slave MCU C6.elf
 
arm-none-eabi-size  Slave\ MCU\ C6.elf 
arm-none-eabi-objdump -h -S Slave\ MCU\ C6.elf  > "Slave MCU C6.list"
arm-none-eabi-objcopy  -O ihex Slave\ MCU\ C6.elf  "Slave MCU C6.hex"
   text	   data	    bss	    dec	    hex	filename
   9400	     12	   1676	  11088	   2b50	Slave MCU C6.elf
Finished building: default.size.stdout
 
Finished building: Slave MCU C6.hex
Finished building: Slave MCU C6.list
 
 
12:32:54 **** Incremental Build of configuration Debug for project Master MCU C6 ****
make -j8 all 
arm-none-eabi-gcc "../Core/Src/main.c" -mcpu=cortex-m3 -std=gnu11 -g3 -DDEBUG -DUSE_HAL_DRIVER -DSTM32F103x6 -c -I../Core/Inc -I../Drivers/STM32F1xx_HAL_Driver/Inc/Legacy -I../Drivers/STM32F1xx_HAL_Driver/Inc -I../Drivers/CMSIS/Device/ST/STM32F1xx/Include -I../Drivers/CMSIS/Include -O0 -ffunction-sections -fdata-sections -Wall -fstack-usage -fcyclomatic-complexity -MMD -MP -MF"Core/Src/main.d" -MT"Core/Src/main.o" --specs=nano.specs -mfloat-abi=soft -mthumb -o "Core/Src/main.o"
arm-none-eabi-gcc -o "Master MCU C6.elf" @"objects.list"   -mcpu=cortex-m3 -T"D:\Racing team\ASURT Task 3\Star 2\Task3_Star2\Task3_Star2 CubeIDE C6\Master MCU C6\STM32F103C6TX_FLASH.ld" --specs=nosys.specs -Wl,-Map="Master MCU C6.map" -Wl,--gc-sections -static -u_printf_float --specs=nano.specs -mfloat-abi=soft -mthumb -Wl,--start-group -lc -lm -Wl,--end-group
Finished building target: Master MCU C6.elf
 
arm-none-eabi-size  Master\ MCU\ C6.elf 
arm-none-eabi-objdump -h -S Master\ MCU\ C6.elf  > "Master MCU C6.list"
arm-none-eabi-objcopy  -O ihex Master\ MCU\ C6.elf  "Master MCU C6.hex"
   text	   data	    bss	    dec	    hex	filename
  24676	    468	   2292	  27436	   6b2c	Master MCU C6.elf
Finished building: default.size.stdout
 
Finished building: Master MCU C6.hex
Finished building: Master MCU C6.list
 
 
12:32:57 **** Incremental Build of configuration Debug for project Slave MCU C6 ****
make -j8 all 
arm-none-eabi-size  Slave\ MCU\ C6.elf 
   text	   data	    bss	    dec	    hex	filename
   9400	     12	   1676	  11088	   2b50	Slave MCU C6.elf
Finished building: default.size.stdout
 
12:37:27 **** Incremental Build of configuration Debug for project Master MCU C6 ****
make -j8 all 
arm-none-eabi-gcc "../Core/Src/main.c" -mcpu=cortex-m3 -std=gnu11 -g3 -DDEBUG -DUSE_HAL_DRIVER -DSTM32F103x6 -c -I../Core/Inc -I../Drivers/STM32F1xx_HAL_Driver/Inc/Legacy -I../Drivers/STM32F1xx_HAL_Driver/Inc -I../Drivers/CMSIS/Device/ST/STM32F1xx/Include -I../Drivers/CMSIS/Include -O0 -ffunction-sections -fdata-sections -Wall -fstack-usage -fcyclomatic-complexity -MMD -MP -MF"Core/Src/main.d" -MT"Core/Src/main.o" --specs=nano.specs -mfloat-abi=soft -mthumb -o "Core/Src/main.o"
arm-none-eabi-gcc -o "Master MCU C6.elf" @"objects.list"   -mcpu=cortex-m3 -T"D:\Racing team\ASURT Task 3\Star 2\Task3_Star2\Task3_Star2 CubeIDE C6\Master MCU C6\STM32F103C6TX_FLASH.ld" --specs=nosys.specs -Wl,-Map="Master MCU C6.map" -Wl,--gc-sections -static -u_printf_float --specs=nano.specs -mfloat-abi=soft -mthumb -Wl,--start-group -lc -lm -Wl,--end-group
Finished building target: Master MCU C6.elf
 
arm-none-eabi-size  Master\ MCU\ C6.elf 
arm-none-eabi-objdump -h -S Master\ MCU\ C6.elf  > "Master MCU C6.list"
arm-none-eabi-objcopy  -O ihex Master\ MCU\ C6.elf  "Master MCU C6.hex"
   text	   data	    bss	    dec	    hex	filename
  24652	    468	   2292	  27412	   6b14	Master MCU C6.elf
Finished building: default.size.stdout
 
Finished building: Master MCU C6.hex
Finished building: Master MCU C6.list
 
 
12:37:30 **** Incremental Build of configuration Debug for project Slave MCU C6 ****
make -j8 all 
arm-none-eabi-size  Slave\ MCU\ C6.elf 
   text	   data	    bss	    dec	    hex	filename
   9400	     12	   1676	  11088	   2b50	Slave MCU C6.elf
Finished building: default.size.stdout
 
12:41:42 **** Incremental Build of configuration Debug for project Master MCU C6 ****
make -j8 all 
arm-none-eabi-gcc "../Core/Src/main.c" -mcpu=cortex-m3 -std=gnu11 -g3 -DDEBUG -DUSE_HAL_DRIVER -DSTM32F103x6 -c -I../Core/Inc -I../Drivers/STM32F1xx_HAL_Driver/Inc/Legacy -I../Drivers/STM32F1xx_HAL_Driver/Inc -I../Drivers/CMSIS/Device/ST/STM32F1xx/Include -I../Drivers/CMSIS/Include -O0 -ffunction-sections -fdata-sections -Wall -fstack-usage -fcyclomatic-complexity -MMD -MP -MF"Core/Src/main.d" -MT"Core/Src/main.o" --specs=nano.specs -mfloat-abi=soft -mthumb -o "Core/Src/main.o"
arm-none-eabi-gcc -o "Master MCU C6.elf" @"objects.list"   -mcpu=cortex-m3 -T"D:\Racing team\ASURT Task 3\Star 2\Task3_Star2\Task3_Star2 CubeIDE C6\Master MCU C6\STM32F103C6TX_FLASH.ld" --specs=nosys.specs -Wl,-Map="Master MCU C6.map" -Wl,--gc-sections -static -u_printf_float --specs=nano.specs -mfloat-abi=soft -mthumb -Wl,--start-group -lc -lm -Wl,--end-group
Finished building target: Master MCU C6.elf
 
arm-none-eabi-size  Master\ MCU\ C6.elf 
arm-none-eabi-objdump -h -S Master\ MCU\ C6.elf  > "Master MCU C6.list"
   text	   data	    bss	    dec	    hex	filename
  24572	    468	   2292	  27332	   6ac4	Master MCU C6.elf
arm-none-eabi-objcopy  -O ihex Master\ MCU\ C6.elf  "Master MCU C6.hex"
Finished building: default.size.stdout
 
Finished building: Master MCU C6.hex
Finished building: Master MCU C6.list
 
 
12:41:44 **** Incremental Build of configuration Debug for project Slave MCU C6 ****
make -j8 all 
arm-none-eabi-gcc "../Core/Src/main.c" -mcpu=cortex-m3 -std=gnu11 -g3 -DDEBUG -DUSE_HAL_DRIVER -DSTM32F103x6 -c -I../Core/Inc -I../Drivers/STM32F1xx_HAL_Driver/Inc/Legacy -I../Drivers/STM32F1xx_HAL_Driver/Inc -I../Drivers/CMSIS/Device/ST/STM32F1xx/Include -I../Drivers/CMSIS/Include -O0 -ffunction-sections -fdata-sections -Wall -fstack-usage -fcyclomatic-complexity -MMD -MP -MF"Core/Src/main.d" -MT"Core/Src/main.o" --specs=nano.specs -mfloat-abi=soft -mthumb -o "Core/Src/main.o"
arm-none-eabi-gcc -o "Slave MCU C6.elf" @"objects.list"   -mcpu=cortex-m3 -T"D:\Racing team\ASURT Task 3\Star 2\Task3_Star2\Task3_Star2 CubeIDE C6\Slave MCU\STM32F103C6TX_FLASH.ld" --specs=nosys.specs -Wl,-Map="Slave MCU C6.map" -Wl,--gc-sections -static --specs=nano.specs -mfloat-abi=soft -mthumb -Wl,--start-group -lc -lm -Wl,--end-group
Finished building target: Slave MCU C6.elf
 
arm-none-eabi-size  Slave\ MCU\ C6.elf 
arm-none-eabi-objdump -h -S Slave\ MCU\ C6.elf  > "Slave MCU C6.list"
arm-none-eabi-objcopy  -O ihex Slave\ MCU\ C6.elf  "Slave MCU C6.hex"
   text	   data	    bss	    dec	    hex	filename
   9416	     12	   1676	  11104	   2b60	Slave MCU C6.elf
Finished building: default.size.stdout
 
Finished building: Slave MCU C6.list
Finished building: Slave MCU C6.hex
 
 
12:42:55 **** Incremental Build of configuration Debug for project Master MCU C6 ****
make -j8 all 
arm-none-eabi-size  Master\ MCU\ C6.elf 
   text	   data	    bss	    dec	    hex	filename
  24572	    468	   2292	  27332	   6ac4	Master MCU C6.elf
Finished building: default.size.stdout
 
12:42:55 **** Incremental Build of configuration Debug for project Slave MCU C6 ****
make -j8 all 
arm-none-eabi-gcc "../Core/Src/main.c" -mcpu=cortex-m3 -std=gnu11 -g3 -DDEBUG -DUSE_HAL_DRIVER -DSTM32F103x6 -c -I../Core/Inc -I../Drivers/STM32F1xx_HAL_Driver/Inc/Legacy -I../Drivers/STM32F1xx_HAL_Driver/Inc -I../Drivers/CMSIS/Device/ST/STM32F1xx/Include -I../Drivers/CMSIS/Include -O0 -ffunction-sections -fdata-sections -Wall -fstack-usage -fcyclomatic-complexity -MMD -MP -MF"Core/Src/main.d" -MT"Core/Src/main.o" --specs=nano.specs -mfloat-abi=soft -mthumb -o "Core/Src/main.o"
arm-none-eabi-gcc -o "Slave MCU C6.elf" @"objects.list"   -mcpu=cortex-m3 -T"D:\Racing team\ASURT Task 3\Star 2\Task3_Star2\Task3_Star2 CubeIDE C6\Slave MCU\STM32F103C6TX_FLASH.ld" --specs=nosys.specs -Wl,-Map="Slave MCU C6.map" -Wl,--gc-sections -static --specs=nano.specs -mfloat-abi=soft -mthumb -Wl,--start-group -lc -lm -Wl,--end-group
Finished building target: Slave MCU C6.elf
 
arm-none-eabi-size  Slave\ MCU\ C6.elf 
arm-none-eabi-objdump -h -S Slave\ MCU\ C6.elf  > "Slave MCU C6.list"
arm-none-eabi-objcopy  -O ihex Slave\ MCU\ C6.elf  "Slave MCU C6.hex"
   text	   data	    bss	    dec	    hex	filename
   9400	     12	   1676	  11088	   2b50	Slave MCU C6.elf
Finished building: default.size.stdout
 
Finished building: Slave MCU C6.list
Finished building: Slave MCU C6.hex
 
 
12:44:24 **** Incremental Build of configuration Debug for project Master MCU C6 ****
make -j8 all 
arm-none-eabi-gcc "../Core/Src/main.c" -mcpu=cortex-m3 -std=gnu11 -g3 -DDEBUG -DUSE_HAL_DRIVER -DSTM32F103x6 -c -I../Core/Inc -I../Drivers/STM32F1xx_HAL_Driver/Inc/Legacy -I../Drivers/STM32F1xx_HAL_Driver/Inc -I../Drivers/CMSIS/Device/ST/STM32F1xx/Include -I../Drivers/CMSIS/Include -O0 -ffunction-sections -fdata-sections -Wall -fstack-usage -fcyclomatic-complexity -MMD -MP -MF"Core/Src/main.d" -MT"Core/Src/main.o" --specs=nano.specs -mfloat-abi=soft -mthumb -o "Core/Src/main.o"
arm-none-eabi-gcc -o "Master MCU C6.elf" @"objects.list"   -mcpu=cortex-m3 -T"D:\Racing team\ASURT Task 3\Star 2\Task3_Star2\Task3_Star2 CubeIDE C6\Master MCU C6\STM32F103C6TX_FLASH.ld" --specs=nosys.specs -Wl,-Map="Master MCU C6.map" -Wl,--gc-sections -static -u_printf_float --specs=nano.specs -mfloat-abi=soft -mthumb -Wl,--start-group -lc -lm -Wl,--end-group
Finished building target: Master MCU C6.elf
 
arm-none-eabi-size  Master\ MCU\ C6.elf 
arm-none-eabi-objdump -h -S Master\ MCU\ C6.elf  > "Master MCU C6.list"
arm-none-eabi-objcopy  -O ihex Master\ MCU\ C6.elf  "Master MCU C6.hex"
   text	   data	    bss	    dec	    hex	filename
  24588	    468	   2292	  27348	   6ad4	Master MCU C6.elf
Finished building: default.size.stdout
 
Finished building: Master MCU C6.list
Finished building: Master MCU C6.hex
 
 
12:44:27 **** Incremental Build of configuration Debug for project Slave MCU C6 ****
make -j8 all 
arm-none-eabi-size  Slave\ MCU\ C6.elf 
   text	   data	    bss	    dec	    hex	filename
   9400	     12	   1676	  11088	   2b50	Slave MCU C6.elf
Finished building: default.size.stdout
 
13:03:17 **** Incremental Build of configuration Debug for project Master MCU C6 ****
make -j8 all 
arm-none-eabi-gcc "../Core/Src/main.c" -mcpu=cortex-m3 -std=gnu11 -g3 -DDEBUG -DUSE_HAL_DRIVER -DSTM32F103x6 -c -I../Core/Inc -I../Drivers/STM32F1xx_HAL_Driver/Inc/Legacy -I../Drivers/STM32F1xx_HAL_Driver/Inc -I../Drivers/CMSIS/Device/ST/STM32F1xx/Include -I../Drivers/CMSIS/Include -O0 -ffunction-sections -fdata-sections -Wall -fstack-usage -fcyclomatic-complexity -MMD -MP -MF"Core/Src/main.d" -MT"Core/Src/main.o" --specs=nano.specs -mfloat-abi=soft -mthumb -o "Core/Src/main.o"
arm-none-eabi-gcc -o "Master MCU C6.elf" @"objects.list"   -mcpu=cortex-m3 -T"D:\Racing team\ASURT Task 3\Star 2\Task3_Star2\Task3_Star2 CubeIDE C6\Master MCU C6\STM32F103C6TX_FLASH.ld" --specs=nosys.specs -Wl,-Map="Master MCU C6.map" -Wl,--gc-sections -static -u_printf_float --specs=nano.specs -mfloat-abi=soft -mthumb -Wl,--start-group -lc -lm -Wl,--end-group
Finished building target: Master MCU C6.elf
 
arm-none-eabi-size  Master\ MCU\ C6.elf 
arm-none-eabi-objdump -h -S Master\ MCU\ C6.elf  > "Master MCU C6.list"
arm-none-eabi-objcopy  -O ihex Master\ MCU\ C6.elf  "Master MCU C6.hex"
   text	   data	    bss	    dec	    hex	filename
  24588	    468	   2292	  27348	   6ad4	Master MCU C6.elf
Finished building: default.size.stdout
 
Finished building: Master MCU C6.hex
Finished building: Master MCU C6.list
 
 
13:03:19 **** Incremental Build of configuration Debug for project Slave MCU C6 ****
make -j8 all 
arm-none-eabi-gcc "../Core/Src/main.c" -mcpu=cortex-m3 -std=gnu11 -g3 -DDEBUG -DUSE_HAL_DRIVER -DSTM32F103x6 -c -I../Core/Inc -I../Drivers/STM32F1xx_HAL_Driver/Inc/Legacy -I../Drivers/STM32F1xx_HAL_Driver/Inc -I../Drivers/CMSIS/Device/ST/STM32F1xx/Include -I../Drivers/CMSIS/Include -O0 -ffunction-sections -fdata-sections -Wall -fstack-usage -fcyclomatic-complexity -MMD -MP -MF"Core/Src/main.d" -MT"Core/Src/main.o" --specs=nano.specs -mfloat-abi=soft -mthumb -o "Core/Src/main.o"
arm-none-eabi-gcc -o "Slave MCU C6.elf" @"objects.list"   -mcpu=cortex-m3 -T"D:\Racing team\ASURT Task 3\Star 2\Task3_Star2\Task3_Star2 CubeIDE C6\Slave MCU\STM32F103C6TX_FLASH.ld" --specs=nosys.specs -Wl,-Map="Slave MCU C6.map" -Wl,--gc-sections -static --specs=nano.specs -mfloat-abi=soft -mthumb -Wl,--start-group -lc -lm -Wl,--end-group
Finished building target: Slave MCU C6.elf
 
arm-none-eabi-size  Slave\ MCU\ C6.elf 
arm-none-eabi-objdump -h -S Slave\ MCU\ C6.elf  > "Slave MCU C6.list"
arm-none-eabi-objcopy  -O ihex Slave\ MCU\ C6.elf  "Slave MCU C6.hex"
   text	   data	    bss	    dec	    hex	filename
   9416	     12	   1676	  11104	   2b60	Slave MCU C6.elf
Finished building: default.size.stdout
 
Finished building: Slave MCU C6.list
Finished building: Slave MCU C6.hex
 
 
13:29:55 **** Incremental Build of configuration Debug for project Master MCU C6 ****
make -j8 all 
arm-none-eabi-gcc "../Core/Src/main.c" -mcpu=cortex-m3 -std=gnu11 -g3 -DDEBUG -DUSE_HAL_DRIVER -DSTM32F103x6 -c -I../Core/Inc -I../Drivers/STM32F1xx_HAL_Driver/Inc/Legacy -I../Drivers/STM32F1xx_HAL_Driver/Inc -I../Drivers/CMSIS/Device/ST/STM32F1xx/Include -I../Drivers/CMSIS/Include -O0 -ffunction-sections -fdata-sections -Wall -fstack-usage -fcyclomatic-complexity -MMD -MP -MF"Core/Src/main.d" -MT"Core/Src/main.o" --specs=nano.specs -mfloat-abi=soft -mthumb -o "Core/Src/main.o"
arm-none-eabi-gcc -o "Master MCU C6.elf" @"objects.list"   -mcpu=cortex-m3 -T"D:\Racing team\ASURT Task 3\Star 2\Task3_Star2\Task3_Star2 CubeIDE C6\Master MCU C6\STM32F103C6TX_FLASH.ld" --specs=nosys.specs -Wl,-Map="Master MCU C6.map" -Wl,--gc-sections -static -u_printf_float --specs=nano.specs -mfloat-abi=soft -mthumb -Wl,--start-group -lc -lm -Wl,--end-group
Finished building target: Master MCU C6.elf
 
arm-none-eabi-size  Master\ MCU\ C6.elf 
arm-none-eabi-objdump -h -S Master\ MCU\ C6.elf  > "Master MCU C6.list"
arm-none-eabi-objcopy  -O ihex Master\ MCU\ C6.elf  "Master MCU C6.hex"
   text	   data	    bss	    dec	    hex	filename
  24548	    468	   2292	  27308	   6aac	Master MCU C6.elf
Finished building: default.size.stdout
 
Finished building: Master MCU C6.hex
Finished building: Master MCU C6.list
 
 
13:29:58 **** Incremental Build of configuration Debug for project Slave MCU C6 ****
make -j8 all 
arm-none-eabi-gcc "../Core/Src/main.c" -mcpu=cortex-m3 -std=gnu11 -g3 -DDEBUG -DUSE_HAL_DRIVER -DSTM32F103x6 -c -I../Core/Inc -I../Drivers/STM32F1xx_HAL_Driver/Inc/Legacy -I../Drivers/STM32F1xx_HAL_Driver/Inc -I../Drivers/CMSIS/Device/ST/STM32F1xx/Include -I../Drivers/CMSIS/Include -O0 -ffunction-sections -fdata-sections -Wall -fstack-usage -fcyclomatic-complexity -MMD -MP -MF"Core/Src/main.d" -MT"Core/Src/main.o" --specs=nano.specs -mfloat-abi=soft -mthumb -o "Core/Src/main.o"
arm-none-eabi-gcc -o "Slave MCU C6.elf" @"objects.list"   -mcpu=cortex-m3 -T"D:\Racing team\ASURT Task 3\Star 2\Task3_Star2\Task3_Star2 CubeIDE C6\Slave MCU\STM32F103C6TX_FLASH.ld" --specs=nosys.specs -Wl,-Map="Slave MCU C6.map" -Wl,--gc-sections -static --specs=nano.specs -mfloat-abi=soft -mthumb -Wl,--start-group -lc -lm -Wl,--end-group
Finished building target: Slave MCU C6.elf
 
arm-none-eabi-size  Slave\ MCU\ C6.elf 
arm-none-eabi-objdump -h -S Slave\ MCU\ C6.elf  > "Slave MCU C6.list"
arm-none-eabi-objcopy  -O ihex Slave\ MCU\ C6.elf  "Slave MCU C6.hex"
   text	   data	    bss	    dec	    hex	filename
   9288	     12	   1684	  10984	   2ae8	Slave MCU C6.elf
Finished building: default.size.stdout
 
Finished building: Slave MCU C6.hex
Finished building: Slave MCU C6.list
 
 
