13:29:58 **** Incremental Build of configuration Debug for project Slave MCU C6 ****
make -j8 all 
arm-none-eabi-gcc "../Core/Src/main.c" -mcpu=cortex-m3 -std=gnu11 -g3 -DDEBUG -DUSE_HAL_DRIVER -DSTM32F103x6 -c -I../Core/Inc -I../Drivers/STM32F1xx_HAL_Driver/Inc/Legacy -I../Drivers/STM32F1xx_HAL_Driver/Inc -I../Drivers/CMSIS/Device/ST/STM32F1xx/Include -I../Drivers/CMSIS/Include -O0 -ffunction-sections -fdata-sections -Wall -fstack-usage -fcyclomatic-complexity -MMD -MP -MF"Core/Src/main.d" -MT"Core/Src/main.o" --specs=nano.specs -mfloat-abi=soft -mthumb -o "Core/Src/main.o"
arm-none-eabi-gcc -o "Slave MCU C6.elf" @"objects.list"   -mcpu=cortex-m3 -T"D:\Racing team\ASURT Task 3\Star 2\Task3_Star2\Task3_Star2 CubeIDE C6\Slave MCU\STM32F103C6TX_FLASH.ld" --specs=nosys.specs -Wl,-Map="Slave MCU C6.map" -Wl,--gc-sections -static --specs=nano.specs -mfloat-abi=soft -mthumb -Wl,--start-group -lc -lm -Wl,--end-group
Finished building target: Slave MCU C6.elf
 
arm-none-eabi-size  Slave\ MCU\ C6.elf 
arm-none-eabi-objdump -h -S Slave\ MCU\ C6.elf  > "Slave MCU C6.list"
arm-none-eabi-objcopy  -O ihex Slave\ MCU\ C6.elf  "Slave MCU C6.hex"
   text	   data	    bss	    dec	    hex	filename
   9288	     12	   1684	  10984	   2ae8	Slave MCU C6.elf
Finished building: default.size.stdout
 
Finished building: Slave MCU C6.hex
Finished building: Slave MCU C6.list
 
 

13:30:00 Build Finished. 0 errors, 0 warnings. (took 2s.427ms)

