00:22:21 **** Build of configuration Debug for project Analog Slave MCU ****
make -j8 all 
arm-none-eabi-gcc "../Drivers/STM32F1xx_HAL_Driver/Src/stm32f1xx_hal.c" -mcpu=cortex-m3 -std=gnu11 -g3 -DDEBUG -DUSE_HAL_DRIVER -DSTM32F103x6 -c -I../Core/Inc -I../Drivers/STM32F1xx_HAL_Driver/Inc -I../Drivers/STM32F1xx_HAL_Driver/Inc/Legacy -I../Drivers/CMSIS/Device/ST/STM32F1xx/Include -I../Drivers/CMSIS/Include -O0 -ffunction-sections -fdata-sections -Wall -fstack-usage -fcyclomatic-complexity -MMD -MP -MF"Drivers/STM32F1xx_HAL_Driver/Src/stm32f1xx_hal.d" -MT"Drivers/STM32F1xx_HAL_Driver/Src/stm32f1xx_hal.o" --specs=nano.specs -mfloat-abi=soft -mthumb -o "Drivers/STM32F1xx_HAL_Driver/Src/stm32f1xx_hal.o"
arm-none-eabi-gcc "../Drivers/STM32F1xx_HAL_Driver/Src/stm32f1xx_hal_adc.c" -mcpu=cortex-m3 -std=gnu11 -g3 -DDEBUG -DUSE_HAL_DRIVER -DSTM32F103x6 -c -I../Core/Inc -I../Drivers/STM32F1xx_HAL_Driver/Inc -I../Drivers/STM32F1xx_HAL_Driver/Inc/Legacy -I../Drivers/CMSIS/Device/ST/STM32F1xx/Include -I../Drivers/CMSIS/Include -O0 -ffunction-sections -fdata-sections -Wall -fstack-usage -fcyclomatic-complexity -MMD -MP -MF"Drivers/STM32F1xx_HAL_Driver/Src/stm32f1xx_hal_adc.d" -MT"Drivers/STM32F1xx_HAL_Driver/Src/stm32f1xx_hal_adc.o" --specs=nano.specs -mfloat-abi=soft -mthumb -o "Drivers/STM32F1xx_HAL_Driver/Src/stm32f1xx_hal_adc.o"
arm-none-eabi-gcc "../Drivers/STM32F1xx_HAL_Driver/Src/stm32f1xx_hal_adc_ex.c" -mcpu=cortex-m3 -std=gnu11 -g3 -DDEBUG -DUSE_HAL_DRIVER -DSTM32F103x6 -c -I../Core/Inc -I../Drivers/STM32F1xx_HAL_Driver/Inc -I../Drivers/STM32F1xx_HAL_Driver/Inc/Legacy -I../Drivers/CMSIS/Device/ST/STM32F1xx/Include -I../Drivers/CMSIS/Include -O0 -ffunction-sections -fdata-sections -Wall -fstack-usage -fcyclomatic-complexity -MMD -MP -MF"Drivers/STM32F1xx_HAL_Driver/Src/stm32f1xx_hal_adc_ex.d" -MT"Drivers/STM32F1xx_HAL_Driver/Src/stm32f1xx_hal_adc_ex.o" --specs=nano.specs -mfloat-abi=soft -mthumb -o "Drivers/STM32F1xx_HAL_Driver/Src/stm32f1xx_hal_adc_ex.o"
arm-none-eabi-gcc "../Drivers/STM32F1xx_HAL_Driver/Src/stm32f1xx_hal_cortex.c" -mcpu=cortex-m3 -std=gnu11 -g3 -DDEBUG -DUSE_HAL_DRIVER -DSTM32F103x6 -c -I../Core/Inc -I../Drivers/STM32F1xx_HAL_Driver/Inc -I../Drivers/STM32F1xx_HAL_Driver/Inc/Legacy -I../Drivers/CMSIS/Device/ST/STM32F1xx/Include -I../Drivers/CMSIS/Include -O0 -ffunction-sections -fdata-sections -Wall -fstack-usage -fcyclomatic-complexity -MMD -MP -MF"Drivers/STM32F1xx_HAL_Driver/Src/stm32f1xx_hal_cortex.d" -MT"Drivers/STM32F1xx_HAL_Driver/Src/stm32f1xx_hal_cortex.o" --specs=nano.specs -mfloat-abi=soft -mthumb -o "Drivers/STM32F1xx_HAL_Driver/Src/stm32f1xx_hal_cortex.o"
arm-none-eabi-gcc "../Drivers/STM32F1xx_HAL_Driver/Src/stm32f1xx_hal_dma.c" -mcpu=cortex-m3 -std=gnu11 -g3 -DDEBUG -DUSE_HAL_DRIVER -DSTM32F103x6 -c -I../Core/Inc -I../Drivers/STM32F1xx_HAL_Driver/Inc -I../Drivers/STM32F1xx_HAL_Driver/Inc/Legacy -I../Drivers/CMSIS/Device/ST/STM32F1xx/Include -I../Drivers/CMSIS/Include -O0 -ffunction-sections -fdata-sections -Wall -fstack-usage -fcyclomatic-complexity -MMD -MP -MF"Drivers/STM32F1xx_HAL_Driver/Src/stm32f1xx_hal_dma.d" -MT"Drivers/STM32F1xx_HAL_Driver/Src/stm32f1xx_hal_dma.o" --specs=nano.specs -mfloat-abi=soft -mthumb -o "Drivers/STM32F1xx_HAL_Driver/Src/stm32f1xx_hal_dma.o"
arm-none-eabi-gcc "../Drivers/STM32F1xx_HAL_Driver/Src/stm32f1xx_hal_exti.c" -mcpu=cortex-m3 -std=gnu11 -g3 -DDEBUG -DUSE_HAL_DRIVER -DSTM32F103x6 -c -I../Core/Inc -I../Drivers/STM32F1xx_HAL_Driver/Inc -I../Drivers/STM32F1xx_HAL_Driver/Inc/Legacy -I../Drivers/CMSIS/Device/ST/STM32F1xx/Include -I../Drivers/CMSIS/Include -O0 -ffunction-sections -fdata-sections -Wall -fstack-usage -fcyclomatic-complexity -MMD -MP -MF"Drivers/STM32F1xx_HAL_Driver/Src/stm32f1xx_hal_exti.d" -MT"Drivers/STM32F1xx_HAL_Driver/Src/stm32f1xx_hal_exti.o" --specs=nano.specs -mfloat-abi=soft -mthumb -o "Drivers/STM32F1xx_HAL_Driver/Src/stm32f1xx_hal_exti.o"
arm-none-eabi-gcc "../Drivers/STM32F1xx_HAL_Driver/Src/stm32f1xx_hal_flash.c" -mcpu=cortex-m3 -std=gnu11 -g3 -DDEBUG -DUSE_HAL_DRIVER -DSTM32F103x6 -c -I../Core/Inc -I../Drivers/STM32F1xx_HAL_Driver/Inc -I../Drivers/STM32F1xx_HAL_Driver/Inc/Legacy -I../Drivers/CMSIS/Device/ST/STM32F1xx/Include -I../Drivers/CMSIS/Include -O0 -ffunction-sections -fdata-sections -Wall -fstack-usage -fcyclomatic-complexity -MMD -MP -MF"Drivers/STM32F1xx_HAL_Driver/Src/stm32f1xx_hal_flash.d" -MT"Drivers/STM32F1xx_HAL_Driver/Src/stm32f1xx_hal_flash.o" --specs=nano.specs -mfloat-abi=soft -mthumb -o "Drivers/STM32F1xx_HAL_Driver/Src/stm32f1xx_hal_flash.o"
arm-none-eabi-gcc "../Drivers/STM32F1xx_HAL_Driver/Src/stm32f1xx_hal_flash_ex.c" -mcpu=cortex-m3 -std=gnu11 -g3 -DDEBUG -DUSE_HAL_DRIVER -DSTM32F103x6 -c -I../Core/Inc -I../Drivers/STM32F1xx_HAL_Driver/Inc -I../Drivers/STM32F1xx_HAL_Driver/Inc/Legacy -I../Drivers/CMSIS/Device/ST/STM32F1xx/Include -I../Drivers/CMSIS/Include -O0 -ffunction-sections -fdata-sections -Wall -fstack-usage -fcyclomatic-complexity -MMD -MP -MF"Drivers/STM32F1xx_HAL_Driver/Src/stm32f1xx_hal_flash_ex.d" -MT"Drivers/STM32F1xx_HAL_Driver/Src/stm32f1xx_hal_flash_ex.o" --specs=nano.specs -mfloat-abi=soft -mthumb -o "Drivers/STM32F1xx_HAL_Driver/Src/stm32f1xx_hal_flash_ex.o"
arm-none-eabi-gcc "../Drivers/STM32F1xx_HAL_Driver/Src/stm32f1xx_hal_gpio.c" -mcpu=cortex-m3 -std=gnu11 -g3 -DDEBUG -DUSE_HAL_DRIVER -DSTM32F103x6 -c -I../Core/Inc -I../Drivers/STM32F1xx_HAL_Driver/Inc -I../Drivers/STM32F1xx_HAL_Driver/Inc/Legacy -I../Drivers/CMSIS/Device/ST/STM32F1xx/Include -I../Drivers/CMSIS/Include -O0 -ffunction-sections -fdata-sections -Wall -fstack-usage -fcyclomatic-complexity -MMD -MP -MF"Drivers/STM32F1xx_HAL_Driver/Src/stm32f1xx_hal_gpio.d" -MT"Drivers/STM32F1xx_HAL_Driver/Src/stm32f1xx_hal_gpio.o" --specs=nano.specs -mfloat-abi=soft -mthumb -o "Drivers/STM32F1xx_HAL_Driver/Src/stm32f1xx_hal_gpio.o"
arm-none-eabi-gcc "../Drivers/STM32F1xx_HAL_Driver/Src/stm32f1xx_hal_gpio_ex.c" -mcpu=cortex-m3 -std=gnu11 -g3 -DDEBUG -DUSE_HAL_DRIVER -DSTM32F103x6 -c -I../Core/Inc -I../Drivers/STM32F1xx_HAL_Driver/Inc -I../Drivers/STM32F1xx_HAL_Driver/Inc/Legacy -I../Drivers/CMSIS/Device/ST/STM32F1xx/Include -I../Drivers/CMSIS/Include -O0 -ffunction-sections -fdata-sections -Wall -fstack-usage -fcyclomatic-complexity -MMD -MP -MF"Drivers/STM32F1xx_HAL_Driver/Src/stm32f1xx_hal_gpio_ex.d" -MT"Drivers/STM32F1xx_HAL_Driver/Src/stm32f1xx_hal_gpio_ex.o" --specs=nano.specs -mfloat-abi=soft -mthumb -o "Drivers/STM32F1xx_HAL_Driver/Src/stm32f1xx_hal_gpio_ex.o"
arm-none-eabi-gcc "../Drivers/STM32F1xx_HAL_Driver/Src/stm32f1xx_hal_pwr.c" -mcpu=cortex-m3 -std=gnu11 -g3 -DDEBUG -DUSE_HAL_DRIVER -DSTM32F103x6 -c -I../Core/Inc -I../Drivers/STM32F1xx_HAL_Driver/Inc -I../Drivers/STM32F1xx_HAL_Driver/Inc/Legacy -I../Drivers/CMSIS/Device/ST/STM32F1xx/Include -I../Drivers/CMSIS/Include -O0 -ffunction-sections -fdata-sections -Wall -fstack-usage -fcyclomatic-complexity -MMD -MP -MF"Drivers/STM32F1xx_HAL_Driver/Src/stm32f1xx_hal_pwr.d" -MT"Drivers/STM32F1xx_HAL_Driver/Src/stm32f1xx_hal_pwr.o" --specs=nano.specs -mfloat-abi=soft -mthumb -o "Drivers/STM32F1xx_HAL_Driver/Src/stm32f1xx_hal_pwr.o"
arm-none-eabi-gcc "../Drivers/STM32F1xx_HAL_Driver/Src/stm32f1xx_hal_rcc.c" -mcpu=cortex-m3 -std=gnu11 -g3 -DDEBUG -DUSE_HAL_DRIVER -DSTM32F103x6 -c -I../Core/Inc -I../Drivers/STM32F1xx_HAL_Driver/Inc -I../Drivers/STM32F1xx_HAL_Driver/Inc/Legacy -I../Drivers/CMSIS/Device/ST/STM32F1xx/Include -I../Drivers/CMSIS/Include -O0 -ffunction-sections -fdata-sections -Wall -fstack-usage -fcyclomatic-complexity -MMD -MP -MF"Drivers/STM32F1xx_HAL_Driver/Src/stm32f1xx_hal_rcc.d" -MT"Drivers/STM32F1xx_HAL_Driver/Src/stm32f1xx_hal_rcc.o" --specs=nano.specs -mfloat-abi=soft -mthumb -o "Drivers/STM32F1xx_HAL_Driver/Src/stm32f1xx_hal_rcc.o"
arm-none-eabi-gcc "../Drivers/STM32F1xx_HAL_Driver/Src/stm32f1xx_hal_rcc_ex.c" -mcpu=cortex-m3 -std=gnu11 -g3 -DDEBUG -DUSE_HAL_DRIVER -DSTM32F103x6 -c -I../Core/Inc -I../Drivers/STM32F1xx_HAL_Driver/Inc -I../Drivers/STM32F1xx_HAL_Driver/Inc/Legacy -I../Drivers/CMSIS/Device/ST/STM32F1xx/Include -I../Drivers/CMSIS/Include -O0 -ffunction-sections -fdata-sections -Wall -fstack-usage -fcyclomatic-complexity -MMD -MP -MF"Drivers/STM32F1xx_HAL_Driver/Src/stm32f1xx_hal_rcc_ex.d" -MT"Drivers/STM32F1xx_HAL_Driver/Src/stm32f1xx_hal_rcc_ex.o" --specs=nano.specs -mfloat-abi=soft -mthumb -o "Drivers/STM32F1xx_HAL_Driver/Src/stm32f1xx_hal_rcc_ex.o"
arm-none-eabi-gcc "../Drivers/STM32F1xx_HAL_Driver/Src/stm32f1xx_hal_spi.c" -mcpu=cortex-m3 -std=gnu11 -g3 -DDEBUG -DUSE_HAL_DRIVER -DSTM32F103x6 -c -I../Core/Inc -I../Drivers/STM32F1xx_HAL_Driver/Inc -I../Drivers/STM32F1xx_HAL_Driver/Inc/Legacy -I../Drivers/CMSIS/Device/ST/STM32F1xx/Include -I../Drivers/CMSIS/Include -O0 -ffunction-sections -fdata-sections -Wall -fstack-usage -fcyclomatic-complexity -MMD -MP -MF"Drivers/STM32F1xx_HAL_Driver/Src/stm32f1xx_hal_spi.d" -MT"Drivers/STM32F1xx_HAL_Driver/Src/stm32f1xx_hal_spi.o" --specs=nano.specs -mfloat-abi=soft -mthumb -o "Drivers/STM32F1xx_HAL_Driver/Src/stm32f1xx_hal_spi.o"
arm-none-eabi-gcc -mcpu=cortex-m3 -g3 -DDEBUG -c -x assembler-with-cpp -MMD -MP -MF"Core/Startup/startup_stm32f103c6tx.d" -MT"Core/Startup/startup_stm32f103c6tx.o" --specs=nano.specs -mfloat-abi=soft -mthumb -o "Core/Startup/startup_stm32f103c6tx.o" "../Core/Startup/startup_stm32f103c6tx.s"
arm-none-eabi-gcc "../Core/Src/main.c" -mcpu=cortex-m3 -std=gnu11 -g3 -DDEBUG -DUSE_HAL_DRIVER -DSTM32F103x6 -c -I../Core/Inc -I../Drivers/STM32F1xx_HAL_Driver/Inc -I../Drivers/STM32F1xx_HAL_Driver/Inc/Legacy -I../Drivers/CMSIS/Device/ST/STM32F1xx/Include -I../Drivers/CMSIS/Include -O0 -ffunction-sections -fdata-sections -Wall -fstack-usage -fcyclomatic-complexity -MMD -MP -MF"Core/Src/main.d" -MT"Core/Src/main.o" --specs=nano.specs -mfloat-abi=soft -mthumb -o "Core/Src/main.o"
arm-none-eabi-gcc "../Core/Src/stm32f1xx_hal_msp.c" -mcpu=cortex-m3 -std=gnu11 -g3 -DDEBUG -DUSE_HAL_DRIVER -DSTM32F103x6 -c -I../Core/Inc -I../Drivers/STM32F1xx_HAL_Driver/Inc -I../Drivers/STM32F1xx_HAL_Driver/Inc/Legacy -I../Drivers/CMSIS/Device/ST/STM32F1xx/Include -I../Drivers/CMSIS/Include -O0 -ffunction-sections -fdata-sections -Wall -fstack-usage -fcyclomatic-complexity -MMD -MP -MF"Core/Src/stm32f1xx_hal_msp.d" -MT"Core/Src/stm32f1xx_hal_msp.o" --specs=nano.specs -mfloat-abi=soft -mthumb -o "Core/Src/stm32f1xx_hal_msp.o"
arm-none-eabi-gcc "../Core/Src/stm32f1xx_it.c" -mcpu=cortex-m3 -std=gnu11 -g3 -DDEBUG -DUSE_HAL_DRIVER -DSTM32F103x6 -c -I../Core/Inc -I../Drivers/STM32F1xx_HAL_Driver/Inc -I../Drivers/STM32F1xx_HAL_Driver/Inc/Legacy -I../Drivers/CMSIS/Device/ST/STM32F1xx/Include -I../Drivers/CMSIS/Include -O0 -ffunction-sections -fdata-sections -Wall -fstack-usage -fcyclomatic-complexity -MMD -MP -MF"Core/Src/stm32f1xx_it.d" -MT"Core/Src/stm32f1xx_it.o" --specs=nano.specs -mfloat-abi=soft -mthumb -o "Core/Src/stm32f1xx_it.o"
arm-none-eabi-gcc "../Core/Src/syscalls.c" -mcpu=cortex-m3 -std=gnu11 -g3 -DDEBUG -DUSE_HAL_DRIVER -DSTM32F103x6 -c -I../Core/Inc -I../Drivers/STM32F1xx_HAL_Driver/Inc -I../Drivers/STM32F1xx_HAL_Driver/Inc/Legacy -I../Drivers/CMSIS/Device/ST/STM32F1xx/Include -I../Drivers/CMSIS/Include -O0 -ffunction-sections -fdata-sections -Wall -fstack-usage -fcyclomatic-complexity -MMD -MP -MF"Core/Src/syscalls.d" -MT"Core/Src/syscalls.o" --specs=nano.specs -mfloat-abi=soft -mthumb -o "Core/Src/syscalls.o"
arm-none-eabi-gcc "../Core/Src/sysmem.c" -mcpu=cortex-m3 -std=gnu11 -g3 -DDEBUG -DUSE_HAL_DRIVER -DSTM32F103x6 -c -I../Core/Inc -I../Drivers/STM32F1xx_HAL_Driver/Inc -I../Drivers/STM32F1xx_HAL_Driver/Inc/Legacy -I../Drivers/CMSIS/Device/ST/STM32F1xx/Include -I../Drivers/CMSIS/Include -O0 -ffunction-sections -fdata-sections -Wall -fstack-usage -fcyclomatic-complexity -MMD -MP -MF"Core/Src/sysmem.d" -MT"Core/Src/sysmem.o" --specs=nano.specs -mfloat-abi=soft -mthumb -o "Core/Src/sysmem.o"
arm-none-eabi-gcc "../Core/Src/system_stm32f1xx.c" -mcpu=cortex-m3 -std=gnu11 -g3 -DDEBUG -DUSE_HAL_DRIVER -DSTM32F103x6 -c -I../Core/Inc -I../Drivers/STM32F1xx_HAL_Driver/Inc -I../Drivers/STM32F1xx_HAL_Driver/Inc/Legacy -I../Drivers/CMSIS/Device/ST/STM32F1xx/Include -I../Drivers/CMSIS/Include -O0 -ffunction-sections -fdata-sections -Wall -fstack-usage -fcyclomatic-complexity -MMD -MP -MF"Core/Src/system_stm32f1xx.d" -MT"Core/Src/system_stm32f1xx.o" --specs=nano.specs -mfloat-abi=soft -mthumb -o "Core/Src/system_stm32f1xx.o"
arm-none-eabi-gcc -o "Analog Slave MCU.elf" @"objects.list"   -mcpu=cortex-m3 -T"D:\Racing team\ASURT Task 3\Star 3\Task3_Star3\Star 3 CubeIDE\Analog Slave MCU\STM32F103C6TX_FLASH.ld" --specs=nosys.specs -Wl,-Map="Analog Slave MCU.map" -Wl,--gc-sections -static --specs=nano.specs -mfloat-abi=soft -mthumb -Wl,--start-group -lc -lm -Wl,--end-group
Finished building target: Analog Slave MCU.elf
 
arm-none-eabi-size  Analog\ Slave\ MCU.elf 
arm-none-eabi-objdump -h -S Analog\ Slave\ MCU.elf  > "Analog Slave MCU.list"
   text	   data	    bss	    dec	    hex	filename
   6580	     12	   1708	   8300	   206c	Analog Slave MCU.elf
Finished building: default.size.stdout
 
Finished building: Analog Slave MCU.list
 
00:22:27 **** Build of configuration Debug for project Case ID Slave MCU ****
make -j8 all 
arm-none-eabi-gcc "../Drivers/STM32F1xx_HAL_Driver/Src/stm32f1xx_hal.c" -mcpu=cortex-m3 -std=gnu11 -g3 -DDEBUG -DUSE_HAL_DRIVER -DSTM32F103x6 -c -I../Core/Inc -I../Drivers/STM32F1xx_HAL_Driver/Inc -I../Drivers/STM32F1xx_HAL_Driver/Inc/Legacy -I../Drivers/CMSIS/Device/ST/STM32F1xx/Include -I../Drivers/CMSIS/Include -O0 -ffunction-sections -fdata-sections -Wall -fstack-usage -fcyclomatic-complexity -MMD -MP -MF"Drivers/STM32F1xx_HAL_Driver/Src/stm32f1xx_hal.d" -MT"Drivers/STM32F1xx_HAL_Driver/Src/stm32f1xx_hal.o" --specs=nano.specs -mfloat-abi=soft -mthumb -o "Drivers/STM32F1xx_HAL_Driver/Src/stm32f1xx_hal.o"
arm-none-eabi-gcc "../Drivers/STM32F1xx_HAL_Driver/Src/stm32f1xx_hal_cortex.c" -mcpu=cortex-m3 -std=gnu11 -g3 -DDEBUG -DUSE_HAL_DRIVER -DSTM32F103x6 -c -I../Core/Inc -I../Drivers/STM32F1xx_HAL_Driver/Inc -I../Drivers/STM32F1xx_HAL_Driver/Inc/Legacy -I../Drivers/CMSIS/Device/ST/STM32F1xx/Include -I../Drivers/CMSIS/Include -O0 -ffunction-sections -fdata-sections -Wall -fstack-usage -fcyclomatic-complexity -MMD -MP -MF"Drivers/STM32F1xx_HAL_Driver/Src/stm32f1xx_hal_cortex.d" -MT"Drivers/STM32F1xx_HAL_Driver/Src/stm32f1xx_hal_cortex.o" --specs=nano.specs -mfloat-abi=soft -mthumb -o "Drivers/STM32F1xx_HAL_Driver/Src/stm32f1xx_hal_cortex.o"
arm-none-eabi-gcc "../Drivers/STM32F1xx_HAL_Driver/Src/stm32f1xx_hal_dma.c" -mcpu=cortex-m3 -std=gnu11 -g3 -DDEBUG -DUSE_HAL_DRIVER -DSTM32F103x6 -c -I../Core/Inc -I../Drivers/STM32F1xx_HAL_Driver/Inc -I../Drivers/STM32F1xx_HAL_Driver/Inc/Legacy -I../Drivers/CMSIS/Device/ST/STM32F1xx/Include -I../Drivers/CMSIS/Include -O0 -ffunction-sections -fdata-sections -Wall -fstack-usage -fcyclomatic-complexity -MMD -MP -MF"Drivers/STM32F1xx_HAL_Driver/Src/stm32f1xx_hal_dma.d" -MT"Drivers/STM32F1xx_HAL_Driver/Src/stm32f1xx_hal_dma.o" --specs=nano.specs -mfloat-abi=soft -mthumb -o "Drivers/STM32F1xx_HAL_Driver/Src/stm32f1xx_hal_dma.o"
arm-none-eabi-gcc "../Drivers/STM32F1xx_HAL_Driver/Src/stm32f1xx_hal_exti.c" -mcpu=cortex-m3 -std=gnu11 -g3 -DDEBUG -DUSE_HAL_DRIVER -DSTM32F103x6 -c -I../Core/Inc -I../Drivers/STM32F1xx_HAL_Driver/Inc -I../Drivers/STM32F1xx_HAL_Driver/Inc/Legacy -I../Drivers/CMSIS/Device/ST/STM32F1xx/Include -I../Drivers/CMSIS/Include -O0 -ffunction-sections -fdata-sections -Wall -fstack-usage -fcyclomatic-complexity -MMD -MP -MF"Drivers/STM32F1xx_HAL_Driver/Src/stm32f1xx_hal_exti.d" -MT"Drivers/STM32F1xx_HAL_Driver/Src/stm32f1xx_hal_exti.o" --specs=nano.specs -mfloat-abi=soft -mthumb -o "Drivers/STM32F1xx_HAL_Driver/Src/stm32f1xx_hal_exti.o"
arm-none-eabi-gcc "../Drivers/STM32F1xx_HAL_Driver/Src/stm32f1xx_hal_flash.c" -mcpu=cortex-m3 -std=gnu11 -g3 -DDEBUG -DUSE_HAL_DRIVER -DSTM32F103x6 -c -I../Core/Inc -I../Drivers/STM32F1xx_HAL_Driver/Inc -I../Drivers/STM32F1xx_HAL_Driver/Inc/Legacy -I../Drivers/CMSIS/Device/ST/STM32F1xx/Include -I../Drivers/CMSIS/Include -O0 -ffunction-sections -fdata-sections -Wall -fstack-usage -fcyclomatic-complexity -MMD -MP -MF"Drivers/STM32F1xx_HAL_Driver/Src/stm32f1xx_hal_flash.d" -MT"Drivers/STM32F1xx_HAL_Driver/Src/stm32f1xx_hal_flash.o" --specs=nano.specs -mfloat-abi=soft -mthumb -o "Drivers/STM32F1xx_HAL_Driver/Src/stm32f1xx_hal_flash.o"
arm-none-eabi-gcc "../Drivers/STM32F1xx_HAL_Driver/Src/stm32f1xx_hal_flash_ex.c" -mcpu=cortex-m3 -std=gnu11 -g3 -DDEBUG -DUSE_HAL_DRIVER -DSTM32F103x6 -c -I../Core/Inc -I../Drivers/STM32F1xx_HAL_Driver/Inc -I../Drivers/STM32F1xx_HAL_Driver/Inc/Legacy -I../Drivers/CMSIS/Device/ST/STM32F1xx/Include -I../Drivers/CMSIS/Include -O0 -ffunction-sections -fdata-sections -Wall -fstack-usage -fcyclomatic-complexity -MMD -MP -MF"Drivers/STM32F1xx_HAL_Driver/Src/stm32f1xx_hal_flash_ex.d" -MT"Drivers/STM32F1xx_HAL_Driver/Src/stm32f1xx_hal_flash_ex.o" --specs=nano.specs -mfloat-abi=soft -mthumb -o "Drivers/STM32F1xx_HAL_Driver/Src/stm32f1xx_hal_flash_ex.o"
arm-none-eabi-gcc "../Drivers/STM32F1xx_HAL_Driver/Src/stm32f1xx_hal_gpio.c" -mcpu=cortex-m3 -std=gnu11 -g3 -DDEBUG -DUSE_HAL_DRIVER -DSTM32F103x6 -c -I../Core/Inc -I../Drivers/STM32F1xx_HAL_Driver/Inc -I../Drivers/STM32F1xx_HAL_Driver/Inc/Legacy -I../Drivers/CMSIS/Device/ST/STM32F1xx/Include -I../Drivers/CMSIS/Include -O0 -ffunction-sections -fdata-sections -Wall -fstack-usage -fcyclomatic-complexity -MMD -MP -MF"Drivers/STM32F1xx_HAL_Driver/Src/stm32f1xx_hal_gpio.d" -MT"Drivers/STM32F1xx_HAL_Driver/Src/stm32f1xx_hal_gpio.o" --specs=nano.specs -mfloat-abi=soft -mthumb -o "Drivers/STM32F1xx_HAL_Driver/Src/stm32f1xx_hal_gpio.o"
arm-none-eabi-gcc "../Drivers/STM32F1xx_HAL_Driver/Src/stm32f1xx_hal_gpio_ex.c" -mcpu=cortex-m3 -std=gnu11 -g3 -DDEBUG -DUSE_HAL_DRIVER -DSTM32F103x6 -c -I../Core/Inc -I../Drivers/STM32F1xx_HAL_Driver/Inc -I../Drivers/STM32F1xx_HAL_Driver/Inc/Legacy -I../Drivers/CMSIS/Device/ST/STM32F1xx/Include -I../Drivers/CMSIS/Include -O0 -ffunction-sections -fdata-sections -Wall -fstack-usage -fcyclomatic-complexity -MMD -MP -MF"Drivers/STM32F1xx_HAL_Driver/Src/stm32f1xx_hal_gpio_ex.d" -MT"Drivers/STM32F1xx_HAL_Driver/Src/stm32f1xx_hal_gpio_ex.o" --specs=nano.specs -mfloat-abi=soft -mthumb -o "Drivers/STM32F1xx_HAL_Driver/Src/stm32f1xx_hal_gpio_ex.o"
arm-none-eabi-gcc "../Drivers/STM32F1xx_HAL_Driver/Src/stm32f1xx_hal_pwr.c" -mcpu=cortex-m3 -std=gnu11 -g3 -DDEBUG -DUSE_HAL_DRIVER -DSTM32F103x6 -c -I../Core/Inc -I../Drivers/STM32F1xx_HAL_Driver/Inc -I../Drivers/STM32F1xx_HAL_Driver/Inc/Legacy -I../Drivers/CMSIS/Device/ST/STM32F1xx/Include -I../Drivers/CMSIS/Include -O0 -ffunction-sections -fdata-sections -Wall -fstack-usage -fcyclomatic-complexity -MMD -MP -MF"Drivers/STM32F1xx_HAL_Driver/Src/stm32f1xx_hal_pwr.d" -MT"Drivers/STM32F1xx_HAL_Driver/Src/stm32f1xx_hal_pwr.o" --specs=nano.specs -mfloat-abi=soft -mthumb -o "Drivers/STM32F1xx_HAL_Driver/Src/stm32f1xx_hal_pwr.o"
arm-none-eabi-gcc "../Drivers/STM32F1xx_HAL_Driver/Src/stm32f1xx_hal_rcc.c" -mcpu=cortex-m3 -std=gnu11 -g3 -DDEBUG -DUSE_HAL_DRIVER -DSTM32F103x6 -c -I../Core/Inc -I../Drivers/STM32F1xx_HAL_Driver/Inc -I../Drivers/STM32F1xx_HAL_Driver/Inc/Legacy -I../Drivers/CMSIS/Device/ST/STM32F1xx/Include -I../Drivers/CMSIS/Include -O0 -ffunction-sections -fdata-sections -Wall -fstack-usage -fcyclomatic-complexity -MMD -MP -MF"Drivers/STM32F1xx_HAL_Driver/Src/stm32f1xx_hal_rcc.d" -MT"Drivers/STM32F1xx_HAL_Driver/Src/stm32f1xx_hal_rcc.o" --specs=nano.specs -mfloat-abi=soft -mthumb -o "Drivers/STM32F1xx_HAL_Driver/Src/stm32f1xx_hal_rcc.o"
arm-none-eabi-gcc "../Drivers/STM32F1xx_HAL_Driver/Src/stm32f1xx_hal_rcc_ex.c" -mcpu=cortex-m3 -std=gnu11 -g3 -DDEBUG -DUSE_HAL_DRIVER -DSTM32F103x6 -c -I../Core/Inc -I../Drivers/STM32F1xx_HAL_Driver/Inc -I../Drivers/STM32F1xx_HAL_Driver/Inc/Legacy -I../Drivers/CMSIS/Device/ST/STM32F1xx/Include -I../Drivers/CMSIS/Include -O0 -ffunction-sections -fdata-sections -Wall -fstack-usage -fcyclomatic-complexity -MMD -MP -MF"Drivers/STM32F1xx_HAL_Driver/Src/stm32f1xx_hal_rcc_ex.d" -MT"Drivers/STM32F1xx_HAL_Driver/Src/stm32f1xx_hal_rcc_ex.o" --specs=nano.specs -mfloat-abi=soft -mthumb -o "Drivers/STM32F1xx_HAL_Driver/Src/stm32f1xx_hal_rcc_ex.o"
arm-none-eabi-gcc "../Drivers/STM32F1xx_HAL_Driver/Src/stm32f1xx_hal_spi.c" -mcpu=cortex-m3 -std=gnu11 -g3 -DDEBUG -DUSE_HAL_DRIVER -DSTM32F103x6 -c -I../Core/Inc -I../Drivers/STM32F1xx_HAL_Driver/Inc -I../Drivers/STM32F1xx_HAL_Driver/Inc/Legacy -I../Drivers/CMSIS/Device/ST/STM32F1xx/Include -I../Drivers/CMSIS/Include -O0 -ffunction-sections -fdata-sections -Wall -fstack-usage -fcyclomatic-complexity -MMD -MP -MF"Drivers/STM32F1xx_HAL_Driver/Src/stm32f1xx_hal_spi.d" -MT"Drivers/STM32F1xx_HAL_Driver/Src/stm32f1xx_hal_spi.o" --specs=nano.specs -mfloat-abi=soft -mthumb -o "Drivers/STM32F1xx_HAL_Driver/Src/stm32f1xx_hal_spi.o"
arm-none-eabi-gcc -mcpu=cortex-m3 -g3 -DDEBUG -c -x assembler-with-cpp -MMD -MP -MF"Core/Startup/startup_stm32f103c6tx.d" -MT"Core/Startup/startup_stm32f103c6tx.o" --specs=nano.specs -mfloat-abi=soft -mthumb -o "Core/Startup/startup_stm32f103c6tx.o" "../Core/Startup/startup_stm32f103c6tx.s"
arm-none-eabi-gcc "../Core/Src/main.c" -mcpu=cortex-m3 -std=gnu11 -g3 -DDEBUG -DUSE_HAL_DRIVER -DSTM32F103x6 -c -I../Core/Inc -I../Drivers/STM32F1xx_HAL_Driver/Inc -I../Drivers/STM32F1xx_HAL_Driver/Inc/Legacy -I../Drivers/CMSIS/Device/ST/STM32F1xx/Include -I../Drivers/CMSIS/Include -O0 -ffunction-sections -fdata-sections -Wall -fstack-usage -fcyclomatic-complexity -MMD -MP -MF"Core/Src/main.d" -MT"Core/Src/main.o" --specs=nano.specs -mfloat-abi=soft -mthumb -o "Core/Src/main.o"
arm-none-eabi-gcc "../Core/Src/stm32f1xx_hal_msp.c" -mcpu=cortex-m3 -std=gnu11 -g3 -DDEBUG -DUSE_HAL_DRIVER -DSTM32F103x6 -c -I../Core/Inc -I../Drivers/STM32F1xx_HAL_Driver/Inc -I../Drivers/STM32F1xx_HAL_Driver/Inc/Legacy -I../Drivers/CMSIS/Device/ST/STM32F1xx/Include -I../Drivers/CMSIS/Include -O0 -ffunction-sections -fdata-sections -Wall -fstack-usage -fcyclomatic-complexity -MMD -MP -MF"Core/Src/stm32f1xx_hal_msp.d" -MT"Core/Src/stm32f1xx_hal_msp.o" --specs=nano.specs -mfloat-abi=soft -mthumb -o "Core/Src/stm32f1xx_hal_msp.o"
arm-none-eabi-gcc "../Core/Src/stm32f1xx_it.c" -mcpu=cortex-m3 -std=gnu11 -g3 -DDEBUG -DUSE_HAL_DRIVER -DSTM32F103x6 -c -I../Core/Inc -I../Drivers/STM32F1xx_HAL_Driver/Inc -I../Drivers/STM32F1xx_HAL_Driver/Inc/Legacy -I../Drivers/CMSIS/Device/ST/STM32F1xx/Include -I../Drivers/CMSIS/Include -O0 -ffunction-sections -fdata-sections -Wall -fstack-usage -fcyclomatic-complexity -MMD -MP -MF"Core/Src/stm32f1xx_it.d" -MT"Core/Src/stm32f1xx_it.o" --specs=nano.specs -mfloat-abi=soft -mthumb -o "Core/Src/stm32f1xx_it.o"
arm-none-eabi-gcc "../Core/Src/syscalls.c" -mcpu=cortex-m3 -std=gnu11 -g3 -DDEBUG -DUSE_HAL_DRIVER -DSTM32F103x6 -c -I../Core/Inc -I../Drivers/STM32F1xx_HAL_Driver/Inc -I../Drivers/STM32F1xx_HAL_Driver/Inc/Legacy -I../Drivers/CMSIS/Device/ST/STM32F1xx/Include -I../Drivers/CMSIS/Include -O0 -ffunction-sections -fdata-sections -Wall -fstack-usage -fcyclomatic-complexity -MMD -MP -MF"Core/Src/syscalls.d" -MT"Core/Src/syscalls.o" --specs=nano.specs -mfloat-abi=soft -mthumb -o "Core/Src/syscalls.o"
arm-none-eabi-gcc "../Core/Src/sysmem.c" -mcpu=cortex-m3 -std=gnu11 -g3 -DDEBUG -DUSE_HAL_DRIVER -DSTM32F103x6 -c -I../Core/Inc -I../Drivers/STM32F1xx_HAL_Driver/Inc -I../Drivers/STM32F1xx_HAL_Driver/Inc/Legacy -I../Drivers/CMSIS/Device/ST/STM32F1xx/Include -I../Drivers/CMSIS/Include -O0 -ffunction-sections -fdata-sections -Wall -fstack-usage -fcyclomatic-complexity -MMD -MP -MF"Core/Src/sysmem.d" -MT"Core/Src/sysmem.o" --specs=nano.specs -mfloat-abi=soft -mthumb -o "Core/Src/sysmem.o"
arm-none-eabi-gcc "../Core/Src/system_stm32f1xx.c" -mcpu=cortex-m3 -std=gnu11 -g3 -DDEBUG -DUSE_HAL_DRIVER -DSTM32F103x6 -c -I../Core/Inc -I../Drivers/STM32F1xx_HAL_Driver/Inc -I../Drivers/STM32F1xx_HAL_Driver/Inc/Legacy -I../Drivers/CMSIS/Device/ST/STM32F1xx/Include -I../Drivers/CMSIS/Include -O0 -ffunction-sections -fdata-sections -Wall -fstack-usage -fcyclomatic-complexity -MMD -MP -MF"Core/Src/system_stm32f1xx.d" -MT"Core/Src/system_stm32f1xx.o" --specs=nano.specs -mfloat-abi=soft -mthumb -o "Core/Src/system_stm32f1xx.o"
arm-none-eabi-gcc -o "Case ID Slave MCU.elf" @"objects.list"   -mcpu=cortex-m3 -T"D:\Racing team\ASURT Task 3\Star 3\Task3_Star3\Star 3 CubeIDE\Case ID Slave MCU\STM32F103C6TX_FLASH.ld" --specs=nosys.specs -Wl,-Map="Case ID Slave MCU.map" -Wl,--gc-sections -static --specs=nano.specs -mfloat-abi=soft -mthumb -Wl,--start-group -lc -lm -Wl,--end-group
Finished building target: Case ID Slave MCU.elf
 
arm-none-eabi-size  Case\ ID\ Slave\ MCU.elf 
arm-none-eabi-objdump -h -S Case\ ID\ Slave\ MCU.elf  > "Case ID Slave MCU.list"
   text	   data	    bss	    dec	    hex	filename
   4868	     12	   1660	   6540	   198c	Case ID Slave MCU.elf
Finished building: default.size.stdout
 
Finished building: Case ID Slave MCU.list
 
00:22:32 **** Build of configuration Debug for project Master MCU ****
make -j8 all 
arm-none-eabi-gcc "../Drivers/STM32F1xx_HAL_Driver/Src/stm32f1xx_hal.c" -mcpu=cortex-m3 -std=gnu11 -g3 -DDEBUG -DUSE_HAL_DRIVER -DSTM32F103x6 -c -I../Core/Inc -I../Drivers/STM32F1xx_HAL_Driver/Inc -I../Drivers/STM32F1xx_HAL_Driver/Inc/Legacy -I../Drivers/CMSIS/Device/ST/STM32F1xx/Include -I../Drivers/CMSIS/Include -O0 -ffunction-sections -fdata-sections -Wall -fstack-usage -fcyclomatic-complexity -MMD -MP -MF"Drivers/STM32F1xx_HAL_Driver/Src/stm32f1xx_hal.d" -MT"Drivers/STM32F1xx_HAL_Driver/Src/stm32f1xx_hal.o" --specs=nano.specs -mfloat-abi=soft -mthumb -o "Drivers/STM32F1xx_HAL_Driver/Src/stm32f1xx_hal.o"
arm-none-eabi-gcc "../Drivers/STM32F1xx_HAL_Driver/Src/stm32f1xx_hal_cortex.c" -mcpu=cortex-m3 -std=gnu11 -g3 -DDEBUG -DUSE_HAL_DRIVER -DSTM32F103x6 -c -I../Core/Inc -I../Drivers/STM32F1xx_HAL_Driver/Inc -I../Drivers/STM32F1xx_HAL_Driver/Inc/Legacy -I../Drivers/CMSIS/Device/ST/STM32F1xx/Include -I../Drivers/CMSIS/Include -O0 -ffunction-sections -fdata-sections -Wall -fstack-usage -fcyclomatic-complexity -MMD -MP -MF"Drivers/STM32F1xx_HAL_Driver/Src/stm32f1xx_hal_cortex.d" -MT"Drivers/STM32F1xx_HAL_Driver/Src/stm32f1xx_hal_cortex.o" --specs=nano.specs -mfloat-abi=soft -mthumb -o "Drivers/STM32F1xx_HAL_Driver/Src/stm32f1xx_hal_cortex.o"
arm-none-eabi-gcc "../Drivers/STM32F1xx_HAL_Driver/Src/stm32f1xx_hal_dma.c" -mcpu=cortex-m3 -std=gnu11 -g3 -DDEBUG -DUSE_HAL_DRIVER -DSTM32F103x6 -c -I../Core/Inc -I../Drivers/STM32F1xx_HAL_Driver/Inc -I../Drivers/STM32F1xx_HAL_Driver/Inc/Legacy -I../Drivers/CMSIS/Device/ST/STM32F1xx/Include -I../Drivers/CMSIS/Include -O0 -ffunction-sections -fdata-sections -Wall -fstack-usage -fcyclomatic-complexity -MMD -MP -MF"Drivers/STM32F1xx_HAL_Driver/Src/stm32f1xx_hal_dma.d" -MT"Drivers/STM32F1xx_HAL_Driver/Src/stm32f1xx_hal_dma.o" --specs=nano.specs -mfloat-abi=soft -mthumb -o "Drivers/STM32F1xx_HAL_Driver/Src/stm32f1xx_hal_dma.o"
arm-none-eabi-gcc "../Drivers/STM32F1xx_HAL_Driver/Src/stm32f1xx_hal_exti.c" -mcpu=cortex-m3 -std=gnu11 -g3 -DDEBUG -DUSE_HAL_DRIVER -DSTM32F103x6 -c -I../Core/Inc -I../Drivers/STM32F1xx_HAL_Driver/Inc -I../Drivers/STM32F1xx_HAL_Driver/Inc/Legacy -I../Drivers/CMSIS/Device/ST/STM32F1xx/Include -I../Drivers/CMSIS/Include -O0 -ffunction-sections -fdata-sections -Wall -fstack-usage -fcyclomatic-complexity -MMD -MP -MF"Drivers/STM32F1xx_HAL_Driver/Src/stm32f1xx_hal_exti.d" -MT"Drivers/STM32F1xx_HAL_Driver/Src/stm32f1xx_hal_exti.o" --specs=nano.specs -mfloat-abi=soft -mthumb -o "Drivers/STM32F1xx_HAL_Driver/Src/stm32f1xx_hal_exti.o"
arm-none-eabi-gcc "../Drivers/STM32F1xx_HAL_Driver/Src/stm32f1xx_hal_flash.c" -mcpu=cortex-m3 -std=gnu11 -g3 -DDEBUG -DUSE_HAL_DRIVER -DSTM32F103x6 -c -I../Core/Inc -I../Drivers/STM32F1xx_HAL_Driver/Inc -I../Drivers/STM32F1xx_HAL_Driver/Inc/Legacy -I../Drivers/CMSIS/Device/ST/STM32F1xx/Include -I../Drivers/CMSIS/Include -O0 -ffunction-sections -fdata-sections -Wall -fstack-usage -fcyclomatic-complexity -MMD -MP -MF"Drivers/STM32F1xx_HAL_Driver/Src/stm32f1xx_hal_flash.d" -MT"Drivers/STM32F1xx_HAL_Driver/Src/stm32f1xx_hal_flash.o" --specs=nano.specs -mfloat-abi=soft -mthumb -o "Drivers/STM32F1xx_HAL_Driver/Src/stm32f1xx_hal_flash.o"
arm-none-eabi-gcc "../Drivers/STM32F1xx_HAL_Driver/Src/stm32f1xx_hal_flash_ex.c" -mcpu=cortex-m3 -std=gnu11 -g3 -DDEBUG -DUSE_HAL_DRIVER -DSTM32F103x6 -c -I../Core/Inc -I../Drivers/STM32F1xx_HAL_Driver/Inc -I../Drivers/STM32F1xx_HAL_Driver/Inc/Legacy -I../Drivers/CMSIS/Device/ST/STM32F1xx/Include -I../Drivers/CMSIS/Include -O0 -ffunction-sections -fdata-sections -Wall -fstack-usage -fcyclomatic-complexity -MMD -MP -MF"Drivers/STM32F1xx_HAL_Driver/Src/stm32f1xx_hal_flash_ex.d" -MT"Drivers/STM32F1xx_HAL_Driver/Src/stm32f1xx_hal_flash_ex.o" --specs=nano.specs -mfloat-abi=soft -mthumb -o "Drivers/STM32F1xx_HAL_Driver/Src/stm32f1xx_hal_flash_ex.o"
arm-none-eabi-gcc "../Drivers/STM32F1xx_HAL_Driver/Src/stm32f1xx_hal_gpio.c" -mcpu=cortex-m3 -std=gnu11 -g3 -DDEBUG -DUSE_HAL_DRIVER -DSTM32F103x6 -c -I../Core/Inc -I../Drivers/STM32F1xx_HAL_Driver/Inc -I../Drivers/STM32F1xx_HAL_Driver/Inc/Legacy -I../Drivers/CMSIS/Device/ST/STM32F1xx/Include -I../Drivers/CMSIS/Include -O0 -ffunction-sections -fdata-sections -Wall -fstack-usage -fcyclomatic-complexity -MMD -MP -MF"Drivers/STM32F1xx_HAL_Driver/Src/stm32f1xx_hal_gpio.d" -MT"Drivers/STM32F1xx_HAL_Driver/Src/stm32f1xx_hal_gpio.o" --specs=nano.specs -mfloat-abi=soft -mthumb -o "Drivers/STM32F1xx_HAL_Driver/Src/stm32f1xx_hal_gpio.o"
arm-none-eabi-gcc "../Drivers/STM32F1xx_HAL_Driver/Src/stm32f1xx_hal_gpio_ex.c" -mcpu=cortex-m3 -std=gnu11 -g3 -DDEBUG -DUSE_HAL_DRIVER -DSTM32F103x6 -c -I../Core/Inc -I../Drivers/STM32F1xx_HAL_Driver/Inc -I../Drivers/STM32F1xx_HAL_Driver/Inc/Legacy -I../Drivers/CMSIS/Device/ST/STM32F1xx/Include -I../Drivers/CMSIS/Include -O0 -ffunction-sections -fdata-sections -Wall -fstack-usage -fcyclomatic-complexity -MMD -MP -MF"Drivers/STM32F1xx_HAL_Driver/Src/stm32f1xx_hal_gpio_ex.d" -MT"Drivers/STM32F1xx_HAL_Driver/Src/stm32f1xx_hal_gpio_ex.o" --specs=nano.specs -mfloat-abi=soft -mthumb -o "Drivers/STM32F1xx_HAL_Driver/Src/stm32f1xx_hal_gpio_ex.o"
arm-none-eabi-gcc "../Drivers/STM32F1xx_HAL_Driver/Src/stm32f1xx_hal_pwr.c" -mcpu=cortex-m3 -std=gnu11 -g3 -DDEBUG -DUSE_HAL_DRIVER -DSTM32F103x6 -c -I../Core/Inc -I../Drivers/STM32F1xx_HAL_Driver/Inc -I../Drivers/STM32F1xx_HAL_Driver/Inc/Legacy -I../Drivers/CMSIS/Device/ST/STM32F1xx/Include -I../Drivers/CMSIS/Include -O0 -ffunction-sections -fdata-sections -Wall -fstack-usage -fcyclomatic-complexity -MMD -MP -MF"Drivers/STM32F1xx_HAL_Driver/Src/stm32f1xx_hal_pwr.d" -MT"Drivers/STM32F1xx_HAL_Driver/Src/stm32f1xx_hal_pwr.o" --specs=nano.specs -mfloat-abi=soft -mthumb -o "Drivers/STM32F1xx_HAL_Driver/Src/stm32f1xx_hal_pwr.o"
arm-none-eabi-gcc "../Drivers/STM32F1xx_HAL_Driver/Src/stm32f1xx_hal_rcc.c" -mcpu=cortex-m3 -std=gnu11 -g3 -DDEBUG -DUSE_HAL_DRIVER -DSTM32F103x6 -c -I../Core/Inc -I../Drivers/STM32F1xx_HAL_Driver/Inc -I../Drivers/STM32F1xx_HAL_Driver/Inc/Legacy -I../Drivers/CMSIS/Device/ST/STM32F1xx/Include -I../Drivers/CMSIS/Include -O0 -ffunction-sections -fdata-sections -Wall -fstack-usage -fcyclomatic-complexity -MMD -MP -MF"Drivers/STM32F1xx_HAL_Driver/Src/stm32f1xx_hal_rcc.d" -MT"Drivers/STM32F1xx_HAL_Driver/Src/stm32f1xx_hal_rcc.o" --specs=nano.specs -mfloat-abi=soft -mthumb -o "Drivers/STM32F1xx_HAL_Driver/Src/stm32f1xx_hal_rcc.o"
arm-none-eabi-gcc "../Drivers/STM32F1xx_HAL_Driver/Src/stm32f1xx_hal_rcc_ex.c" -mcpu=cortex-m3 -std=gnu11 -g3 -DDEBUG -DUSE_HAL_DRIVER -DSTM32F103x6 -c -I../Core/Inc -I../Drivers/STM32F1xx_HAL_Driver/Inc -I../Drivers/STM32F1xx_HAL_Driver/Inc/Legacy -I../Drivers/CMSIS/Device/ST/STM32F1xx/Include -I../Drivers/CMSIS/Include -O0 -ffunction-sections -fdata-sections -Wall -fstack-usage -fcyclomatic-complexity -MMD -MP -MF"Drivers/STM32F1xx_HAL_Driver/Src/stm32f1xx_hal_rcc_ex.d" -MT"Drivers/STM32F1xx_HAL_Driver/Src/stm32f1xx_hal_rcc_ex.o" --specs=nano.specs -mfloat-abi=soft -mthumb -o "Drivers/STM32F1xx_HAL_Driver/Src/stm32f1xx_hal_rcc_ex.o"
arm-none-eabi-gcc "../Drivers/STM32F1xx_HAL_Driver/Src/stm32f1xx_hal_spi.c" -mcpu=cortex-m3 -std=gnu11 -g3 -DDEBUG -DUSE_HAL_DRIVER -DSTM32F103x6 -c -I../Core/Inc -I../Drivers/STM32F1xx_HAL_Driver/Inc -I../Drivers/STM32F1xx_HAL_Driver/Inc/Legacy -I../Drivers/CMSIS/Device/ST/STM32F1xx/Include -I../Drivers/CMSIS/Include -O0 -ffunction-sections -fdata-sections -Wall -fstack-usage -fcyclomatic-complexity -MMD -MP -MF"Drivers/STM32F1xx_HAL_Driver/Src/stm32f1xx_hal_spi.d" -MT"Drivers/STM32F1xx_HAL_Driver/Src/stm32f1xx_hal_spi.o" --specs=nano.specs -mfloat-abi=soft -mthumb -o "Drivers/STM32F1xx_HAL_Driver/Src/stm32f1xx_hal_spi.o"
arm-none-eabi-gcc "../Drivers/STM32F1xx_HAL_Driver/Src/stm32f1xx_hal_uart.c" -mcpu=cortex-m3 -std=gnu11 -g3 -DDEBUG -DUSE_HAL_DRIVER -DSTM32F103x6 -c -I../Core/Inc -I../Drivers/STM32F1xx_HAL_Driver/Inc -I../Drivers/STM32F1xx_HAL_Driver/Inc/Legacy -I../Drivers/CMSIS/Device/ST/STM32F1xx/Include -I../Drivers/CMSIS/Include -O0 -ffunction-sections -fdata-sections -Wall -fstack-usage -fcyclomatic-complexity -MMD -MP -MF"Drivers/STM32F1xx_HAL_Driver/Src/stm32f1xx_hal_uart.d" -MT"Drivers/STM32F1xx_HAL_Driver/Src/stm32f1xx_hal_uart.o" --specs=nano.specs -mfloat-abi=soft -mthumb -o "Drivers/STM32F1xx_HAL_Driver/Src/stm32f1xx_hal_uart.o"
arm-none-eabi-gcc -mcpu=cortex-m3 -g3 -DDEBUG -c -x assembler-with-cpp -MMD -MP -MF"Core/Startup/startup_stm32f103c6tx.d" -MT"Core/Startup/startup_stm32f103c6tx.o" --specs=nano.specs -mfloat-abi=soft -mthumb -o "Core/Startup/startup_stm32f103c6tx.o" "../Core/Startup/startup_stm32f103c6tx.s"
arm-none-eabi-gcc "../Core/Src/main.c" -mcpu=cortex-m3 -std=gnu11 -g3 -DDEBUG -DUSE_HAL_DRIVER -DSTM32F103x6 -c -I../Core/Inc -I../Drivers/STM32F1xx_HAL_Driver/Inc -I../Drivers/STM32F1xx_HAL_Driver/Inc/Legacy -I../Drivers/CMSIS/Device/ST/STM32F1xx/Include -I../Drivers/CMSIS/Include -O0 -ffunction-sections -fdata-sections -Wall -fstack-usage -fcyclomatic-complexity -MMD -MP -MF"Core/Src/main.d" -MT"Core/Src/main.o" --specs=nano.specs -mfloat-abi=soft -mthumb -o "Core/Src/main.o"
arm-none-eabi-gcc "../Core/Src/stm32f1xx_hal_msp.c" -mcpu=cortex-m3 -std=gnu11 -g3 -DDEBUG -DUSE_HAL_DRIVER -DSTM32F103x6 -c -I../Core/Inc -I../Drivers/STM32F1xx_HAL_Driver/Inc -I../Drivers/STM32F1xx_HAL_Driver/Inc/Legacy -I../Drivers/CMSIS/Device/ST/STM32F1xx/Include -I../Drivers/CMSIS/Include -O0 -ffunction-sections -fdata-sections -Wall -fstack-usage -fcyclomatic-complexity -MMD -MP -MF"Core/Src/stm32f1xx_hal_msp.d" -MT"Core/Src/stm32f1xx_hal_msp.o" --specs=nano.specs -mfloat-abi=soft -mthumb -o "Core/Src/stm32f1xx_hal_msp.o"
arm-none-eabi-gcc "../Core/Src/stm32f1xx_it.c" -mcpu=cortex-m3 -std=gnu11 -g3 -DDEBUG -DUSE_HAL_DRIVER -DSTM32F103x6 -c -I../Core/Inc -I../Drivers/STM32F1xx_HAL_Driver/Inc -I../Drivers/STM32F1xx_HAL_Driver/Inc/Legacy -I../Drivers/CMSIS/Device/ST/STM32F1xx/Include -I../Drivers/CMSIS/Include -O0 -ffunction-sections -fdata-sections -Wall -fstack-usage -fcyclomatic-complexity -MMD -MP -MF"Core/Src/stm32f1xx_it.d" -MT"Core/Src/stm32f1xx_it.o" --specs=nano.specs -mfloat-abi=soft -mthumb -o "Core/Src/stm32f1xx_it.o"
arm-none-eabi-gcc "../Core/Src/syscalls.c" -mcpu=cortex-m3 -std=gnu11 -g3 -DDEBUG -DUSE_HAL_DRIVER -DSTM32F103x6 -c -I../Core/Inc -I../Drivers/STM32F1xx_HAL_Driver/Inc -I../Drivers/STM32F1xx_HAL_Driver/Inc/Legacy -I../Drivers/CMSIS/Device/ST/STM32F1xx/Include -I../Drivers/CMSIS/Include -O0 -ffunction-sections -fdata-sections -Wall -fstack-usage -fcyclomatic-complexity -MMD -MP -MF"Core/Src/syscalls.d" -MT"Core/Src/syscalls.o" --specs=nano.specs -mfloat-abi=soft -mthumb -o "Core/Src/syscalls.o"
arm-none-eabi-gcc "../Core/Src/sysmem.c" -mcpu=cortex-m3 -std=gnu11 -g3 -DDEBUG -DUSE_HAL_DRIVER -DSTM32F103x6 -c -I../Core/Inc -I../Drivers/STM32F1xx_HAL_Driver/Inc -I../Drivers/STM32F1xx_HAL_Driver/Inc/Legacy -I../Drivers/CMSIS/Device/ST/STM32F1xx/Include -I../Drivers/CMSIS/Include -O0 -ffunction-sections -fdata-sections -Wall -fstack-usage -fcyclomatic-complexity -MMD -MP -MF"Core/Src/sysmem.d" -MT"Core/Src/sysmem.o" --specs=nano.specs -mfloat-abi=soft -mthumb -o "Core/Src/sysmem.o"
arm-none-eabi-gcc "../Core/Src/system_stm32f1xx.c" -mcpu=cortex-m3 -std=gnu11 -g3 -DDEBUG -DUSE_HAL_DRIVER -DSTM32F103x6 -c -I../Core/Inc -I../Drivers/STM32F1xx_HAL_Driver/Inc -I../Drivers/STM32F1xx_HAL_Driver/Inc/Legacy -I../Drivers/CMSIS/Device/ST/STM32F1xx/Include -I../Drivers/CMSIS/Include -O0 -ffunction-sections -fdata-sections -Wall -fstack-usage -fcyclomatic-complexity -MMD -MP -MF"Core/Src/system_stm32f1xx.d" -MT"Core/Src/system_stm32f1xx.o" --specs=nano.specs -mfloat-abi=soft -mthumb -o "Core/Src/system_stm32f1xx.o"
arm-none-eabi-gcc -o "Master MCU.elf" @"objects.list"   -mcpu=cortex-m3 -T"D:\Racing team\ASURT Task 3\Star 3\Task3_Star3\Star 3 CubeIDE\Master MCU\STM32F103C6TX_FLASH.ld" --specs=nosys.specs -Wl,-Map="Master MCU.map" -Wl,--gc-sections -static --specs=nano.specs -mfloat-abi=soft -mthumb -Wl,--start-group -lc -lm -Wl,--end-group
Finished building target: Master MCU.elf
 
arm-none-eabi-size  Master\ MCU.elf 
arm-none-eabi-objdump -h -S Master\ MCU.elf  > "Master MCU.list"
   text	   data	    bss	    dec	    hex	filename
   5796	     12	   1732	   7540	   1d74	Master MCU.elf
Finished building: default.size.stdout
 
Finished building: Master MCU.list
 
02:51:12 **** Incremental Build of configuration Debug for project Analog Slave MCU ****
make -j8 all 
arm-none-eabi-gcc "../Core/Src/main.c" -mcpu=cortex-m3 -std=gnu11 -g3 -DDEBUG -DUSE_HAL_DRIVER -DSTM32F103x6 -c -I../Core/Inc -I../Drivers/STM32F1xx_HAL_Driver/Inc -I../Drivers/STM32F1xx_HAL_Driver/Inc/Legacy -I../Drivers/CMSIS/Device/ST/STM32F1xx/Include -I../Drivers/CMSIS/Include -O0 -ffunction-sections -fdata-sections -Wall -fstack-usage -fcyclomatic-complexity -MMD -MP -MF"Core/Src/main.d" -MT"Core/Src/main.o" --specs=nano.specs -mfloat-abi=soft -mthumb -o "Core/Src/main.o"
arm-none-eabi-gcc -o "Analog Slave MCU.elf" @"objects.list"   -mcpu=cortex-m3 -T"D:\Racing team\ASURT Task 3\Star 3\Task3_Star3\Star 3 CubeIDE\Analog Slave MCU\STM32F103C6TX_FLASH.ld" --specs=nosys.specs -Wl,-Map="Analog Slave MCU.map" -Wl,--gc-sections -static --specs=nano.specs -mfloat-abi=soft -mthumb -Wl,--start-group -lc -lm -Wl,--end-group
Finished building target: Analog Slave MCU.elf
 
arm-none-eabi-size  Analog\ Slave\ MCU.elf 
arm-none-eabi-objdump -h -S Analog\ Slave\ MCU.elf  > "Analog Slave MCU.list"
   text	   data	    bss	    dec	    hex	filename
   9692	     12	   1756	  11460	   2cc4	Analog Slave MCU.elf
Finished building: default.size.stdout
 
Finished building: Analog Slave MCU.list
 
02:51:14 **** Incremental Build of configuration Debug for project Case ID Slave MCU ****
make -j8 all 
arm-none-eabi-gcc "../Core/Src/main.c" -mcpu=cortex-m3 -std=gnu11 -g3 -DDEBUG -DUSE_HAL_DRIVER -DSTM32F103x6 -c -I../Core/Inc -I../Drivers/STM32F1xx_HAL_Driver/Inc -I../Drivers/STM32F1xx_HAL_Driver/Inc/Legacy -I../Drivers/CMSIS/Device/ST/STM32F1xx/Include -I../Drivers/CMSIS/Include -O0 -ffunction-sections -fdata-sections -Wall -fstack-usage -fcyclomatic-complexity -MMD -MP -MF"Core/Src/main.d" -MT"Core/Src/main.o" --specs=nano.specs -mfloat-abi=soft -mthumb -o "Core/Src/main.o"
arm-none-eabi-gcc -o "Case ID Slave MCU.elf" @"objects.list"   -mcpu=cortex-m3 -T"D:\Racing team\ASURT Task 3\Star 3\Task3_Star3\Star 3 CubeIDE\Case ID Slave MCU\STM32F103C6TX_FLASH.ld" --specs=nosys.specs -Wl,-Map="Case ID Slave MCU.map" -Wl,--gc-sections -static --specs=nano.specs -mfloat-abi=soft -mthumb -Wl,--start-group -lc -lm -Wl,--end-group
Finished building target: Case ID Slave MCU.elf
 
arm-none-eabi-size  Case\ ID\ Slave\ MCU.elf 
arm-none-eabi-objdump -h -S Case\ ID\ Slave\ MCU.elf  > "Case ID Slave MCU.list"
   text	   data	    bss	    dec	    hex	filename
   9312	     12	   1684	  11008	   2b00	Case ID Slave MCU.elf
Finished building: default.size.stdout
 
Finished building: Case ID Slave MCU.list
 
02:51:15 **** Incremental Build of configuration Debug for project Master MCU ****
make -j8 all 
arm-none-eabi-gcc "../Core/Src/main.c" -mcpu=cortex-m3 -std=gnu11 -g3 -DDEBUG -DUSE_HAL_DRIVER -DSTM32F103x6 -c -I../Core/Inc -I../Drivers/STM32F1xx_HAL_Driver/Inc -I../Drivers/STM32F1xx_HAL_Driver/Inc/Legacy -I../Drivers/CMSIS/Device/ST/STM32F1xx/Include -I../Drivers/CMSIS/Include -O0 -ffunction-sections -fdata-sections -Wall -fstack-usage -fcyclomatic-complexity -MMD -MP -MF"Core/Src/main.d" -MT"Core/Src/main.o" --specs=nano.specs -mfloat-abi=soft -mthumb -o "Core/Src/main.o"
../Core/Src/main.c: In function 'main':
../Core/Src/main.c:139:32: error: 'SPI_Sent_data' undeclared (first use in this function)
  139 |                         memset(SPI_Sent_data, 0, sizeof(SPI_Sent_data));
      |                                ^~~~~~~~~~~~~
../Core/Src/main.c:139:32: note: each undeclared identifier is reported only once for each function it appears in
../Core/Src/main.c:148:72: error: 'SPI_Junk' undeclared (first use in this function)
  148 |                         HAL_SPI_TransmitReceive(&hspi1, SPI_Sent_data, SPI_Junk, 8, 100);
      |                                                                        ^~~~~~~~
make: *** [Core/Src/subdir.mk:34: Core/Src/main.o] Error 1
"make -j8 all" terminated with exit code 2. Build might be incomplete.
02:52:53 **** Incremental Build of configuration Debug for project Analog Slave MCU ****
make -j8 all 
arm-none-eabi-size  Analog\ Slave\ MCU.elf 
   text	   data	    bss	    dec	    hex	filename
   9692	     12	   1756	  11460	   2cc4	Analog Slave MCU.elf
Finished building: default.size.stdout
 
02:52:54 **** Incremental Build of configuration Debug for project Case ID Slave MCU ****
make -j8 all 
arm-none-eabi-size  Case\ ID\ Slave\ MCU.elf 
   text	   data	    bss	    dec	    hex	filename
   9312	     12	   1684	  11008	   2b00	Case ID Slave MCU.elf
Finished building: default.size.stdout
 
02:52:55 **** Incremental Build of configuration Debug for project Master MCU ****
make -j8 all 
arm-none-eabi-gcc "../Core/Src/main.c" -mcpu=cortex-m3 -std=gnu11 -g3 -DDEBUG -DUSE_HAL_DRIVER -DSTM32F103x6 -c -I../Core/Inc -I../Drivers/STM32F1xx_HAL_Driver/Inc -I../Drivers/STM32F1xx_HAL_Driver/Inc/Legacy -I../Drivers/CMSIS/Device/ST/STM32F1xx/Include -I../Drivers/CMSIS/Include -O0 -ffunction-sections -fdata-sections -Wall -fstack-usage -fcyclomatic-complexity -MMD -MP -MF"Core/Src/main.d" -MT"Core/Src/main.o" --specs=nano.specs -mfloat-abi=soft -mthumb -o "Core/Src/main.o"
arm-none-eabi-gcc -o "Master MCU.elf" @"objects.list"   -mcpu=cortex-m3 -T"D:\Racing team\ASURT Task 3\Star 3\Task3_Star3\Star 3 CubeIDE\Master MCU\STM32F103C6TX_FLASH.ld" --specs=nosys.specs -Wl,-Map="Master MCU.map" -Wl,--gc-sections -static -u _printf_float --specs=nano.specs -mfloat-abi=soft -mthumb -Wl,--start-group -lc -lm -Wl,--end-group
Finished building target: Master MCU.elf
 
arm-none-eabi-size  Master\ MCU.elf 
arm-none-eabi-objdump -h -S Master\ MCU.elf  > "Master MCU.list"
   text	   data	    bss	    dec	    hex	filename
  24972	    468	   2420	  27860	   6cd4	Master MCU.elf
Finished building: default.size.stdout
 
Finished building: Master MCU.list
 
02:54:38 **** Incremental Build of configuration Debug for project Analog Slave MCU ****
make -j8 all 
arm-none-eabi-gcc -o "Analog Slave MCU.elf" @"objects.list"   -mcpu=cortex-m3 -T"D:\Racing team\ASURT Task 3\Star 3\Task3_Star3\Star 3 CubeIDE\Analog Slave MCU\STM32F103C6TX_FLASH.ld" --specs=nosys.specs -Wl,-Map="Analog Slave MCU.map" -Wl,--gc-sections -static --specs=nano.specs -mfloat-abi=soft -mthumb -Wl,--start-group -lc -lm -Wl,--end-group
Finished building target: Analog Slave MCU.elf
 
arm-none-eabi-size  Analog\ Slave\ MCU.elf 
arm-none-eabi-objdump -h -S Analog\ Slave\ MCU.elf  > "Analog Slave MCU.list"
arm-none-eabi-objcopy  -O ihex Analog\ Slave\ MCU.elf  "Analog Slave MCU.hex"
   text	   data	    bss	    dec	    hex	filename
   9692	     12	   1756	  11460	   2cc4	Analog Slave MCU.elf
Finished building: default.size.stdout
 
Finished building: Analog Slave MCU.list
 
Finished building: Analog Slave MCU.hex
 
02:54:40 **** Incremental Build of configuration Debug for project Case ID Slave MCU ****
make -j8 all 
arm-none-eabi-gcc -o "Case ID Slave MCU.elf" @"objects.list"   -mcpu=cortex-m3 -T"D:\Racing team\ASURT Task 3\Star 3\Task3_Star3\Star 3 CubeIDE\Case ID Slave MCU\STM32F103C6TX_FLASH.ld" --specs=nosys.specs -Wl,-Map="Case ID Slave MCU.map" -Wl,--gc-sections -static --specs=nano.specs -mfloat-abi=soft -mthumb -Wl,--start-group -lc -lm -Wl,--end-group
Finished building target: Case ID Slave MCU.elf
 
arm-none-eabi-size  Case\ ID\ Slave\ MCU.elf 
arm-none-eabi-objdump -h -S Case\ ID\ Slave\ MCU.elf  > "Case ID Slave MCU.list"
arm-none-eabi-objcopy  -O ihex Case\ ID\ Slave\ MCU.elf  "Case ID Slave MCU.hex"
   text	   data	    bss	    dec	    hex	filename
   9312	     12	   1684	  11008	   2b00	Case ID Slave MCU.elf
Finished building: default.size.stdout
 
Finished building: Case ID Slave MCU.list
Finished building: Case ID Slave MCU.hex
 
 
02:54:43 **** Incremental Build of configuration Debug for project Master MCU ****
make -j8 all 
arm-none-eabi-gcc -o "Master MCU.elf" @"objects.list"   -mcpu=cortex-m3 -T"D:\Racing team\ASURT Task 3\Star 3\Task3_Star3\Star 3 CubeIDE\Master MCU\STM32F103C6TX_FLASH.ld" --specs=nosys.specs -Wl,-Map="Master MCU.map" -Wl,--gc-sections -static -u _printf_float --specs=nano.specs -mfloat-abi=soft -mthumb -Wl,--start-group -lc -lm -Wl,--end-group
Finished building target: Master MCU.elf
 
arm-none-eabi-size  Master\ MCU.elf 
arm-none-eabi-objdump -h -S Master\ MCU.elf  > "Master MCU.list"
   text	   data	    bss	    dec	    hex	filename
  24972	    468	   2420	  27860	   6cd4	Master MCU.elf
arm-none-eabi-objcopy  -O ihex Master\ MCU.elf  "Master MCU.hex"
Finished building: default.size.stdout
 
Finished building: Master MCU.hex
Finished building: Master MCU.list
 
 
03:11:07 **** Incremental Build of configuration Debug for project Analog Slave MCU ****
make -j8 all 
arm-none-eabi-size  Analog\ Slave\ MCU.elf 
   text	   data	    bss	    dec	    hex	filename
   9692	     12	   1756	  11460	   2cc4	Analog Slave MCU.elf
Finished building: default.size.stdout
 
03:11:08 **** Incremental Build of configuration Debug for project Case ID Slave MCU ****
make -j8 all 
arm-none-eabi-size  Case\ ID\ Slave\ MCU.elf 
   text	   data	    bss	    dec	    hex	filename
   9312	     12	   1684	  11008	   2b00	Case ID Slave MCU.elf
Finished building: default.size.stdout
 
03:11:10 **** Incremental Build of configuration Debug for project Master MCU ****
make -j8 all 
arm-none-eabi-gcc "../Core/Src/main.c" -mcpu=cortex-m3 -std=gnu11 -g3 -DDEBUG -DUSE_HAL_DRIVER -DSTM32F103x6 -c -I../Core/Inc -I../Drivers/STM32F1xx_HAL_Driver/Inc -I../Drivers/STM32F1xx_HAL_Driver/Inc/Legacy -I../Drivers/CMSIS/Device/ST/STM32F1xx/Include -I../Drivers/CMSIS/Include -O0 -ffunction-sections -fdata-sections -Wall -fstack-usage -fcyclomatic-complexity -MMD -MP -MF"Core/Src/main.d" -MT"Core/Src/main.o" --specs=nano.specs -mfloat-abi=soft -mthumb -o "Core/Src/main.o"
arm-none-eabi-gcc -o "Master MCU.elf" @"objects.list"   -mcpu=cortex-m3 -T"D:\Racing team\ASURT Task 3\Star 3\Task3_Star3\Star 3 CubeIDE\Master MCU\STM32F103C6TX_FLASH.ld" --specs=nosys.specs -Wl,-Map="Master MCU.map" -Wl,--gc-sections -static -u _printf_float --specs=nano.specs -mfloat-abi=soft -mthumb -Wl,--start-group -lc -lm -Wl,--end-group
Finished building target: Master MCU.elf
 
arm-none-eabi-size  Master\ MCU.elf 
arm-none-eabi-objdump -h -S Master\ MCU.elf  > "Master MCU.list"
arm-none-eabi-objcopy  -O ihex Master\ MCU.elf  "Master MCU.hex"
   text	   data	    bss	    dec	    hex	filename
  24980	    468	   2516	  27964	   6d3c	Master MCU.elf
Finished building: default.size.stdout
 
Finished building: Master MCU.hex
Finished building: Master MCU.list
 
 
03:15:47 **** Incremental Build of configuration Debug for project Analog Slave MCU ****
make -j8 all 
arm-none-eabi-size  Analog\ Slave\ MCU.elf 
   text	   data	    bss	    dec	    hex	filename
   9692	     12	   1756	  11460	   2cc4	Analog Slave MCU.elf
Finished building: default.size.stdout
 
03:15:49 **** Incremental Build of configuration Debug for project Case ID Slave MCU ****
make -j8 all 
arm-none-eabi-size  Case\ ID\ Slave\ MCU.elf 
   text	   data	    bss	    dec	    hex	filename
   9312	     12	   1684	  11008	   2b00	Case ID Slave MCU.elf
Finished building: default.size.stdout
 
03:15:50 **** Incremental Build of configuration Debug for project Master MCU ****
make -j8 all 
arm-none-eabi-gcc "../Core/Src/main.c" -mcpu=cortex-m3 -std=gnu11 -g3 -DDEBUG -DUSE_HAL_DRIVER -DSTM32F103x6 -c -I../Core/Inc -I../Drivers/STM32F1xx_HAL_Driver/Inc -I../Drivers/STM32F1xx_HAL_Driver/Inc/Legacy -I../Drivers/CMSIS/Device/ST/STM32F1xx/Include -I../Drivers/CMSIS/Include -O0 -ffunction-sections -fdata-sections -Wall -fstack-usage -fcyclomatic-complexity -MMD -MP -MF"Core/Src/main.d" -MT"Core/Src/main.o" --specs=nano.specs -mfloat-abi=soft -mthumb -o "Core/Src/main.o"
arm-none-eabi-gcc -o "Master MCU.elf" @"objects.list"   -mcpu=cortex-m3 -T"D:\Racing team\ASURT Task 3\Star 3\Task3_Star3\Star 3 CubeIDE\Master MCU\STM32F103C6TX_FLASH.ld" --specs=nosys.specs -Wl,-Map="Master MCU.map" -Wl,--gc-sections -static -u _printf_float --specs=nano.specs -mfloat-abi=soft -mthumb -Wl,--start-group -lc -lm -Wl,--end-group
Finished building target: Master MCU.elf
 
arm-none-eabi-size  Master\ MCU.elf 
arm-none-eabi-objdump -h -S Master\ MCU.elf  > "Master MCU.list"
   text	   data	    bss	    dec	    hex	filename
  24972	    468	   2420	  27860	   6cd4	Master MCU.elf
arm-none-eabi-objcopy  -O ihex Master\ MCU.elf  "Master MCU.hex"
Finished building: default.size.stdout
 
Finished building: Master MCU.hex
Finished building: Master MCU.list
 
 
03:29:32 **** Incremental Build of configuration Debug for project Analog Slave MCU ****
make -j8 all 
arm-none-eabi-size  Analog\ Slave\ MCU.elf 
   text	   data	    bss	    dec	    hex	filename
   9692	     12	   1756	  11460	   2cc4	Analog Slave MCU.elf
Finished building: default.size.stdout
 
03:29:33 **** Incremental Build of configuration Debug for project Case ID Slave MCU ****
make -j8 all 
arm-none-eabi-size  Case\ ID\ Slave\ MCU.elf 
   text	   data	    bss	    dec	    hex	filename
   9312	     12	   1684	  11008	   2b00	Case ID Slave MCU.elf
Finished building: default.size.stdout
 
03:29:35 **** Incremental Build of configuration Debug for project Master MCU ****
make -j8 all 
arm-none-eabi-gcc "../Core/Src/main.c" -mcpu=cortex-m3 -std=gnu11 -g3 -DDEBUG -DUSE_HAL_DRIVER -DSTM32F103x6 -c -I../Core/Inc -I../Drivers/STM32F1xx_HAL_Driver/Inc -I../Drivers/STM32F1xx_HAL_Driver/Inc/Legacy -I../Drivers/CMSIS/Device/ST/STM32F1xx/Include -I../Drivers/CMSIS/Include -O0 -ffunction-sections -fdata-sections -Wall -fstack-usage -fcyclomatic-complexity -MMD -MP -MF"Core/Src/main.d" -MT"Core/Src/main.o" --specs=nano.specs -mfloat-abi=soft -mthumb -o "Core/Src/main.o"
arm-none-eabi-gcc -o "Master MCU.elf" @"objects.list"   -mcpu=cortex-m3 -T"D:\Racing team\ASURT Task 3\Star 3\Task3_Star3\Star 3 CubeIDE\Master MCU\STM32F103C6TX_FLASH.ld" --specs=nosys.specs -Wl,-Map="Master MCU.map" -Wl,--gc-sections -static -u _printf_float --specs=nano.specs -mfloat-abi=soft -mthumb -Wl,--start-group -lc -lm -Wl,--end-group
Finished building target: Master MCU.elf
 
arm-none-eabi-size  Master\ MCU.elf 
arm-none-eabi-objdump -h -S Master\ MCU.elf  > "Master MCU.list"
   text	   data	    bss	    dec	    hex	filename
  24972	    468	   2420	  27860	   6cd4	Master MCU.elf
arm-none-eabi-objcopy  -O ihex Master\ MCU.elf  "Master MCU.hex"
Finished building: default.size.stdout
 
Finished building: Master MCU.hex
Finished building: Master MCU.list
 
 
03:29:54 **** Incremental Build of configuration Debug for project Analog Slave MCU ****
make -j8 all 
arm-none-eabi-size  Analog\ Slave\ MCU.elf 
   text	   data	    bss	    dec	    hex	filename
   9692	     12	   1756	  11460	   2cc4	Analog Slave MCU.elf
Finished building: default.size.stdout
 
03:29:55 **** Incremental Build of configuration Debug for project Case ID Slave MCU ****
make -j8 all 
arm-none-eabi-size  Case\ ID\ Slave\ MCU.elf 
   text	   data	    bss	    dec	    hex	filename
   9312	     12	   1684	  11008	   2b00	Case ID Slave MCU.elf
Finished building: default.size.stdout
 
03:29:56 **** Incremental Build of configuration Debug for project Master MCU ****
make -j8 all 
arm-none-eabi-gcc "../Core/Src/main.c" -mcpu=cortex-m3 -std=gnu11 -g3 -DDEBUG -DUSE_HAL_DRIVER -DSTM32F103x6 -c -I../Core/Inc -I../Drivers/STM32F1xx_HAL_Driver/Inc -I../Drivers/STM32F1xx_HAL_Driver/Inc/Legacy -I../Drivers/CMSIS/Device/ST/STM32F1xx/Include -I../Drivers/CMSIS/Include -O0 -ffunction-sections -fdata-sections -Wall -fstack-usage -fcyclomatic-complexity -MMD -MP -MF"Core/Src/main.d" -MT"Core/Src/main.o" --specs=nano.specs -mfloat-abi=soft -mthumb -o "Core/Src/main.o"
arm-none-eabi-gcc -o "Master MCU.elf" @"objects.list"   -mcpu=cortex-m3 -T"D:\Racing team\ASURT Task 3\Star 3\Task3_Star3\Star 3 CubeIDE\Master MCU\STM32F103C6TX_FLASH.ld" --specs=nosys.specs -Wl,-Map="Master MCU.map" -Wl,--gc-sections -static -u _printf_float --specs=nano.specs -mfloat-abi=soft -mthumb -Wl,--start-group -lc -lm -Wl,--end-group
Finished building target: Master MCU.elf
 
arm-none-eabi-size  Master\ MCU.elf 
arm-none-eabi-objdump -h -S Master\ MCU.elf  > "Master MCU.list"
arm-none-eabi-objcopy  -O ihex Master\ MCU.elf  "Master MCU.hex"
   text	   data	    bss	    dec	    hex	filename
  24972	    468	   2420	  27860	   6cd4	Master MCU.elf
Finished building: default.size.stdout
 
Finished building: Master MCU.hex
Finished building: Master MCU.list
 
 
03:34:06 **** Incremental Build of configuration Debug for project Analog Slave MCU ****
make -j8 all 
arm-none-eabi-size  Analog\ Slave\ MCU.elf 
   text	   data	    bss	    dec	    hex	filename
   9692	     12	   1756	  11460	   2cc4	Analog Slave MCU.elf
Finished building: default.size.stdout
 
03:34:07 **** Incremental Build of configuration Debug for project Case ID Slave MCU ****
make -j8 all 
arm-none-eabi-size  Case\ ID\ Slave\ MCU.elf 
   text	   data	    bss	    dec	    hex	filename
   9312	     12	   1684	  11008	   2b00	Case ID Slave MCU.elf
Finished building: default.size.stdout
 
03:34:08 **** Incremental Build of configuration Debug for project Master MCU ****
make -j8 all 
arm-none-eabi-gcc "../Core/Src/main.c" -mcpu=cortex-m3 -std=gnu11 -g3 -DDEBUG -DUSE_HAL_DRIVER -DSTM32F103x6 -c -I../Core/Inc -I../Drivers/STM32F1xx_HAL_Driver/Inc -I../Drivers/STM32F1xx_HAL_Driver/Inc/Legacy -I../Drivers/CMSIS/Device/ST/STM32F1xx/Include -I../Drivers/CMSIS/Include -O0 -ffunction-sections -fdata-sections -Wall -fstack-usage -fcyclomatic-complexity -MMD -MP -MF"Core/Src/main.d" -MT"Core/Src/main.o" --specs=nano.specs -mfloat-abi=soft -mthumb -o "Core/Src/main.o"
arm-none-eabi-gcc -o "Master MCU.elf" @"objects.list"   -mcpu=cortex-m3 -T"D:\Racing team\ASURT Task 3\Star 3\Task3_Star3\Star 3 CubeIDE\Master MCU\STM32F103C6TX_FLASH.ld" --specs=nosys.specs -Wl,-Map="Master MCU.map" -Wl,--gc-sections -static -u _printf_float --specs=nano.specs -mfloat-abi=soft -mthumb -Wl,--start-group -lc -lm -Wl,--end-group
Finished building target: Master MCU.elf
 
arm-none-eabi-size  Master\ MCU.elf 
arm-none-eabi-objdump -h -S Master\ MCU.elf  > "Master MCU.list"
arm-none-eabi-objcopy  -O ihex Master\ MCU.elf  "Master MCU.hex"
   text	   data	    bss	    dec	    hex	filename
  24972	    468	   2420	  27860	   6cd4	Master MCU.elf
Finished building: default.size.stdout
 
Finished building: Master MCU.list
Finished building: Master MCU.hex
 
 
03:36:25 **** Incremental Build of configuration Debug for project Analog Slave MCU ****
make -j8 all 
arm-none-eabi-size  Analog\ Slave\ MCU.elf 
   text	   data	    bss	    dec	    hex	filename
   9692	     12	   1756	  11460	   2cc4	Analog Slave MCU.elf
Finished building: default.size.stdout
 
03:36:26 **** Incremental Build of configuration Debug for project Case ID Slave MCU ****
make -j8 all 
arm-none-eabi-size  Case\ ID\ Slave\ MCU.elf 
   text	   data	    bss	    dec	    hex	filename
   9312	     12	   1684	  11008	   2b00	Case ID Slave MCU.elf
Finished building: default.size.stdout
 
03:36:28 **** Incremental Build of configuration Debug for project Master MCU ****
make -j8 all 
arm-none-eabi-gcc "../Core/Src/main.c" -mcpu=cortex-m3 -std=gnu11 -g3 -DDEBUG -DUSE_HAL_DRIVER -DSTM32F103x6 -c -I../Core/Inc -I../Drivers/STM32F1xx_HAL_Driver/Inc -I../Drivers/STM32F1xx_HAL_Driver/Inc/Legacy -I../Drivers/CMSIS/Device/ST/STM32F1xx/Include -I../Drivers/CMSIS/Include -O0 -ffunction-sections -fdata-sections -Wall -fstack-usage -fcyclomatic-complexity -MMD -MP -MF"Core/Src/main.d" -MT"Core/Src/main.o" --specs=nano.specs -mfloat-abi=soft -mthumb -o "Core/Src/main.o"
arm-none-eabi-gcc -o "Master MCU.elf" @"objects.list"   -mcpu=cortex-m3 -T"D:\Racing team\ASURT Task 3\Star 3\Task3_Star3\Star 3 CubeIDE\Master MCU\STM32F103C6TX_FLASH.ld" --specs=nosys.specs -Wl,-Map="Master MCU.map" -Wl,--gc-sections -static -u _printf_float --specs=nano.specs -mfloat-abi=soft -mthumb -Wl,--start-group -lc -lm -Wl,--end-group
Finished building target: Master MCU.elf
 
arm-none-eabi-size  Master\ MCU.elf 
arm-none-eabi-objdump -h -S Master\ MCU.elf  > "Master MCU.list"
arm-none-eabi-objcopy  -O ihex Master\ MCU.elf  "Master MCU.hex"
   text	   data	    bss	    dec	    hex	filename
  24964	    468	   2420	  27852	   6ccc	Master MCU.elf
Finished building: default.size.stdout
 
Finished building: Master MCU.list
Finished building: Master MCU.hex
 
 
03:51:40 **** Incremental Build of configuration Debug for project Analog Slave MCU ****
make -j8 all 
arm-none-eabi-size  Analog\ Slave\ MCU.elf 
   text	   data	    bss	    dec	    hex	filename
   9692	     12	   1756	  11460	   2cc4	Analog Slave MCU.elf
Finished building: default.size.stdout
 
03:51:41 **** Incremental Build of configuration Debug for project Case ID Slave MCU ****
make -j8 all 
arm-none-eabi-size  Case\ ID\ Slave\ MCU.elf 
   text	   data	    bss	    dec	    hex	filename
   9312	     12	   1684	  11008	   2b00	Case ID Slave MCU.elf
Finished building: default.size.stdout
 
03:51:42 **** Incremental Build of configuration Debug for project Master MCU ****
make -j8 all 
arm-none-eabi-gcc "../Core/Src/main.c" -mcpu=cortex-m3 -std=gnu11 -g3 -DDEBUG -DUSE_HAL_DRIVER -DSTM32F103x6 -c -I../Core/Inc -I../Drivers/STM32F1xx_HAL_Driver/Inc -I../Drivers/STM32F1xx_HAL_Driver/Inc/Legacy -I../Drivers/CMSIS/Device/ST/STM32F1xx/Include -I../Drivers/CMSIS/Include -O0 -ffunction-sections -fdata-sections -Wall -fstack-usage -fcyclomatic-complexity -MMD -MP -MF"Core/Src/main.d" -MT"Core/Src/main.o" --specs=nano.specs -mfloat-abi=soft -mthumb -o "Core/Src/main.o"
arm-none-eabi-gcc -o "Master MCU.elf" @"objects.list"   -mcpu=cortex-m3 -T"D:\Racing team\ASURT Task 3\Star 3\Task3_Star3\Star 3 CubeIDE\Master MCU\STM32F103C6TX_FLASH.ld" --specs=nosys.specs -Wl,-Map="Master MCU.map" -Wl,--gc-sections -static -u _printf_float --specs=nano.specs -mfloat-abi=soft -mthumb -Wl,--start-group -lc -lm -Wl,--end-group
Finished building target: Master MCU.elf
 
arm-none-eabi-size  Master\ MCU.elf 
arm-none-eabi-objdump -h -S Master\ MCU.elf  > "Master MCU.list"
   text	   data	    bss	    dec	    hex	filename
  24972	    468	   2420	  27860	   6cd4	Master MCU.elf
arm-none-eabi-objcopy  -O ihex Master\ MCU.elf  "Master MCU.hex"
Finished building: default.size.stdout
 
Finished building: Master MCU.hex
Finished building: Master MCU.list
 
 
04:22:17 **** Incremental Build of configuration Debug for project Analog Slave MCU ****
make -j8 all 
arm-none-eabi-gcc "../Core/Src/main.c" -mcpu=cortex-m3 -std=gnu11 -g3 -DDEBUG -DUSE_HAL_DRIVER -DSTM32F103x6 -c -I../Core/Inc -I../Drivers/STM32F1xx_HAL_Driver/Inc -I../Drivers/STM32F1xx_HAL_Driver/Inc/Legacy -I../Drivers/CMSIS/Device/ST/STM32F1xx/Include -I../Drivers/CMSIS/Include -O0 -ffunction-sections -fdata-sections -Wall -fstack-usage -fcyclomatic-complexity -MMD -MP -MF"Core/Src/main.d" -MT"Core/Src/main.o" --specs=nano.specs -mfloat-abi=soft -mthumb -o "Core/Src/main.o"
arm-none-eabi-gcc -o "Analog Slave MCU.elf" @"objects.list"   -mcpu=cortex-m3 -T"D:\Racing team\ASURT Task 3\Star 3\Task3_Star3\Star 3 CubeIDE\Analog Slave MCU\STM32F103C6TX_FLASH.ld" --specs=nosys.specs -Wl,-Map="Analog Slave MCU.map" -Wl,--gc-sections -static --specs=nano.specs -mfloat-abi=soft -mthumb -Wl,--start-group -lc -lm -Wl,--end-group
Finished building target: Analog Slave MCU.elf
 
arm-none-eabi-size  Analog\ Slave\ MCU.elf 
arm-none-eabi-objdump -h -S Analog\ Slave\ MCU.elf  > "Analog Slave MCU.list"
arm-none-eabi-objcopy  -O ihex Analog\ Slave\ MCU.elf  "Analog Slave MCU.hex"
   text	   data	    bss	    dec	    hex	filename
   9636	     12	   1756	  11404	   2c8c	Analog Slave MCU.elf
Finished building: default.size.stdout
 
Finished building: Analog Slave MCU.list
Finished building: Analog Slave MCU.hex
 
 
04:22:21 **** Incremental Build of configuration Debug for project Case ID Slave MCU ****
make -j8 all 
arm-none-eabi-gcc "../Core/Src/main.c" -mcpu=cortex-m3 -std=gnu11 -g3 -DDEBUG -DUSE_HAL_DRIVER -DSTM32F103x6 -c -I../Core/Inc -I../Drivers/STM32F1xx_HAL_Driver/Inc -I../Drivers/STM32F1xx_HAL_Driver/Inc/Legacy -I../Drivers/CMSIS/Device/ST/STM32F1xx/Include -I../Drivers/CMSIS/Include -O0 -ffunction-sections -fdata-sections -Wall -fstack-usage -fcyclomatic-complexity -MMD -MP -MF"Core/Src/main.d" -MT"Core/Src/main.o" --specs=nano.specs -mfloat-abi=soft -mthumb -o "Core/Src/main.o"
arm-none-eabi-gcc -o "Case ID Slave MCU.elf" @"objects.list"   -mcpu=cortex-m3 -T"D:\Racing team\ASURT Task 3\Star 3\Task3_Star3\Star 3 CubeIDE\Case ID Slave MCU\STM32F103C6TX_FLASH.ld" --specs=nosys.specs -Wl,-Map="Case ID Slave MCU.map" -Wl,--gc-sections -static --specs=nano.specs -mfloat-abi=soft -mthumb -Wl,--start-group -lc -lm -Wl,--end-group
Finished building target: Case ID Slave MCU.elf
 
arm-none-eabi-size  Case\ ID\ Slave\ MCU.elf 
arm-none-eabi-objdump -h -S Case\ ID\ Slave\ MCU.elf  > "Case ID Slave MCU.list"
   text	   data	    bss	    dec	    hex	filename
   9256	     12	   1684	  10952	   2ac8	Case ID Slave MCU.elf
arm-none-eabi-objcopy  -O ihex Case\ ID\ Slave\ MCU.elf  "Case ID Slave MCU.hex"
Finished building: default.size.stdout
 
Finished building: Case ID Slave MCU.list
Finished building: Case ID Slave MCU.hex
 
 
04:22:24 **** Incremental Build of configuration Debug for project Master MCU ****
make -j8 all 
arm-none-eabi-gcc "../Core/Src/main.c" -mcpu=cortex-m3 -std=gnu11 -g3 -DDEBUG -DUSE_HAL_DRIVER -DSTM32F103x6 -c -I../Core/Inc -I../Drivers/STM32F1xx_HAL_Driver/Inc -I../Drivers/STM32F1xx_HAL_Driver/Inc/Legacy -I../Drivers/CMSIS/Device/ST/STM32F1xx/Include -I../Drivers/CMSIS/Include -O0 -ffunction-sections -fdata-sections -Wall -fstack-usage -fcyclomatic-complexity -MMD -MP -MF"Core/Src/main.d" -MT"Core/Src/main.o" --specs=nano.specs -mfloat-abi=soft -mthumb -o "Core/Src/main.o"
arm-none-eabi-gcc -o "Master MCU.elf" @"objects.list"   -mcpu=cortex-m3 -T"D:\Racing team\ASURT Task 3\Star 3\Task3_Star3\Star 3 CubeIDE\Master MCU\STM32F103C6TX_FLASH.ld" --specs=nosys.specs -Wl,-Map="Master MCU.map" -Wl,--gc-sections -static -u _printf_float --specs=nano.specs -mfloat-abi=soft -mthumb -Wl,--start-group -lc -lm -Wl,--end-group
Finished building target: Master MCU.elf
 
arm-none-eabi-size  Master\ MCU.elf 
arm-none-eabi-objdump -h -S Master\ MCU.elf  > "Master MCU.list"
arm-none-eabi-objcopy  -O ihex Master\ MCU.elf  "Master MCU.hex"
   text	   data	    bss	    dec	    hex	filename
  24972	    468	   2420	  27860	   6cd4	Master MCU.elf
Finished building: default.size.stdout
 
Finished building: Master MCU.hex
Finished building: Master MCU.list
 
 
04:33:06 **** Incremental Build of configuration Debug for project Analog Slave MCU ****
make -j8 all 
arm-none-eabi-gcc "../Core/Src/main.c" -mcpu=cortex-m3 -std=gnu11 -g3 -DDEBUG -DUSE_HAL_DRIVER -DSTM32F103x6 -c -I../Core/Inc -I../Drivers/STM32F1xx_HAL_Driver/Inc -I../Drivers/STM32F1xx_HAL_Driver/Inc/Legacy -I../Drivers/CMSIS/Device/ST/STM32F1xx/Include -I../Drivers/CMSIS/Include -O0 -ffunction-sections -fdata-sections -Wall -fstack-usage -fcyclomatic-complexity -MMD -MP -MF"Core/Src/main.d" -MT"Core/Src/main.o" --specs=nano.specs -mfloat-abi=soft -mthumb -o "Core/Src/main.o"
arm-none-eabi-gcc -o "Analog Slave MCU.elf" @"objects.list"   -mcpu=cortex-m3 -T"D:\Racing team\ASURT Task 3\Star 3\Task3_Star3\Star 3 CubeIDE\Analog Slave MCU\STM32F103C6TX_FLASH.ld" --specs=nosys.specs -Wl,-Map="Analog Slave MCU.map" -Wl,--gc-sections -static --specs=nano.specs -mfloat-abi=soft -mthumb -Wl,--start-group -lc -lm -Wl,--end-group
Finished building target: Analog Slave MCU.elf
 
arm-none-eabi-size  Analog\ Slave\ MCU.elf 
arm-none-eabi-objdump -h -S Analog\ Slave\ MCU.elf  > "Analog Slave MCU.list"
arm-none-eabi-objcopy  -O ihex Analog\ Slave\ MCU.elf  "Analog Slave MCU.hex"
   text	   data	    bss	    dec	    hex	filename
   9652	     12	   1756	  11420	   2c9c	Analog Slave MCU.elf
Finished building: default.size.stdout
 
Finished building: Analog Slave MCU.list
Finished building: Analog Slave MCU.hex
 
 
04:33:09 **** Incremental Build of configuration Debug for project Case ID Slave MCU ****
make -j8 all 
arm-none-eabi-gcc "../Core/Src/main.c" -mcpu=cortex-m3 -std=gnu11 -g3 -DDEBUG -DUSE_HAL_DRIVER -DSTM32F103x6 -c -I../Core/Inc -I../Drivers/STM32F1xx_HAL_Driver/Inc -I../Drivers/STM32F1xx_HAL_Driver/Inc/Legacy -I../Drivers/CMSIS/Device/ST/STM32F1xx/Include -I../Drivers/CMSIS/Include -O0 -ffunction-sections -fdata-sections -Wall -fstack-usage -fcyclomatic-complexity -MMD -MP -MF"Core/Src/main.d" -MT"Core/Src/main.o" --specs=nano.specs -mfloat-abi=soft -mthumb -o "Core/Src/main.o"
arm-none-eabi-gcc -o "Case ID Slave MCU.elf" @"objects.list"   -mcpu=cortex-m3 -T"D:\Racing team\ASURT Task 3\Star 3\Task3_Star3\Star 3 CubeIDE\Case ID Slave MCU\STM32F103C6TX_FLASH.ld" --specs=nosys.specs -Wl,-Map="Case ID Slave MCU.map" -Wl,--gc-sections -static --specs=nano.specs -mfloat-abi=soft -mthumb -Wl,--start-group -lc -lm -Wl,--end-group
Finished building target: Case ID Slave MCU.elf
 
arm-none-eabi-size  Case\ ID\ Slave\ MCU.elf 
arm-none-eabi-objdump -h -S Case\ ID\ Slave\ MCU.elf  > "Case ID Slave MCU.list"
arm-none-eabi-objcopy  -O ihex Case\ ID\ Slave\ MCU.elf  "Case ID Slave MCU.hex"
   text	   data	    bss	    dec	    hex	filename
   9280	     12	   1684	  10976	   2ae0	Case ID Slave MCU.elf
Finished building: default.size.stdout
 
Finished building: Case ID Slave MCU.list
Finished building: Case ID Slave MCU.hex
 
 
04:33:12 **** Incremental Build of configuration Debug for project Master MCU ****
make -j8 all 
arm-none-eabi-size  Master\ MCU.elf 
   text	   data	    bss	    dec	    hex	filename
  24972	    468	   2420	  27860	   6cd4	Master MCU.elf
Finished building: default.size.stdout
 
04:39:10 **** Incremental Build of configuration Debug for project Analog Slave MCU ****
make -j8 all 
arm-none-eabi-gcc "../Core/Src/main.c" -mcpu=cortex-m3 -std=gnu11 -g3 -DDEBUG -DUSE_HAL_DRIVER -DSTM32F103x6 -c -I../Core/Inc -I../Drivers/STM32F1xx_HAL_Driver/Inc -I../Drivers/STM32F1xx_HAL_Driver/Inc/Legacy -I../Drivers/CMSIS/Device/ST/STM32F1xx/Include -I../Drivers/CMSIS/Include -O0 -ffunction-sections -fdata-sections -Wall -fstack-usage -fcyclomatic-complexity -MMD -MP -MF"Core/Src/main.d" -MT"Core/Src/main.o" --specs=nano.specs -mfloat-abi=soft -mthumb -o "Core/Src/main.o"
arm-none-eabi-gcc -o "Analog Slave MCU.elf" @"objects.list"   -mcpu=cortex-m3 -T"D:\Racing team\ASURT Task 3\Star 3\Task3_Star3\Star 3 CubeIDE\Analog Slave MCU\STM32F103C6TX_FLASH.ld" --specs=nosys.specs -Wl,-Map="Analog Slave MCU.map" -Wl,--gc-sections -static --specs=nano.specs -mfloat-abi=soft -mthumb -Wl,--start-group -lc -lm -Wl,--end-group
Finished building target: Analog Slave MCU.elf
 
arm-none-eabi-size  Analog\ Slave\ MCU.elf 
arm-none-eabi-objdump -h -S Analog\ Slave\ MCU.elf  > "Analog Slave MCU.list"
arm-none-eabi-objcopy  -O ihex Analog\ Slave\ MCU.elf  "Analog Slave MCU.hex"
   text	   data	    bss	    dec	    hex	filename
   9704	     12	   1756	  11472	   2cd0	Analog Slave MCU.elf
Finished building: default.size.stdout
 
Finished building: Analog Slave MCU.list
Finished building: Analog Slave MCU.hex
 
 
04:39:13 **** Incremental Build of configuration Debug for project Case ID Slave MCU ****
make -j8 all 
arm-none-eabi-size  Case\ ID\ Slave\ MCU.elf 
   text	   data	    bss	    dec	    hex	filename
   9280	     12	   1684	  10976	   2ae0	Case ID Slave MCU.elf
Finished building: default.size.stdout
 
04:39:15 **** Incremental Build of configuration Debug for project Master MCU ****
make -j8 all 
arm-none-eabi-size  Master\ MCU.elf 
   text	   data	    bss	    dec	    hex	filename
  24972	    468	   2420	  27860	   6cd4	Master MCU.elf
Finished building: default.size.stdout
 
04:40:13 **** Incremental Build of configuration Debug for project Analog Slave MCU ****
make -j8 all 
arm-none-eabi-gcc "../Core/Src/main.c" -mcpu=cortex-m3 -std=gnu11 -g3 -DDEBUG -DUSE_HAL_DRIVER -DSTM32F103x6 -c -I../Core/Inc -I../Drivers/STM32F1xx_HAL_Driver/Inc -I../Drivers/STM32F1xx_HAL_Driver/Inc/Legacy -I../Drivers/CMSIS/Device/ST/STM32F1xx/Include -I../Drivers/CMSIS/Include -O0 -ffunction-sections -fdata-sections -Wall -fstack-usage -fcyclomatic-complexity -MMD -MP -MF"Core/Src/main.d" -MT"Core/Src/main.o" --specs=nano.specs -mfloat-abi=soft -mthumb -o "Core/Src/main.o"
arm-none-eabi-gcc -o "Analog Slave MCU.elf" @"objects.list"   -mcpu=cortex-m3 -T"D:\Racing team\ASURT Task 3\Star 3\Task3_Star3\Star 3 CubeIDE\Analog Slave MCU\STM32F103C6TX_FLASH.ld" --specs=nosys.specs -Wl,-Map="Analog Slave MCU.map" -Wl,--gc-sections -static --specs=nano.specs -mfloat-abi=soft -mthumb -Wl,--start-group -lc -lm -Wl,--end-group
Finished building target: Analog Slave MCU.elf
 
arm-none-eabi-size  Analog\ Slave\ MCU.elf 
arm-none-eabi-objdump -h -S Analog\ Slave\ MCU.elf  > "Analog Slave MCU.list"
arm-none-eabi-objcopy  -O ihex Analog\ Slave\ MCU.elf  "Analog Slave MCU.hex"
   text	   data	    bss	    dec	    hex	filename
   9720	     12	   1756	  11488	   2ce0	Analog Slave MCU.elf
Finished building: default.size.stdout
 
Finished building: Analog Slave MCU.list
Finished building: Analog Slave MCU.hex
 
 
04:40:17 **** Incremental Build of configuration Debug for project Case ID Slave MCU ****
make -j8 all 
arm-none-eabi-size  Case\ ID\ Slave\ MCU.elf 
   text	   data	    bss	    dec	    hex	filename
   9280	     12	   1684	  10976	   2ae0	Case ID Slave MCU.elf
Finished building: default.size.stdout
 
04:40:20 **** Incremental Build of configuration Debug for project Master MCU ****
make -j8 all 
arm-none-eabi-size  Master\ MCU.elf 
   text	   data	    bss	    dec	    hex	filename
  24972	    468	   2420	  27860	   6cd4	Master MCU.elf
Finished building: default.size.stdout
 
04:52:05 **** Incremental Build of configuration Debug for project Analog Slave MCU ****
make -j8 all 
arm-none-eabi-gcc "../Core/Src/main.c" -mcpu=cortex-m3 -std=gnu11 -g3 -DDEBUG -DUSE_HAL_DRIVER -DSTM32F103x6 -c -I../Core/Inc -I../Drivers/STM32F1xx_HAL_Driver/Inc -I../Drivers/STM32F1xx_HAL_Driver/Inc/Legacy -I../Drivers/CMSIS/Device/ST/STM32F1xx/Include -I../Drivers/CMSIS/Include -O0 -ffunction-sections -fdata-sections -Wall -fstack-usage -fcyclomatic-complexity -MMD -MP -MF"Core/Src/main.d" -MT"Core/Src/main.o" --specs=nano.specs -mfloat-abi=soft -mthumb -o "Core/Src/main.o"
arm-none-eabi-gcc -o "Analog Slave MCU.elf" @"objects.list"   -mcpu=cortex-m3 -T"D:\Racing team\ASURT Task 3\Star 3\Task3_Star3\Star 3 CubeIDE\Analog Slave MCU\STM32F103C6TX_FLASH.ld" --specs=nosys.specs -Wl,-Map="Analog Slave MCU.map" -Wl,--gc-sections -static --specs=nano.specs -mfloat-abi=soft -mthumb -Wl,--start-group -lc -lm -Wl,--end-group
Finished building target: Analog Slave MCU.elf
 
arm-none-eabi-size  Analog\ Slave\ MCU.elf 
arm-none-eabi-objdump -h -S Analog\ Slave\ MCU.elf  > "Analog Slave MCU.list"
arm-none-eabi-objcopy  -O ihex Analog\ Slave\ MCU.elf  "Analog Slave MCU.hex"
   text	   data	    bss	    dec	    hex	filename
   9744	     12	   1756	  11512	   2cf8	Analog Slave MCU.elf
Finished building: default.size.stdout
 
Finished building: Analog Slave MCU.list
Finished building: Analog Slave MCU.hex
 
 
04:52:08 **** Incremental Build of configuration Debug for project Case ID Slave MCU ****
make -j8 all 
arm-none-eabi-size  Case\ ID\ Slave\ MCU.elf 
   text	   data	    bss	    dec	    hex	filename
   9280	     12	   1684	  10976	   2ae0	Case ID Slave MCU.elf
Finished building: default.size.stdout
 
04:52:09 **** Incremental Build of configuration Debug for project Master MCU ****
make -j8 all 
arm-none-eabi-size  Master\ MCU.elf 
   text	   data	    bss	    dec	    hex	filename
  24972	    468	   2420	  27860	   6cd4	Master MCU.elf
Finished building: default.size.stdout
 
05:03:03 **** Incremental Build of configuration Debug for project Analog Slave MCU ****
make -j8 all 
arm-none-eabi-gcc "../Core/Src/main.c" -mcpu=cortex-m3 -std=gnu11 -g3 -DDEBUG -DUSE_HAL_DRIVER -DSTM32F103x6 -c -I../Core/Inc -I../Drivers/STM32F1xx_HAL_Driver/Inc -I../Drivers/STM32F1xx_HAL_Driver/Inc/Legacy -I../Drivers/CMSIS/Device/ST/STM32F1xx/Include -I../Drivers/CMSIS/Include -O0 -ffunction-sections -fdata-sections -Wall -fstack-usage -fcyclomatic-complexity -MMD -MP -MF"Core/Src/main.d" -MT"Core/Src/main.o" --specs=nano.specs -mfloat-abi=soft -mthumb -o "Core/Src/main.o"
../Core/Src/main.c: In function 'main':
../Core/Src/main.c:158:20: error: assignment to expression with array type
  158 |           SPI_Junk = send_receive_buffer;
      |                    ^
make: *** [Core/Src/subdir.mk:34: Core/Src/main.o] Error 1
"make -j8 all" terminated with exit code 2. Build might be incomplete.
05:03:04 **** Incremental Build of configuration Debug for project Case ID Slave MCU ****
make -j8 all 
arm-none-eabi-size  Case\ ID\ Slave\ MCU.elf 
   text	   data	    bss	    dec	    hex	filename
   9280	     12	   1684	  10976	   2ae0	Case ID Slave MCU.elf
Finished building: default.size.stdout
 
05:03:06 **** Incremental Build of configuration Debug for project Master MCU ****
make -j8 all 
arm-none-eabi-size  Master\ MCU.elf 
   text	   data	    bss	    dec	    hex	filename
  24972	    468	   2420	  27860	   6cd4	Master MCU.elf
Finished building: default.size.stdout
 
05:04:06 **** Incremental Build of configuration Debug for project Analog Slave MCU ****
make -j8 all 
arm-none-eabi-gcc "../Core/Src/main.c" -mcpu=cortex-m3 -std=gnu11 -g3 -DDEBUG -DUSE_HAL_DRIVER -DSTM32F103x6 -c -I../Core/Inc -I../Drivers/STM32F1xx_HAL_Driver/Inc -I../Drivers/STM32F1xx_HAL_Driver/Inc/Legacy -I../Drivers/CMSIS/Device/ST/STM32F1xx/Include -I../Drivers/CMSIS/Include -O0 -ffunction-sections -fdata-sections -Wall -fstack-usage -fcyclomatic-complexity -MMD -MP -MF"Core/Src/main.d" -MT"Core/Src/main.o" --specs=nano.specs -mfloat-abi=soft -mthumb -o "Core/Src/main.o"
arm-none-eabi-gcc -o "Analog Slave MCU.elf" @"objects.list"   -mcpu=cortex-m3 -T"D:\Racing team\ASURT Task 3\Star 3\Task3_Star3\Star 3 CubeIDE\Analog Slave MCU\STM32F103C6TX_FLASH.ld" --specs=nosys.specs -Wl,-Map="Analog Slave MCU.map" -Wl,--gc-sections -static --specs=nano.specs -mfloat-abi=soft -mthumb -Wl,--start-group -lc -lm -Wl,--end-group
Finished building target: Analog Slave MCU.elf
 
arm-none-eabi-size  Analog\ Slave\ MCU.elf 
arm-none-eabi-objdump -h -S Analog\ Slave\ MCU.elf  > "Analog Slave MCU.list"
   text	   data	    bss	    dec	    hex	filename
   9752	     12	   1756	  11520	   2d00	Analog Slave MCU.elf
arm-none-eabi-objcopy  -O ihex Analog\ Slave\ MCU.elf  "Analog Slave MCU.hex"
Finished building: default.size.stdout
 
Finished building: Analog Slave MCU.list
Finished building: Analog Slave MCU.hex
 
 
05:04:09 **** Incremental Build of configuration Debug for project Case ID Slave MCU ****
make -j8 all 
arm-none-eabi-size  Case\ ID\ Slave\ MCU.elf 
   text	   data	    bss	    dec	    hex	filename
   9280	     12	   1684	  10976	   2ae0	Case ID Slave MCU.elf
Finished building: default.size.stdout
 
05:04:11 **** Incremental Build of configuration Debug for project Master MCU ****
make -j8 all 
arm-none-eabi-size  Master\ MCU.elf 
   text	   data	    bss	    dec	    hex	filename
  24972	    468	   2420	  27860	   6cd4	Master MCU.elf
Finished building: default.size.stdout
 
05:10:29 **** Incremental Build of configuration Debug for project Analog Slave MCU ****
make -j8 all 
arm-none-eabi-gcc "../Core/Src/main.c" -mcpu=cortex-m3 -std=gnu11 -g3 -DDEBUG -DUSE_HAL_DRIVER -DSTM32F103x6 -c -I../Core/Inc -I../Drivers/STM32F1xx_HAL_Driver/Inc -I../Drivers/STM32F1xx_HAL_Driver/Inc/Legacy -I../Drivers/CMSIS/Device/ST/STM32F1xx/Include -I../Drivers/CMSIS/Include -O0 -ffunction-sections -fdata-sections -Wall -fstack-usage -fcyclomatic-complexity -MMD -MP -MF"Core/Src/main.d" -MT"Core/Src/main.o" --specs=nano.specs -mfloat-abi=soft -mthumb -o "Core/Src/main.o"
arm-none-eabi-gcc -o "Analog Slave MCU.elf" @"objects.list"   -mcpu=cortex-m3 -T"D:\Racing team\ASURT Task 3\Star 3\Task3_Star3\Star 3 CubeIDE\Analog Slave MCU\STM32F103C6TX_FLASH.ld" --specs=nosys.specs -Wl,-Map="Analog Slave MCU.map" -Wl,--gc-sections -static --specs=nano.specs -mfloat-abi=soft -mthumb -Wl,--start-group -lc -lm -Wl,--end-group
Finished building target: Analog Slave MCU.elf
 
arm-none-eabi-size  Analog\ Slave\ MCU.elf 
arm-none-eabi-objdump -h -S Analog\ Slave\ MCU.elf  > "Analog Slave MCU.list"
arm-none-eabi-objcopy  -O ihex Analog\ Slave\ MCU.elf  "Analog Slave MCU.hex"
   text	   data	    bss	    dec	    hex	filename
   9708	     12	   1756	  11476	   2cd4	Analog Slave MCU.elf
Finished building: default.size.stdout
 
Finished building: Analog Slave MCU.list
Finished building: Analog Slave MCU.hex
 
 
05:10:32 **** Incremental Build of configuration Debug for project Case ID Slave MCU ****
make -j8 all 
arm-none-eabi-size  Case\ ID\ Slave\ MCU.elf 
   text	   data	    bss	    dec	    hex	filename
   9280	     12	   1684	  10976	   2ae0	Case ID Slave MCU.elf
Finished building: default.size.stdout
 
05:10:34 **** Incremental Build of configuration Debug for project Master MCU ****
make -j8 all 
arm-none-eabi-size  Master\ MCU.elf 
   text	   data	    bss	    dec	    hex	filename
  24972	    468	   2420	  27860	   6cd4	Master MCU.elf
Finished building: default.size.stdout
 
05:11:59 **** Incremental Build of configuration Debug for project Analog Slave MCU ****
make -j8 all 
arm-none-eabi-gcc "../Core/Src/main.c" -mcpu=cortex-m3 -std=gnu11 -g3 -DDEBUG -DUSE_HAL_DRIVER -DSTM32F103x6 -c -I../Core/Inc -I../Drivers/STM32F1xx_HAL_Driver/Inc -I../Drivers/STM32F1xx_HAL_Driver/Inc/Legacy -I../Drivers/CMSIS/Device/ST/STM32F1xx/Include -I../Drivers/CMSIS/Include -O0 -ffunction-sections -fdata-sections -Wall -fstack-usage -fcyclomatic-complexity -MMD -MP -MF"Core/Src/main.d" -MT"Core/Src/main.o" --specs=nano.specs -mfloat-abi=soft -mthumb -o "Core/Src/main.o"
arm-none-eabi-gcc -o "Analog Slave MCU.elf" @"objects.list"   -mcpu=cortex-m3 -T"D:\Racing team\ASURT Task 3\Star 3\Task3_Star3\Star 3 CubeIDE\Analog Slave MCU\STM32F103C6TX_FLASH.ld" --specs=nosys.specs -Wl,-Map="Analog Slave MCU.map" -Wl,--gc-sections -static --specs=nano.specs -mfloat-abi=soft -mthumb -Wl,--start-group -lc -lm -Wl,--end-group
Finished building target: Analog Slave MCU.elf
 
arm-none-eabi-size  Analog\ Slave\ MCU.elf 
arm-none-eabi-objdump -h -S Analog\ Slave\ MCU.elf  > "Analog Slave MCU.list"
arm-none-eabi-objcopy  -O ihex Analog\ Slave\ MCU.elf  "Analog Slave MCU.hex"
   text	   data	    bss	    dec	    hex	filename
   9708	     12	   1756	  11476	   2cd4	Analog Slave MCU.elf
Finished building: default.size.stdout
 
Finished building: Analog Slave MCU.list
Finished building: Analog Slave MCU.hex
 
 
05:12:02 **** Incremental Build of configuration Debug for project Case ID Slave MCU ****
make -j8 all 
arm-none-eabi-size  Case\ ID\ Slave\ MCU.elf 
   text	   data	    bss	    dec	    hex	filename
   9280	     12	   1684	  10976	   2ae0	Case ID Slave MCU.elf
[...]
Finished building: Master MCU.hex
 
 
13:28:18 **** Incremental Build of configuration Debug for project Analog Slave MCU ****
make -j8 all 
arm-none-eabi-size  Analog\ Slave\ MCU.elf 
   text	   data	    bss	    dec	    hex	filename
   9820	     12	   1756	  11588	   2d44	Analog Slave MCU.elf
Finished building: default.size.stdout
 
13:28:19 **** Incremental Build of configuration Debug for project Case ID Slave MCU ****
make -j8 all 
arm-none-eabi-size  Case\ ID\ Slave\ MCU.elf 
   text	   data	    bss	    dec	    hex	filename
   9260	     12	   1676	  10948	   2ac4	Case ID Slave MCU.elf
Finished building: default.size.stdout
 
13:28:20 **** Incremental Build of configuration Debug for project Master MCU ****
make -j8 all 
arm-none-eabi-gcc "../Core/Src/main.c" -mcpu=cortex-m3 -std=gnu11 -g3 -DDEBUG -DUSE_HAL_DRIVER -DSTM32F103x6 -c -I../Core/Inc -I../Drivers/STM32F1xx_HAL_Driver/Inc -I../Drivers/STM32F1xx_HAL_Driver/Inc/Legacy -I../Drivers/CMSIS/Device/ST/STM32F1xx/Include -I../Drivers/CMSIS/Include -O0 -ffunction-sections -fdata-sections -Wall -fstack-usage -fcyclomatic-complexity -MMD -MP -MF"Core/Src/main.d" -MT"Core/Src/main.o" --specs=nano.specs -mfloat-abi=soft -mthumb -o "Core/Src/main.o"
arm-none-eabi-gcc -o "Master MCU.elf" @"objects.list"   -mcpu=cortex-m3 -T"D:\Racing team\ASURT Task 3\Star 3\Task3_Star3\Star 3 CubeIDE\Master MCU\STM32F103C6TX_FLASH.ld" --specs=nosys.specs -Wl,-Map="Master MCU.map" -Wl,--gc-sections -static -u _printf_float --specs=nano.specs -mfloat-abi=soft -mthumb -Wl,--start-group -lc -lm -Wl,--end-group
Finished building target: Master MCU.elf
 
arm-none-eabi-size  Master\ MCU.elf 
arm-none-eabi-objdump -h -S Master\ MCU.elf  > "Master MCU.list"
arm-none-eabi-objcopy  -O ihex Master\ MCU.elf  "Master MCU.hex"
   text	   data	    bss	    dec	    hex	filename
  24972	    468	   2420	  27860	   6cd4	Master MCU.elf
Finished building: default.size.stdout
 
Finished building: Master MCU.hex
Finished building: Master MCU.list
 
 
13:34:40 **** Incremental Build of configuration Debug for project Analog Slave MCU ****
make -j8 all 
arm-none-eabi-gcc "../Core/Src/main.c" -mcpu=cortex-m3 -std=gnu11 -g3 -DDEBUG -DUSE_HAL_DRIVER -DSTM32F103x6 -c -I../Core/Inc -I../Drivers/STM32F1xx_HAL_Driver/Inc -I../Drivers/STM32F1xx_HAL_Driver/Inc/Legacy -I../Drivers/CMSIS/Device/ST/STM32F1xx/Include -I../Drivers/CMSIS/Include -O0 -ffunction-sections -fdata-sections -Wall -fstack-usage -fcyclomatic-complexity -MMD -MP -MF"Core/Src/main.d" -MT"Core/Src/main.o" --specs=nano.specs -mfloat-abi=soft -mthumb -o "Core/Src/main.o"
arm-none-eabi-gcc -o "Analog Slave MCU.elf" @"objects.list"   -mcpu=cortex-m3 -T"D:\Racing team\ASURT Task 3\Star 3\Task3_Star3\Star 3 CubeIDE\Analog Slave MCU\STM32F103C6TX_FLASH.ld" --specs=nosys.specs -Wl,-Map="Analog Slave MCU.map" -Wl,--gc-sections -static --specs=nano.specs -mfloat-abi=soft -mthumb -Wl,--start-group -lc -lm -Wl,--end-group
Finished building target: Analog Slave MCU.elf
 
arm-none-eabi-size  Analog\ Slave\ MCU.elf 
arm-none-eabi-objdump -h -S Analog\ Slave\ MCU.elf  > "Analog Slave MCU.list"
arm-none-eabi-objcopy  -O ihex Analog\ Slave\ MCU.elf  "Analog Slave MCU.hex"
   text	   data	    bss	    dec	    hex	filename
   9820	     12	   1756	  11588	   2d44	Analog Slave MCU.elf
Finished building: default.size.stdout
 
Finished building: Analog Slave MCU.hex
Finished building: Analog Slave MCU.list
 
 
13:34:42 **** Incremental Build of configuration Debug for project Case ID Slave MCU ****
make -j8 all 
arm-none-eabi-size  Case\ ID\ Slave\ MCU.elf 
   text	   data	    bss	    dec	    hex	filename
   9260	     12	   1676	  10948	   2ac4	Case ID Slave MCU.elf
Finished building: default.size.stdout
 
13:34:42 **** Incremental Build of configuration Debug for project Master MCU ****
make -j8 all 
arm-none-eabi-size  Master\ MCU.elf 
   text	   data	    bss	    dec	    hex	filename
  24972	    468	   2420	  27860	   6cd4	Master MCU.elf
Finished building: default.size.stdout
 
13:53:33 **** Incremental Build of configuration Debug for project Analog Slave MCU ****
make -j8 all 
arm-none-eabi-size  Analog\ Slave\ MCU.elf 
   text	   data	    bss	    dec	    hex	filename
   9820	     12	   1756	  11588	   2d44	Analog Slave MCU.elf
Finished building: default.size.stdout
 
13:53:33 **** Incremental Build of configuration Debug for project Case ID Slave MCU ****
make -j8 all 
arm-none-eabi-size  Case\ ID\ Slave\ MCU.elf 
   text	   data	    bss	    dec	    hex	filename
   9260	     12	   1676	  10948	   2ac4	Case ID Slave MCU.elf
Finished building: default.size.stdout
 
13:53:34 **** Incremental Build of configuration Debug for project Master MCU ****
make -j8 all 
arm-none-eabi-gcc "../Core/Src/main.c" -mcpu=cortex-m3 -std=gnu11 -g3 -DDEBUG -DUSE_HAL_DRIVER -DSTM32F103x6 -c -I../Core/Inc -I../Drivers/STM32F1xx_HAL_Driver/Inc -I../Drivers/STM32F1xx_HAL_Driver/Inc/Legacy -I../Drivers/CMSIS/Device/ST/STM32F1xx/Include -I../Drivers/CMSIS/Include -O0 -ffunction-sections -fdata-sections -Wall -fstack-usage -fcyclomatic-complexity -MMD -MP -MF"Core/Src/main.d" -MT"Core/Src/main.o" --specs=nano.specs -mfloat-abi=soft -mthumb -o "Core/Src/main.o"
arm-none-eabi-gcc -o "Master MCU.elf" @"objects.list"   -mcpu=cortex-m3 -T"D:\Racing team\ASURT Task 3\Star 3\Task3_Star3\Star 3 CubeIDE\Master MCU\STM32F103C6TX_FLASH.ld" --specs=nosys.specs -Wl,-Map="Master MCU.map" -Wl,--gc-sections -static -u _printf_float --specs=nano.specs -mfloat-abi=soft -mthumb -Wl,--start-group -lc -lm -Wl,--end-group
Finished building target: Master MCU.elf
 
arm-none-eabi-size  Master\ MCU.elf 
arm-none-eabi-objdump -h -S Master\ MCU.elf  > "Master MCU.list"
arm-none-eabi-objcopy  -O ihex Master\ MCU.elf  "Master MCU.hex"
   text	   data	    bss	    dec	    hex	filename
  25628	    468	   2420	  28516	   6f64	Master MCU.elf
Finished building: default.size.stdout
 
Finished building: Master MCU.hex
Finished building: Master MCU.list
 
 
13:54:30 **** Incremental Build of configuration Debug for project Analog Slave MCU ****
make -j8 all 
arm-none-eabi-size  Analog\ Slave\ MCU.elf 
   text	   data	    bss	    dec	    hex	filename
   9820	     12	   1756	  11588	   2d44	Analog Slave MCU.elf
Finished building: default.size.stdout
 
13:54:31 **** Incremental Build of configuration Debug for project Case ID Slave MCU ****
make -j8 all 
arm-none-eabi-size  Case\ ID\ Slave\ MCU.elf 
   text	   data	    bss	    dec	    hex	filename
   9260	     12	   1676	  10948	   2ac4	Case ID Slave MCU.elf
Finished building: default.size.stdout
 
13:54:32 **** Incremental Build of configuration Debug for project Master MCU ****
make -j8 all 
arm-none-eabi-gcc "../Core/Src/main.c" -mcpu=cortex-m3 -std=gnu11 -g3 -DDEBUG -DUSE_HAL_DRIVER -DSTM32F103x6 -c -I../Core/Inc -I../Drivers/STM32F1xx_HAL_Driver/Inc -I../Drivers/STM32F1xx_HAL_Driver/Inc/Legacy -I../Drivers/CMSIS/Device/ST/STM32F1xx/Include -I../Drivers/CMSIS/Include -O0 -ffunction-sections -fdata-sections -Wall -fstack-usage -fcyclomatic-complexity -MMD -MP -MF"Core/Src/main.d" -MT"Core/Src/main.o" --specs=nano.specs -mfloat-abi=soft -mthumb -o "Core/Src/main.o"
arm-none-eabi-gcc -o "Master MCU.elf" @"objects.list"   -mcpu=cortex-m3 -T"D:\Racing team\ASURT Task 3\Star 3\Task3_Star3\Star 3 CubeIDE\Master MCU\STM32F103C6TX_FLASH.ld" --specs=nosys.specs -Wl,-Map="Master MCU.map" -Wl,--gc-sections -static -u _printf_float --specs=nano.specs -mfloat-abi=soft -mthumb -Wl,--start-group -lc -lm -Wl,--end-group
Finished building target: Master MCU.elf
 
arm-none-eabi-size  Master\ MCU.elf 
arm-none-eabi-objdump -h -S Master\ MCU.elf  > "Master MCU.list"
arm-none-eabi-objcopy  -O ihex Master\ MCU.elf  "Master MCU.hex"
   text	   data	    bss	    dec	    hex	filename
  25636	    468	   2420	  28524	   6f6c	Master MCU.elf
Finished building: default.size.stdout
 
Finished building: Master MCU.hex
Finished building: Master MCU.list
 
 
14:10:30 **** Incremental Build of configuration Debug for project Analog Slave MCU ****
make -j8 all 
arm-none-eabi-gcc "../Core/Src/main.c" -mcpu=cortex-m3 -std=gnu11 -g3 -DDEBUG -DUSE_HAL_DRIVER -DSTM32F103x6 -c -I../Core/Inc -I../Drivers/STM32F1xx_HAL_Driver/Inc -I../Drivers/STM32F1xx_HAL_Driver/Inc/Legacy -I../Drivers/CMSIS/Device/ST/STM32F1xx/Include -I../Drivers/CMSIS/Include -O0 -ffunction-sections -fdata-sections -Wall -fstack-usage -fcyclomatic-complexity -MMD -MP -MF"Core/Src/main.d" -MT"Core/Src/main.o" --specs=nano.specs -mfloat-abi=soft -mthumb -o "Core/Src/main.o"
arm-none-eabi-gcc -o "Analog Slave MCU.elf" @"objects.list"   -mcpu=cortex-m3 -T"D:\Racing team\ASURT Task 3\Star 3\Task3_Star3\Star 3 CubeIDE\Analog Slave MCU\STM32F103C6TX_FLASH.ld" --specs=nosys.specs -Wl,-Map="Analog Slave MCU.map" -Wl,--gc-sections -static --specs=nano.specs -mfloat-abi=soft -mthumb -Wl,--start-group -lc -lm -Wl,--end-group
Finished building target: Analog Slave MCU.elf
 
arm-none-eabi-size  Analog\ Slave\ MCU.elf 
arm-none-eabi-objdump -h -S Analog\ Slave\ MCU.elf  > "Analog Slave MCU.list"
arm-none-eabi-objcopy  -O ihex Analog\ Slave\ MCU.elf  "Analog Slave MCU.hex"
   text	   data	    bss	    dec	    hex	filename
   9820	     12	   1756	  11588	   2d44	Analog Slave MCU.elf
Finished building: default.size.stdout
 
Finished building: Analog Slave MCU.list
Finished building: Analog Slave MCU.hex
 
 
14:10:31 **** Incremental Build of configuration Debug for project Case ID Slave MCU ****
make -j8 all 
arm-none-eabi-size  Case\ ID\ Slave\ MCU.elf 
   text	   data	    bss	    dec	    hex	filename
   9260	     12	   1676	  10948	   2ac4	Case ID Slave MCU.elf
Finished building: default.size.stdout
 
14:10:32 **** Incremental Build of configuration Debug for project Master MCU ****
make -j8 all 
arm-none-eabi-size  Master\ MCU.elf 
   text	   data	    bss	    dec	    hex	filename
  25636	    468	   2420	  28524	   6f6c	Master MCU.elf
Finished building: default.size.stdout
 
14:10:43 **** Incremental Build of configuration Debug for project Analog Slave MCU ****
make -j8 all 
arm-none-eabi-size  Analog\ Slave\ MCU.elf 
   text	   data	    bss	    dec	    hex	filename
   9820	     12	   1756	  11588	   2d44	Analog Slave MCU.elf
Finished building: default.size.stdout
 
14:10:44 **** Incremental Build of configuration Debug for project Case ID Slave MCU ****
make -j8 all 
arm-none-eabi-size  Case\ ID\ Slave\ MCU.elf 
   text	   data	    bss	    dec	    hex	filename
   9260	     12	   1676	  10948	   2ac4	Case ID Slave MCU.elf
Finished building: default.size.stdout
 
14:10:44 **** Incremental Build of configuration Debug for project Master MCU ****
make -j8 all 
arm-none-eabi-gcc "../Core/Src/main.c" -mcpu=cortex-m3 -std=gnu11 -g3 -DDEBUG -DUSE_HAL_DRIVER -DSTM32F103x6 -c -I../Core/Inc -I../Drivers/STM32F1xx_HAL_Driver/Inc -I../Drivers/STM32F1xx_HAL_Driver/Inc/Legacy -I../Drivers/CMSIS/Device/ST/STM32F1xx/Include -I../Drivers/CMSIS/Include -O0 -ffunction-sections -fdata-sections -Wall -fstack-usage -fcyclomatic-complexity -MMD -MP -MF"Core/Src/main.d" -MT"Core/Src/main.o" --specs=nano.specs -mfloat-abi=soft -mthumb -o "Core/Src/main.o"
arm-none-eabi-gcc -o "Master MCU.elf" @"objects.list"   -mcpu=cortex-m3 -T"D:\Racing team\ASURT Task 3\Star 3\Task3_Star3\Star 3 CubeIDE\Master MCU\STM32F103C6TX_FLASH.ld" --specs=nosys.specs -Wl,-Map="Master MCU.map" -Wl,--gc-sections -static -u _printf_float --specs=nano.specs -mfloat-abi=soft -mthumb -Wl,--start-group -lc -lm -Wl,--end-group
Finished building target: Master MCU.elf
 
arm-none-eabi-size  Master\ MCU.elf 
arm-none-eabi-objdump -h -S Master\ MCU.elf  > "Master MCU.list"
   text	   data	    bss	    dec	    hex	filename
  25620	    468	   2420	  28508	   6f5c	Master MCU.elf
arm-none-eabi-objcopy  -O ihex Master\ MCU.elf  "Master MCU.hex"
Finished building: default.size.stdout
 
Finished building: Master MCU.list
Finished building: Master MCU.hex
 
 
14:14:52 **** Incremental Build of configuration Debug for project Analog Slave MCU ****
make -j8 all 
arm-none-eabi-size  Analog\ Slave\ MCU.elf 
   text	   data	    bss	    dec	    hex	filename
   9820	     12	   1756	  11588	   2d44	Analog Slave MCU.elf
Finished building: default.size.stdout
 
14:14:53 **** Incremental Build of configuration Debug for project Case ID Slave MCU ****
make -j8 all 
arm-none-eabi-size  Case\ ID\ Slave\ MCU.elf 
   text	   data	    bss	    dec	    hex	filename
   9260	     12	   1676	  10948	   2ac4	Case ID Slave MCU.elf
Finished building: default.size.stdout
 
14:14:53 **** Incremental Build of configuration Debug for project Master MCU ****
make -j8 all 
arm-none-eabi-gcc "../Core/Src/main.c" -mcpu=cortex-m3 -std=gnu11 -g3 -DDEBUG -DUSE_HAL_DRIVER -DSTM32F103x6 -c -I../Core/Inc -I../Drivers/STM32F1xx_HAL_Driver/Inc -I../Drivers/STM32F1xx_HAL_Driver/Inc/Legacy -I../Drivers/CMSIS/Device/ST/STM32F1xx/Include -I../Drivers/CMSIS/Include -O0 -ffunction-sections -fdata-sections -Wall -fstack-usage -fcyclomatic-complexity -MMD -MP -MF"Core/Src/main.d" -MT"Core/Src/main.o" --specs=nano.specs -mfloat-abi=soft -mthumb -o "Core/Src/main.o"
arm-none-eabi-gcc -o "Master MCU.elf" @"objects.list"   -mcpu=cortex-m3 -T"D:\Racing team\ASURT Task 3\Star 3\Task3_Star3\Star 3 CubeIDE\Master MCU\STM32F103C6TX_FLASH.ld" --specs=nosys.specs -Wl,-Map="Master MCU.map" -Wl,--gc-sections -static -u _printf_float --specs=nano.specs -mfloat-abi=soft -mthumb -Wl,--start-group -lc -lm -Wl,--end-group
Finished building target: Master MCU.elf
 
arm-none-eabi-size  Master\ MCU.elf 
arm-none-eabi-objdump -h -S Master\ MCU.elf  > "Master MCU.list"
arm-none-eabi-objcopy  -O ihex Master\ MCU.elf  "Master MCU.hex"
   text	   data	    bss	    dec	    hex	filename
  24996	    468	   2420	  27884	   6cec	Master MCU.elf
Finished building: default.size.stdout
 
Finished building: Master MCU.hex
Finished building: Master MCU.list
 
 
15:12:57 **** Incremental Build of configuration Debug for project Analog Slave MCU ****
make -j8 all 
arm-none-eabi-gcc "../Core/Src/main.c" -mcpu=cortex-m3 -std=gnu11 -g3 -DDEBUG -DUSE_HAL_DRIVER -DSTM32F103x6 -c -I../Core/Inc -I../Drivers/STM32F1xx_HAL_Driver/Inc -I../Drivers/STM32F1xx_HAL_Driver/Inc/Legacy -I../Drivers/CMSIS/Device/ST/STM32F1xx/Include -I../Drivers/CMSIS/Include -O0 -ffunction-sections -fdata-sections -Wall -fstack-usage -fcyclomatic-complexity -MMD -MP -MF"Core/Src/main.d" -MT"Core/Src/main.o" --specs=nano.specs -mfloat-abi=soft -mthumb -o "Core/Src/main.o"
arm-none-eabi-gcc -o "Analog Slave MCU.elf" @"objects.list"   -mcpu=cortex-m3 -T"D:\Racing team\ASURT Task 3\Star 3\Task3_Star3\Star 3 CubeIDE\Analog Slave MCU\STM32F103C6TX_FLASH.ld" --specs=nosys.specs -Wl,-Map="Analog Slave MCU.map" -Wl,--gc-sections -static --specs=nano.specs -mfloat-abi=soft -mthumb -Wl,--start-group -lc -lm -Wl,--end-group
Finished building target: Analog Slave MCU.elf
 
arm-none-eabi-size  Analog\ Slave\ MCU.elf 
arm-none-eabi-objdump -h -S Analog\ Slave\ MCU.elf  > "Analog Slave MCU.list"
arm-none-eabi-objcopy  -O ihex Analog\ Slave\ MCU.elf  "Analog Slave MCU.hex"
   text	   data	    bss	    dec	    hex	filename
   9820	     12	   1756	  11588	   2d44	Analog Slave MCU.elf
Finished building: default.size.stdout
 
Finished building: Analog Slave MCU.list
Finished building: Analog Slave MCU.hex
 
 
15:13:00 **** Incremental Build of configuration Debug for project Case ID Slave MCU ****
make -j8 all 
arm-none-eabi-gcc "../Core/Src/main.c" -mcpu=cortex-m3 -std=gnu11 -g3 -DDEBUG -DUSE_HAL_DRIVER -DSTM32F103x6 -c -I../Core/Inc -I../Drivers/STM32F1xx_HAL_Driver/Inc -I../Drivers/STM32F1xx_HAL_Driver/Inc/Legacy -I../Drivers/CMSIS/Device/ST/STM32F1xx/Include -I../Drivers/CMSIS/Include -O0 -ffunction-sections -fdata-sections -Wall -fstack-usage -fcyclomatic-complexity -MMD -MP -MF"Core/Src/main.d" -MT"Core/Src/main.o" --specs=nano.specs -mfloat-abi=soft -mthumb -o "Core/Src/main.o"
arm-none-eabi-gcc -o "Case ID Slave MCU.elf" @"objects.list"   -mcpu=cortex-m3 -T"D:\Racing team\ASURT Task 3\Star 3\Task3_Star3\Star 3 CubeIDE\Case ID Slave MCU\STM32F103C6TX_FLASH.ld" --specs=nosys.specs -Wl,-Map="Case ID Slave MCU.map" -Wl,--gc-sections -static --specs=nano.specs -mfloat-abi=soft -mthumb -Wl,--start-group -lc -lm -Wl,--end-group
Finished building target: Case ID Slave MCU.elf
 
arm-none-eabi-size  Case\ ID\ Slave\ MCU.elf 
arm-none-eabi-objdump -h -S Case\ ID\ Slave\ MCU.elf  > "Case ID Slave MCU.list"
   text	   data	    bss	    dec	    hex	filename
   9260	     12	   1676	  10948	   2ac4	Case ID Slave MCU.elf
arm-none-eabi-objcopy  -O ihex Case\ ID\ Slave\ MCU.elf  "Case ID Slave MCU.hex"
Finished building: default.size.stdout
 
Finished building: Case ID Slave MCU.list
Finished building: Case ID Slave MCU.hex
 
 
15:13:03 **** Incremental Build of configuration Debug for project Master MCU ****
make -j8 all 
arm-none-eabi-gcc "../Core/Src/main.c" -mcpu=cortex-m3 -std=gnu11 -g3 -DDEBUG -DUSE_HAL_DRIVER -DSTM32F103x6 -c -I../Core/Inc -I../Drivers/STM32F1xx_HAL_Driver/Inc -I../Drivers/STM32F1xx_HAL_Driver/Inc/Legacy -I../Drivers/CMSIS/Device/ST/STM32F1xx/Include -I../Drivers/CMSIS/Include -O0 -ffunction-sections -fdata-sections -Wall -fstack-usage -fcyclomatic-complexity -MMD -MP -MF"Core/Src/main.d" -MT"Core/Src/main.o" --specs=nano.specs -mfloat-abi=soft -mthumb -o "Core/Src/main.o"
arm-none-eabi-gcc -o "Master MCU.elf" @"objects.list"   -mcpu=cortex-m3 -T"D:\Racing team\ASURT Task 3\Star 3\Task3_Star3\Star 3 CubeIDE\Master MCU\STM32F103C6TX_FLASH.ld" --specs=nosys.specs -Wl,-Map="Master MCU.map" -Wl,--gc-sections -static -u _printf_float --specs=nano.specs -mfloat-abi=soft -mthumb -Wl,--start-group -lc -lm -Wl,--end-group
Finished building target: Master MCU.elf
 
arm-none-eabi-size  Master\ MCU.elf 
arm-none-eabi-objdump -h -S Master\ MCU.elf  > "Master MCU.list"
arm-none-eabi-objcopy  -O ihex Master\ MCU.elf  "Master MCU.hex"
   text	   data	    bss	    dec	    hex	filename
  25012	    468	   2420	  27900	   6cfc	Master MCU.elf
Finished building: default.size.stdout
 
Finished building: Master MCU.hex
Finished building: Master MCU.list
 
 
15:16:26 **** Incremental Build of configuration Debug for project Analog Slave MCU ****
make -j8 all 
arm-none-eabi-size  Analog\ Slave\ MCU.elf 
   text	   data	    bss	    dec	    hex	filename
   9820	     12	   1756	  11588	   2d44	Analog Slave MCU.elf
Finished building: default.size.stdout
 
15:16:27 **** Incremental Build of configuration Debug for project Case ID Slave MCU ****
make -j8 all 
arm-none-eabi-size  Case\ ID\ Slave\ MCU.elf 
   text	   data	    bss	    dec	    hex	filename
   9260	     12	   1676	  10948	   2ac4	Case ID Slave MCU.elf
Finished building: default.size.stdout
 
15:16:28 **** Incremental Build of configuration Debug for project Master MCU ****
make -j8 all 
arm-none-eabi-gcc "../Core/Src/main.c" -mcpu=cortex-m3 -std=gnu11 -g3 -DDEBUG -DUSE_HAL_DRIVER -DSTM32F103x6 -c -I../Core/Inc -I../Drivers/STM32F1xx_HAL_Driver/Inc -I../Drivers/STM32F1xx_HAL_Driver/Inc/Legacy -I../Drivers/CMSIS/Device/ST/STM32F1xx/Include -I../Drivers/CMSIS/Include -O0 -ffunction-sections -fdata-sections -Wall -fstack-usage -fcyclomatic-complexity -MMD -MP -MF"Core/Src/main.d" -MT"Core/Src/main.o" --specs=nano.specs -mfloat-abi=soft -mthumb -o "Core/Src/main.o"
arm-none-eabi-gcc -o "Master MCU.elf" @"objects.list"   -mcpu=cortex-m3 -T"D:\Racing team\ASURT Task 3\Star 3\Task3_Star3\Star 3 CubeIDE\Master MCU\STM32F103C6TX_FLASH.ld" --specs=nosys.specs -Wl,-Map="Master MCU.map" -Wl,--gc-sections -static -u _printf_float --specs=nano.specs -mfloat-abi=soft -mthumb -Wl,--start-group -lc -lm -Wl,--end-group
Finished building target: Master MCU.elf
 
arm-none-eabi-size  Master\ MCU.elf 
arm-none-eabi-objdump -h -S Master\ MCU.elf  > "Master MCU.list"
arm-none-eabi-objcopy  -O ihex Master\ MCU.elf  "Master MCU.hex"
   text	   data	    bss	    dec	    hex	filename
  25012	    468	   2420	  27900	   6cfc	Master MCU.elf
Finished building: default.size.stdout
 
Finished building: Master MCU.hex
Finished building: Master MCU.list
 
 
